Component: ARM Compiler 5.06 update 7 (build 960) Tool: armlink [4d3601]

==============================================================================

Section Cross References

    system_mm32f032xx_s.o(i.AutoCalPllFactor) refers to uidiv.o(.text) for __aeabi_uidivmod
    system_mm32f032xx_s.o(i.SystemInit) refers to system_mm32f032xx_s.o(i.SetSysClockTo48) for SetSysClockTo48
    startup_mm32f032xx_s_keil.o(RESET) refers to startup_mm32f032xx_s_keil.o(STACK) for __initial_sp
    startup_mm32f032xx_s_keil.o(RESET) refers to startup_mm32f032xx_s_keil.o(.text) for Reset_Handler
    startup_mm32f032xx_s_keil.o(RESET) refers to systick.o(i.SysTick_Handler) for SysTick_Handler
    startup_mm32f032xx_s_keil.o(RESET) refers to porting_misc.o(i.EXTI4_15_IRQHandler) for EXTI4_15_IRQHandler
    startup_mm32f032xx_s_keil.o(RESET) refers to spi.o(i.DMA1_Channel2_3_IRQHandler) for DMA1_Channel2_3_IRQHandler
    startup_mm32f032xx_s_keil.o(RESET) refers to spi.o(i.DMA1_Channel4_5_IRQHandler) for DMA1_Channel4_5_IRQHandler
    startup_mm32f032xx_s_keil.o(RESET) refers to uart.o(i.UART1_IRQHandler) for UART1_IRQHandler
    startup_mm32f032xx_s_keil.o(.text) refers to startup_mm32f032xx_s_keil.o(STACK) for __initial_sp
    startup_mm32f032xx_s_keil.o(.text) refers to system_mm32f032xx_s.o(i.SystemInit) for SystemInit
    startup_mm32f032xx_s_keil.o(.text) refers to entry.o(.ARM.Collect$$$$00000000) for __main
    main.o(i.RF_Open) refers to systick.o(i.SysTick_DelayMs) for SysTick_DelayMs
    main.o(i.RF_Open) refers to porting_misc.o(i.MCU_GpioResetInit) for MCU_GpioResetInit
    main.o(i.RF_Open) refers to porting_misc.o(i.MCU_GpioReset) for MCU_GpioReset
    main.o(i.RF_Open) refers to porting_misc.o(i.RF_SpiIoMapping) for RF_SpiIoMapping
    main.o(i.RF_Open) refers to rf_phy.o(i.RF_Init) for RF_Init
    main.o(i.main) refers to systick.o(i.SysTick_Init) for SysTick_Init
    main.o(i.main) refers to uart.o(i.UARTx_Configure) for UARTx_Configure
    main.o(i.main) refers to main.o(i.RF_Open) for RF_Open
    main.o(i.main) refers to printf8.o(i.__0printf$8) for __2printf
    main.o(i.main) refers to rf_phy.o(i.ChipId_Get) for ChipId_Get
    main.o(i.main) refers to ble_cmd.o(i.setBLE_BleDeviceAddr) for setBLE_BleDeviceAddr
    main.o(i.main) refers to user.o(i.BleApp_Init) for BleApp_Init
    main.o(i.main) refers to kernel.o(i.Ble_Kernel_Root) for Ble_Kernel_Root
    main.o(i.main) refers to user.o(i.BleApp_Main) for BleApp_Main
    main.o(i.main) refers to porting_misc.o(i.System_PowerDown) for System_PowerDown
    user.o(i.BleApp_Init) refers to ble_event.o(i.setBLE_RegisterBleEvent) for setBLE_RegisterBleEvent
    user.o(i.BleApp_Init) refers to user.o(i.BleEvent_Callback) for BleEvent_Callback
    user.o(i.BleApp_Main) refers to user.o(i.Ble_StartScan) for Ble_StartScan
    user.o(i.BleApp_Main) refers to user.o(.data) for .data
    user.o(i.BleEvent_Callback) refers to kernel.o(i.__ARM_common_switch8) for __ARM_common_switch8
    user.o(i.BleEvent_Callback) refers to printf8.o(i.__0printf$8) for __2printf
    user.o(i.Ble_StartScan) refers to ble_cmd.o(i.setBLE_ScanParam) for setBLE_ScanParam
    user.o(i.Ble_StartScan) refers to ble_cmd.o(i.setBLE_ScanEnable) for setBLE_ScanEnable
    spi.o(i.DMA1_Channel2_3_IRQHandler) refers to hal_dma.o(i.DMA_GetITStatus) for DMA_GetITStatus
    spi.o(i.DMA1_Channel2_3_IRQHandler) refers to hal_dma.o(i.DMA_ClearITPendingBit) for DMA_ClearITPendingBit
    spi.o(i.DMA1_Channel2_3_IRQHandler) refers to spi.o(.data) for .data
    spi.o(i.DMA1_Channel4_5_IRQHandler) refers to hal_dma.o(i.DMA_GetITStatus) for DMA_GetITStatus
    spi.o(i.DMA1_Channel4_5_IRQHandler) refers to hal_dma.o(i.DMA_ClearITPendingBit) for DMA_ClearITPendingBit
    spi.o(i.DMA1_Channel4_5_IRQHandler) refers to spi.o(.data) for .data
    spi.o(i.DRV_DMA_TransmitPacket) refers to hal_dma.o(i.DMA_Cmd) for DMA_Cmd
    spi.o(i.SPIx_Configure) refers to hal_rcc.o(i.RCC_APB2PeriphClockCmd) for RCC_APB2PeriphClockCmd
    spi.o(i.SPIx_Configure) refers to hal_spi.o(i.SPI_StructInit) for SPI_StructInit
    spi.o(i.SPIx_Configure) refers to hal_spi.o(i.SPI_Init) for SPI_Init
    spi.o(i.SPIx_Configure) refers to hal_spi.o(i.SPI_Cmd) for SPI_Cmd
    spi.o(i.SPIx_Configure) refers to hal_rcc.o(i.RCC_AHBPeriphClockCmd) for RCC_AHBPeriphClockCmd
    spi.o(i.SPIx_Configure) refers to hal_gpio.o(i.GPIO_PinAFConfig) for GPIO_PinAFConfig
    spi.o(i.SPIx_Configure) refers to hal_gpio.o(i.GPIO_StructInit) for GPIO_StructInit
    spi.o(i.SPIx_Configure) refers to hal_gpio.o(i.GPIO_Init) for GPIO_Init
    spi.o(i.SPIx_Configure) refers to hal_rcc.o(i.RCC_APB1PeriphClockCmd) for RCC_APB1PeriphClockCmd
    spi.o(i.SPIx_DMA_Configure) refers to hal_rcc.o(i.RCC_AHBPeriphClockCmd) for RCC_AHBPeriphClockCmd
    spi.o(i.SPIx_DMA_Configure) refers to hal_dma.o(i.DMA_Cmd) for DMA_Cmd
    spi.o(i.SPIx_DMA_Configure) refers to hal_dma.o(i.DMA_DeInit) for DMA_DeInit
[...]
    ATT_PERMISSION_HDL_GAP_DEVICE_NAME_INIT  0x08009476   Data           2  profile_tab.o(.constdata)
    ATT_PERMISSION_HDL_GAP_APPEARANCE        0x08009478   Data           2  profile_tab.o(.constdata)
    ATT_PERMISSION_HDL_GAP_RECONNECTION_ADDRESS_INIT 0x0800947a   Data           2  profile_tab.o(.constdata)
    ATT_PERMISSION_HDL_GAP_PERIPHERAL_PRIVACY_FLAG 0x0800947c   Data           2  profile_tab.o(.constdata)
    ATT_PERMISSION_HDL_GAP_PERIPHERAL_PREFERRED_CONNECTION_PARAMETERS 0x0800947e   Data           2  profile_tab.o(.constdata)
    ATT_PERMISSION_HDL_GATT_SERVICE_CHANGED_INIT 0x08009480   Data           2  profile_tab.o(.constdata)
    ATT_PERMISSION_HDL_GATT_CLIENT_CHARACTERISTIC_CONFIGURATION_INIT 0x08009482   Data           2  profile_tab.o(.constdata)
    ATT_PERMISSION_HDL_DIS_SERIAL_NUMBER_STRING 0x08009484   Data           2  profile_tab.o(.constdata)
    ATT_PERMISSION_HDL_DIS_MANUFACTURER_NAME_STRING 0x08009486   Data           2  profile_tab.o(.constdata)
    ATT_PERMISSION_HDL_DIS_SYSTEM_ID         0x08009488   Data           2  profile_tab.o(.constdata)
    ATT_PERMISSION_HDL_DIS_FIRMWARE_REVISION_STRING 0x0800948a   Data           2  profile_tab.o(.constdata)
    ATT_PERMISSION_HDL_DIS_MODEL_NUMBER_STRING 0x0800948c   Data           2  profile_tab.o(.constdata)
    ATT_PERMISSION_HDL_DIS_HARDWARE_REVISION_STRING 0x0800948e   Data           2  profile_tab.o(.constdata)
    ATT_PERMISSION_HDL_DIS_SOFTWARE_REVISION_STRING 0x08009490   Data           2  profile_tab.o(.constdata)
    ATT_PERMISSION_HDL_DIS_PNP_ID            0x08009492   Data           2  profile_tab.o(.constdata)
    ATT_Write                                0x08009494   Data         156  profile_tab.o(.constdata)
    ATT_Read                                 0x08009530   Data         156  profile_tab.o(.constdata)
    LL_DEFAULT_PHY                           0x080095cc   Data           4  ll.o(.constdata)
    CH_ADV_SEL_TABLE                         0x080095d0   Data           4  ll.o(.constdata)
    LL_ACK_FLOW_RE_TO                        0x080095d4   Data           4  ll.o(.constdata)
    LL_CHMAP_DEFAUT                          0x080095d8   Data           5  ll.o(.constdata)
    LL_VERSION                               0x080095dd   Data           5  ll.o(.constdata)
    TABLE_CONV_ADV_TYPE_HCI_LL               0x080095e2   Data           5  ll.o(.constdata)
    LL_DUR_RSV                               0x080095e7   Data           7  ll.o(.constdata)
    LE_LOCAL_VER_INFO                        0x080095ee   Data           8  ll.o(.constdata)
    LL_FEATURE                               0x080095f6   Data           8  ll.o(.constdata)
    LL_LENGTH_DEFAULT                        0x080095fe   Data           8  ll.o(.constdata)
    LL_RF_PARA_TX_WIN_SIZE_MAP               0x08009606   Data          14  ll.o(.constdata)
    LL_RF_PARA_WIN_WIDTH_CNVT                0x08009614   Data          32  ll.o(.constdata)
    LL_RF_DATA_CH                            0x08009634   Data          74  ll.o(.constdata)
    CH_ADV_CH_HOP_BY_MAP_TABLE               0x0800967e   Data          32  ll.o(.constdata)
    RAND_INI32                               0x0800969e   Data          32  ll.o(.constdata)
    LL_ACK_FLOW                              0x080096be   Data          16  ll.o(.constdata)
    LL_PR_CONN_ID_PAIR                       0x080096ce   Data          26  ll.o(.constdata)
    LL_RX_CONN_ID_INIT                       0x080096e8   Data          26  ll.o(.constdata)
    LL_TX_CONN_ID_INIT                       0x08009702   Data          26  ll.o(.constdata)
    LL_RX_CONN_ID_SLAVE_SIDE_ONLY            0x0800971c   Data          26  ll.o(.constdata)
    LL_RX_CONN_ID_OP_LENGTH                  0x08009736   Data          26  ll.o(.constdata)
    TAB_ZERO_128                             0x08009750   Data         136  ll.o(.constdata)
    LL_LEN_OFFSET_1M                         0x080097d8   Data          17  ll.o(.constdata)
    LL_LEN_OFFSET_2M                         0x080097e9   Data           9  ll.o(.constdata)
    LL_fsm                                   0x080097f4   Data         260  ll.o(.constdata)
    EC_fsm                                   0x080098f8   Data          40  ll.o(.constdata)
    Phy_pll_bank_freqIdx                     0x08009920   Data           5  rf_phy.o(.constdata)
    RFIP_init_reg                            0x08009925   Data         128  rf_phy.o(.constdata)
    RFIP_REG_IDX                             0x080099a5   Data          13  rf_phy.o(.constdata)
    CH_SEL_TABLE_INV                         0x080099b2   Data          40  rf_phy.o(.constdata)
    R568_lna_agc                             0x080099da   Data          32  rf_phy.o(.constdata)
    R568_tia_agc                             0x080099fa   Data          32  rf_phy.o(.constdata)
    R568_vga_agc                             0x08009a1a   Data          32  rf_phy.o(.constdata)
    LE_EVENT_MASK_INI                        0x08009a3c   Data           3  hci.o(.constdata)
    EVENT_MASK_INI                           0x08009a3f   Data           5  hci.o(.constdata)
    HCI_fsm                                  0x08009a44   Data         100  hci.o(.constdata)
    TAB_SUPPORTED_COMMANDS_MASK              0x08009aa8   Data          64  hci.o(.constdata)
    TAB_LMP_FEATURES_MASK                    0x08009ae8   Data           8  hci.o(.constdata)
    HS_fsm                                   0x08009af0   Data          12  host.o(.constdata)
    L2CAP_fsm                                0x08009afc   Data           4  l2cap.o(.constdata)
    Prcss_BLE_CODE_SMP                       0x08009b00   Data          48  mmi.o(.constdata)
    Prcss_BLE_OPCODE_ATT                     0x08009b30   Data         124  mmi.o(.constdata)
    Prcss_L2CAP_CID                          0x08009bac   Data          28  mmi.o(.constdata)
    UUID_BLUETOOTH_BASE                      0x08009bc8   Data          16  rffunction.o(.constdata)
    Region$$Table$$Base                      0x08009bd8   Number         0  anon$$obj.o(Region$$Table)
    Region$$Table$$Limit                     0x08009bf8   Number         0  anon$$obj.o(Region$$Table)
    ble_state                                0x20000000   Data           1  user.o(.data)
    SPI_DMATxFlag                            0x20000001   Data           1  spi.o(.data)
    SPI_DMARxFlag                            0x20000002   Data           1  spi.o(.data)
    SysTick_DelayTicks                       0x20000004   Data           4  systick.o(.data)
    transport_flag                           0x20000008   Data           1  uart.o(.data)
    DMA_data                                 0x2000000a   Data           2  uart.o(.data)
    tbPresc                                  0x2000000c   Data          16  hal_rcc.o(.data)
    att_HDL_GAP_DEVICE_NAME                  0x2000001c   Data           8  profile_tab.o(.data)
    att_HDL_GAP_RECONNECTION_ADDRESS         0x20000024   Data           6  profile_tab.o(.data)
    att_HDL_GATT_SERVICE_CHANGED             0x2000002a   Data           4  profile_tab.o(.data)
    att_HDL_GATT_CLIENT_CHARACTERISTIC_CONFIGURATION 0x2000002e   Data           2  profile_tab.o(.data)
    ATTRIBUTE_SERVER_PARAM                   0x20000030   Data         156  profile_tab.o(.data)
    ATTRIBUTE_SERVER                         0x200000cc   Data         156  profile_tab.o(.data)
    ATTRIBUTE_SERVER_PERMISSION              0x20000168   Data         156  profile_tab.o(.data)
    size_ATTRIBUTE_SERVER                    0x20000204   Data           1  profile_tab.o(.data)
    bleEventCallBack                         0x20000208   Data           4  ble_event.o(.data)
    MBlk_depth_Remaining                     0x2000020c   Data           1  kernel.o(.data)
    MBlk_depth_Rsv                           0x2000020d   Data           1  kernel.o(.data)
    MBlk_Free                                0x20000210   Data           4  kernel.o(.data)
    RX_CRC_valid_flag                        0x20000218   Data           1  ll.o(.data)
    FT_WakeupFlag                            0x20000219   Data           1  ll.o(.data)
    LL_ConnDataTmpGate                       0x2000021a   Data           1  ll.o(.data)
    LL_ConnID_Remaining                      0x2000021b   Data           1  ll.o(.data)
    TBlk_Free_LL                             0x2000021c   Data           1  ll.o(.data)
    TBlk_InUse_LL                            0x2000021d   Data           1  ll.o(.data)
    LL_SMP_DataCh                            0x2000021e   Data           1  ll.o(.data)
    status_LL_Tmr                            0x2000021f   Data           1  ll.o(.data)
    anchor_LL_Tmr                            0x20000220   Data           1  ll.o(.data)
    LL_Msg_AdvScnConn                        0x20000221   Data           1  ll.o(.data)
    LL_Msg_AdvScnConnUpd                     0x20000222   Data           1  ll.o(.data)
    LL_Msg_AdvScnConnUpdSts                  0x20000223   Data           1  ll.o(.data)
    RF_Msg_RF0INT                            0x20000224   Data           1  ll.o(.data)
    LL_DurRxPktAccu                          0x20000226   Data           2  ll.o(.data)
    LL_ConnBuffPt                            0x20000228   Data           4  ll.o(.data)
    LL_Adv_Data_Buf                          0x2000022c   Data           4  ll.o(.data)
    LL_Ref_Default_PHY                       0x20000230   Data           4  ll.o(.data)
    tblk_LL_pi                               0x20000234   Data           4  ll.o(.data)
    tblk_LL_pi2                              0x20000238   Data           4  ll.o(.data)
    LL_conn_pi                               0x2000023c   Data           4  ll.o(.data)
    mblk_LL_conn_Para                        0x20000240   Data           4  ll.o(.data)
    LL_Slv_Win_Width                         0x20000244   Data           4  ll.o(.data)
    LL_Slv_Win_Width_Base                    0x20000248   Data           4  ll.o(.data)
    seedR16                                  0x2000024c   Data           4  ll.o(.data)
    LL_Ref_Acs_Addr_ADVSCN                   0x20000250   Data           4  ll.o(.data)
    LL_Ref_crc_ini_ADVSCN                    0x20000254   Data           4  ll.o(.data)
    Ch_ADV_Ch_Hop_Table                      0x20000258   Data           4  ll.o(.data)
    Ch_ADV_Ch_Hop_TableBuf                   0x2000025c   Data           4  ll.o(.data)
    LL_Ref_ChMap                             0x20000260   Data           5  ll.o(.data)
    BD_Rand_Addr                             0x20000265   Data           6  ll.o(.data)
    BD_Rand_AddrBuf                          0x2000026b   Data           6  ll.o(.data)
    LL_ConnDataQ                             0x20000274   Data           8  ll.o(.data)
    LL_ConnCtrlQ                             0x2000027c   Data           8  ll.o(.data)
    LL_ConnDataInQ                           0x20000284   Data           8  ll.o(.data)
    LL_ConnDataInTmp                         0x2000028c   Data           8  ll.o(.data)
    LL_ConnBuffPrcs                          0x20000294   Data           8  ll.o(.data)
    LL_ConnBuffPrcsR                         0x2000029c   Data           8  ll.o(.data)
    Tmr37                                    0x200002a8   Data           8  ll.o(.data)
    LL_Length_Prefer                         0x200002b0   Data           8  ll.o(.data)
    MsgQueueEC                               0x200002b8   Data           8  ll.o(.data)
    RfVolt_new                               0x200002c0   Data           1  rf_phy.o(.data)
    Content_ioInt                            0x200002c1   Data           1  rf_phy.o(.data)
    Content_ioInt_exceptTmr                  0x200002c2   Data           1  rf_phy.o(.data)
    rssiOffsetValue                          0x200002c3   Data           1  rf_phy.o(.data)
    g16MHzClkOut                             0x200002c4   Data           1  rf_phy.o(.data)
    rf_initial_flag                          0x200002c5   Data           1  rf_phy.o(.data)
    gSleep                                   0x200002c6   Data           1  rf_phy.o(.data)
    LL_Tmr_Ticks_RSV_Wakeup                  0x200002c7   Data           1  rf_phy.o(.data)
    rssi_read_data                           0x200002c9   Data           3  rf_phy.o(.data)
    Timeline24                               0x200002cc   Data           4  rf_phy.o(.data)
    Tmr16Interval                            0x200002d0   Data           4  rf_phy.o(.data)
    addr_TxFIFO                              0x200002d4   Data           4  rf_phy.o(.data)
    txpower_0dbm_reg                         0x200002d8   Data           4  rf_phy.o(.data)
    txpower_4dbm_reg                         0x200002dc   Data           4  rf_phy.o(.data)
    txpower_8dbm_reg                         0x200002e0   Data           4  rf_phy.o(.data)
    txpower_10dbm_reg                        0x200002e4   Data           4  rf_phy.o(.data)
    Phy_pll_bank                             0x200002e8   Data           5  rf_phy.o(.data)
    Event_Mask2                              0x200002f8   Data           1  hci.o(.data)
    LE_Event_Mask                            0x200002f9   Data           3  hci.o(.data)
    mhcCallBack                              0x200002fc   Data           4  hci.o(.data)
    Event_Mask                               0x20000300   Data           5  hci.o(.data)
    bleAddr_param                            0x20000305   Data           7  host.o(.data)
    ble_device_param                         0x2000030c   Data           8  host.o(.data)
    ATT_INDICATION_Packet_Sent               0x20000314   Data           1  mmi.o(.data)
    ATT_WRITE_REQUEST_Packet_Sent            0x20000315   Data           1  mmi.o(.data)
    r_AES_INI                                0x20000316   Data          16  rffunction.o(.data)
    RSP_PAIRING_REQUEST                      0x20000326   Data          11  rffunction.o(.data)
    LTK_FIXED                                0x20000331   Data          16  rffunction.o(.data)
    EDIV_FIXED                               0x20000341   Data           2  rffunction.o(.data)
    RAND_FIXED                               0x20000343   Data           8  rffunction.o(.data)
    IRK_FIXED                                0x2000034b   Data          16  rffunction.o(.data)
    CSRK_FIXED                               0x2000035b   Data          16  rffunction.o(.data)
    SEL_STK_GEN_MTHD                         0x2000036b   Data          25  rffunction.o(.data)
    aTT_MTU                                  0x20000384   Data           1  rffunction.o(.data)
    smp_Authorization                        0x20000385   Data           1  rffunction.o(.data)
    smp_Encryption                           0x20000386   Data           1  rffunction.o(.data)
    smp_Security_Mode                        0x20000387   Data           1  rffunction.o(.data)
    smp_PReq_IO_Capab                        0x20000388   Data           1  rffunction.o(.data)
    smp_PReq_OOB_data                        0x20000389   Data           1  rffunction.o(.data)
    smp_PReq_Init_Key_Distr                  0x2000038a   Data           1  rffunction.o(.data)
    smp_PReq_Resp_Key_Distr                  0x2000038b   Data           1  rffunction.o(.data)
    smp_Local_Addr                           0x2000038c   Data           8  rffunction.o(.data)
    smp_Phase                                0x20000394   Data           1  rffunction.o(.data)
    smp_TempDef                              0x20000395   Data           1  rffunction.o(.data)
    smp_Rand                                 0x20000396   Data           8  rffunction.o(.data)
    smp_EDIV                                 0x2000039e   Data           2  rffunction.o(.data)
    smp_Local_Addr_advTemp                   0x200003a0   Data           8  rffunction.o(.data)
    __stdout                                 0x200003a8   Data           4  stdout.o(.data)
    gSendBuff                                0x200003ac   Data         100  uart.o(.bss)
    MsgBlk                                   0x20000410   Data        2340  kernel.o(.bss)
    MsgQueue                                 0x20000d34   Data          40  kernel.o(.bss)
    LL_Adv_Para                              0x20000d5c   Data          92  ll.o(.bss)
    LL_Adv_Para_UpdBuf                       0x20000db8   Data          92  ll.o(.bss)
    LL_Scan_Para                             0x20000e14   Data          12  ll.o(.bss)
    LL_Scan_Para_UpdBuf                      0x20000e20   Data          12  ll.o(.bss)
    LL_Conn_Para                             0x20000e2c   Data         136  ll.o(.bss)
    LL_Init_Para                             0x20000eb4   Data          28  ll.o(.bss)
    LL_WhiteList_Para                        0x20000ed0   Data          28  ll.o(.bss)
    LL_Para_Interval                         0x20000eec   Data          36  ll.o(.bss)
    LL_Para_IntervalR                        0x20000f10   Data         259  ll.o(.bss)
    TmrBlk_LL                                0x20001014   Data          32  ll.o(.bss)
    ram_Tab                                  0x20001034   Data          48  ll.o(.bss)
    RFIP_reg_MEM                             0x20001064   Data          13  rf_phy.o(.bss)
    CH_PLL_bank_Table                        0x20001071   Data          40  rf_phy.o(.bss)
    L2CAP_Buf                                0x20001099   Data         253  l2cap.o(.bss)
    SPIBuffer                                0x20001198   Data         251  rffunction.o(.bss)
    q_att_HDL_PreWr                          0x20001293   Data          48  rffunction.o(.bss)
    CmdTimer                                 0x200012c4   Data          36  rffunction.o(.bss)
    k_AES_passkey                            0x200012e8   Data          16  rffunction.o(.bss)
    smp_Para_Bond                            0x200012f8   Data          37  rffunction.o(.bss)
    rsp_pairing_request_table                0x2000131d   Data          11  rffunction.o(.bss)
    smp_Temp16                               0x20001328   Data          16  rffunction.o(.bss)
    smp_IRKm                                 0x20001338   Data          16  rffunction.o(.bss)
    smp_CSRKm                                0x20001348   Data          16  rffunction.o(.bss)
    r_AES                                    0x20001358   Data          16  rffunction.o(.bss)
    LTK                                      0x20001368   Data          16  rffunction.o(.bss)
    LTK_SEED                                 0x20001378   Data          10  rffunction.o(.bss)
    SECBuffer                                0x20001382   Data          42  rffunction.o(.bss)
    __initial_sp                             0x200017b0   Data           0  startup_mm32f032xx_s_keil.o(STACK)



==============================================================================

Memory Map of the image

  Image Entry point : 0x080000c1

  Load Region LR_IROM1 (Base: 0x08000000, Size: 0x00009fa4, Max: 0x00010000, ABSOLUTE, COMPRESSED[0x00009dd4])

    Execution Region ER_IROM1 (Exec base: 0x08000000, Load base: 0x08000000, Size: 0x00009bf8, Max: 0x00010000, ABSOLUTE)

    Exec Addr    Load Addr    Size         Type   Attr      Idx    E Section Name        Object

    0x08000000   0x08000000   0x000000c0   Data   RO           68    RESET               startup_mm32f032xx_s_keil.o
    0x080000c0   0x080000c0   0x00000000   Code   RO         6431  * .ARM.Collect$$$$00000000  mc_p.l(entry.o)
    0x080000c0   0x080000c0   0x00000004   Code   RO         6707    .ARM.Collect$$$$00000001  mc_p.l(entry2.o)
    0x080000c4   0x080000c4   0x00000004   Code   RO         6710    .ARM.Collect$$$$00000004  mc_p.l(entry5.o)
    0x080000c8   0x080000c8   0x00000000   Code   RO         6712    .ARM.Collect$$$$00000008  mc_p.l(entry7b.o)
    0x080000c8   0x080000c8   0x00000000   Code   RO         6714    .ARM.Collect$$$$0000000A  mc_p.l(entry8b.o)
    0x080000c8   0x080000c8   0x00000008   Code   RO         6715    .ARM.Collect$$$$0000000B  mc_p.l(entry9a.o)
    0x080000d0   0x080000d0   0x00000004   Code   RO         6722    .ARM.Collect$$$$0000000E  mc_p.l(entry12b.o)
    0x080000d4   0x080000d4   0x00000000   Code   RO         6717    .ARM.Collect$$$$0000000F  mc_p.l(entry10a.o)
    0x080000d4   0x080000d4   0x00000000   Code   RO         6719    .ARM.Collect$$$$00000011  mc_p.l(entry11a.o)
    0x080000d4   0x080000d4   0x00000004   Code   RO         6708    .ARM.Collect$$$$00002712  mc_p.l(entry2.o)
    0x080000d8   0x080000d8   0x00000006   Code   RO          603    .emb_text           porting_lltimer.o
    0x080000de   0x080000de   0x00000002   PAD
    0x080000e0   0x080000e0   0x00000058   Code   RO           69    .text               startup_mm32f032xx_s_keil.o
    0x08000138   0x08000138   0x0000002c   Code   RO         6434    .text               mc_p.l(uidiv.o)
    0x08000164   0x08000164   0x00000028   Code   RO         6436    .text               mc_p.l(idiv.o)
    0x0800018c   0x0800018c   0x00000024   Code   RO         6440    .text               mc_p.l(memseta.o)
    0x080001b0   0x080001b0   0x00000060   Code   RO         6724    .text               mc_p.l(uldiv.o)
    0x08000210   0x08000210   0x00000024   Code   RO         6737    .text               mc_p.l(init.o)
    0x08000234   0x08000234   0x00000020   Code   RO         6739    .text               mc_p.l(llshl.o)
    0x08000254   0x08000254   0x00000022   Code   RO         6741    .text               mc_p.l(llushr.o)
    0x08000276   0x08000276   0x00000056   Code   RO         6756    .text               mc_p.l(__dczerorl2.o)
    0x080002cc   0x080002cc   0x00000002   Code   RO         3517    i.ATT_HDL_Rd_NULL   profile_tab.o
    0x080002ce   0x080002ce   0x00000002   Code   RO         3518    i.ATT_HDL_Wr_NULL   profile_tab.o
    0x080002d0   0x080002d0   0x0000005c   Code   RO          720    i.BSP_SPI_BLE_Init  porting_spi.o
    0x0800032c   0x0800032c   0x00000010   Code   RO          246    i.BleApp_Init       user.o
    0x0800033c   0x0800033c   0x00000018   Code   RO          247    i.BleApp_Main       user.o
    0x08000354   0x08000354   0x000000c8   Code   RO          248    i.BleEvent_Callback  user.o
    0x0800041c   0x0800041c   0x0000000c   Code   RO         5529    i.BleMHC_PostEvent  Rafael_BLE_MM32F032xx_s.lib(hci.o)
    0x08000428   0x08000428   0x0000000c   Code   RO         5113    i.BleTxFIFOAddr_Get  Rafael_BLE_MM32F032xx_s.lib(rf_phy.o)
    0x08000434   0x08000434   0x0000003c   Code   RO         4312    i.Ble_EC_Chk_Isr    Rafael_BLE_MM32F032xx_s.lib(ll.o)
    0x08000470   0x08000470   0x000000b4   Code   RO         3989    i.Ble_Kernel_Root   Rafael_BLE_MM32F032xx_s.lib(kernel.o)
    0x08000524   0x08000524   0x00000044   Code   RO         5114    i.Ble_SW_Init       Rafael_BLE_MM32F032xx_s.lib(rf_phy.o)
    0x08000568   0x08000568   0x00000024   Code   RO          249    i.Ble_StartScan     user.o
    0x0800058c   0x0800058c   0x00000034   Code   RO         3993    i.CheckMsgBlk_L2_wSizeUsed_Isr  Rafael_BLE_MM32F032xx_s.lib(kernel.o)
    0x080005c0   0x080005c0   0x00000020   Code   RO         3994    i.CheckMsgQueue     Rafael_BLE_MM32F032xx_s.lib(kernel.o)
    0x080005e0   0x080005e0   0x00000014   Code   RO         5839    i.CheckValid_L2CAP_Buf  Rafael_BLE_MM32F032xx_s.lib(l2cap.o)
    0x080005f4   0x080005f4   0x0000000c   Code   RO         5115    i.ChipId_Get        Rafael_BLE_MM32F032xx_s.lib(rf_phy.o)
    0x08000600   0x08000600   0x00000034   Code   RO          318    i.DMA1_Channel2_3_IRQHandler  spi.o
    0x08000634   0x08000634   0x00000038   Code   RO          319    i.DMA1_Channel4_5_IRQHandler  spi.o
    0x0800066c   0x0800066c   0x0000000c   Code   RO         2372    i.DMA_ClearFlag     hal_dma.o
    0x08000678   0x08000678   0x0000000c   Code   RO         2373    i.DMA_ClearITPendingBit  hal_dma.o
    0x08000684   0x08000684   0x0000000c   Code   RO         2374    i.DMA_Cmd           hal_dma.o
    0x08000690   0x08000690   0x00000060   Code   RO          462    i.DMA_Config        uart.o
    0x080006f0   0x080006f0   0x00000030   Code   RO         2375    i.DMA_DeInit        hal_dma.o
    0x08000720   0x08000720   0x0000000a   Code   RO          463    i.DMA_Enable        uart.o
    0x0800072a   0x0800072a   0x00000006   Code   RO         2376    i.DMA_GetCurrDataCounter  hal_dma.o
    0x08000730   0x08000730   0x00000014   Code   RO         2378    i.DMA_GetITStatus   hal_dma.o
    0x08000744   0x08000744   0x00000010   Code   RO         2379    i.DMA_ITConfig      hal_dma.o
    0x08000754   0x08000754   0x0000004c   Code   RO         2380    i.DMA_Init          hal_dma.o
    0x080007a0   0x080007a0   0x0000001c   Code   RO         2381    i.DMA_StructInit    hal_dma.o
    0x080007bc   0x080007bc   0x000000e8   Code   RO         4313    i.ECHC_LE_Ctrl_Pkt  Rafael_BLE_MM32F032xx_s.lib(ll.o)
    0x080008a4   0x080008a4   0x00000030   Code   RO          634    i.EXTI4_15_IRQHandler  porting_misc.o
    0x080008d4   0x080008d4   0x0000000c   Code   RO         2474    i.EXTI_ClearITPendingBit  hal_exti.o
    0x080008e0   0x080008e0   0x0000001c   Code   RO         2479    i.EXTI_GetITStatus  hal_exti.o
    0x080008fc   0x080008fc   0x00000058   Code   RO         2480    i.EXTI_Init         hal_exti.o
    0x08000954   0x08000954   0x00000028   Code   RO         2481    i.EXTI_LineConfig   hal_exti.o
    0x0800097c   0x0800097c   0x0000000c   Code   RO         4004    i.ErrorEntry        Rafael_BLE_MM32F032xx_s.lib(kernel.o)
    0x08000988   0x08000988   0x00000020   Code   RO         4005    i.FreeMsgBlk        Rafael_BLE_MM32F032xx_s.lib(kernel.o)
    0x080009a8   0x080009a8   0x0000001c   Code   RO         4006    i.FreeMsgBlk_Isr    Rafael_BLE_MM32F032xx_s.lib(kernel.o)
    0x080009c4   0x080009c4   0x00000030   Code   RO         4007    i.FreeMsgBlks       Rafael_BLE_MM32F032xx_s.lib(kernel.o)
    0x080009f4   0x080009f4   0x00000024   Code   RO         4008    i.FreeMsgBlks_Isr   Rafael_BLE_MM32F032xx_s.lib(kernel.o)
    0x08000a18   0x08000a18   0x00000086   Code   RO         1234    i.GPIO_Init         hal_gpio.o
    0x08000a9e   0x08000a9e   0x00000020   Code   RO         1235    i.GPIO_PinAFConfig  hal_gpio.o
    0x08000abe   0x08000abe   0x0000000a   Code   RO         1239    i.GPIO_ReadInputDataBit  hal_gpio.o
    0x08000ac8   0x08000ac8   0x00000004   Code   RO         1242    i.GPIO_ResetBits    hal_gpio.o
    0x08000acc   0x08000acc   0x00000004   Code   RO         1243    i.GPIO_SetBits      hal_gpio.o
    0x08000ad0   0x08000ad0   0x00000010   Code   RO         1244    i.GPIO_StructInit   hal_gpio.o
    0x08000ae0   0x08000ae0   0x00000028   Code   RO         4009    i.GetMsgBlk         Rafael_BLE_MM32F032xx_s.lib(kernel.o)
    0x08000b08   0x08000b08   0x00000020   Code   RO         4010    i.GetMsgBlk_Isr     Rafael_BLE_MM32F032xx_s.lib(kernel.o)
    0x08000b28   0x08000b28   0x00000054   Code   RO         4011    i.GetMsgBlk_L1_wSize_Isr  Rafael_BLE_MM32F032xx_s.lib(kernel.o)
    0x08000b7c   0x08000b7c   0x00000054   Code   RO         4012    i.GetMsgBlk_L2_wSize  Rafael_BLE_MM32F032xx_s.lib(kernel.o)
    0x08000bd0   0x08000bd0   0x00000024   Code   RO         5530    i.HCI_Root          Rafael_BLE_MM32F032xx_s.lib(hci.o)
    0x08000bf4   0x08000bf4   0x00000038   Code   RO         4315    i.HCLL_Disconnect   Rafael_BLE_MM32F032xx_s.lib(ll.o)
    0x08000c2c   0x08000c2c   0x00000002   Code   RO         4316    i.HCLL_Host_Buffer_Size  Rafael_BLE_MM32F032xx_s.lib(ll.o)
    0x08000c2e   0x08000c2e   0x00000002   Code   RO         4317    i.HCLL_Host_Num_of_Completed_Packets  Rafael_BLE_MM32F032xx_s.lib(ll.o)
    0x08000c30   0x08000c30   0x00000002   Code   RO         4318    i.HCLL_LE_ACL_Data_Pkt  Rafael_BLE_MM32F032xx_s.lib(ll.o)
    0x08000c32   0x08000c32   0x00000004   Code   RO         4319    i.HCLL_LE_ACL_Data_Pkt_Extend  Rafael_BLE_MM32F032xx_s.lib(ll.o)
    0x08000c36   0x08000c36   0x00000002   PAD
    0x08000c38   0x08000c38   0x0000008c   Code   RO         4320    i.HCLL_LE_Add_Device_to_White_List  Rafael_BLE_MM32F032xx_s.lib(ll.o)
    0x08000cc4   0x08000cc4   0x00000048   Code   RO         4321    i.HCLL_LE_Clear_White_List  Rafael_BLE_MM32F032xx_s.lib(ll.o)
    0x08000d0c   0x08000d0c   0x000000d4   Code   RO         4322    i.HCLL_LE_Conn_update  Rafael_BLE_MM32F032xx_s.lib(ll.o)
    0x08000de0   0x08000de0   0x00000002   Code   RO         4323    i.HCLL_LE_Create_Conn  Rafael_BLE_MM32F032xx_s.lib(ll.o)
    0x08000de2   0x08000de2   0x00000002   Code   RO         4324    i.HCLL_LE_Create_conn_cancel  Rafael_BLE_MM32F032xx_s.lib(ll.o)
    0x08000de4   0x08000de4   0x000000b4   Code   RO         4325    i.HCLL_LE_Ctrl_Pkt  Rafael_BLE_MM32F032xx_s.lib(ll.o)
    0x08000e98   0x08000e98   0x00000024   Code   RO         4326    i.HCLL_LE_Encrypt   Rafael_BLE_MM32F032xx_s.lib(ll.o)
    0x08000ebc   0x08000ebc   0x0000005c   Code   RO         4327    i.HCLL_LE_Long_term_key_req_neg_reply  Rafael_BLE_MM32F032xx_s.lib(ll.o)
    0x08000f18   0x08000f18   0x00000024   Code   RO         4328    i.HCLL_LE_Long_term_key_req_reply  Rafael_BLE_MM32F032xx_s.lib(ll.o)
    0x08000f3c   0x08000f3c   0x00000024   Code   RO         4329    i.HCLL_LE_Rand      Rafael_BLE_MM32F032xx_s.lib(ll.o)
    0x08000f60   0x08000f60   0x00000004   Code   RO         4330    i.HCLL_LE_Read_Adv_Ch_Tx_Pwr  Rafael_BLE_MM32F032xx_s.lib(ll.o)
    0x08000f64   0x08000f64   0x00000024   Code   RO         4331    i.HCLL_LE_Read_Buffer_Size  Rafael_BLE_MM32F032xx_s.lib(ll.o)
    0x08000f88   0x08000f88   0x00000048   Code   RO         4332    i.HCLL_LE_Read_Local_Supported_Feat  Rafael_BLE_MM32F032xx_s.lib(ll.o)
    0x08000fd0   0x08000fd0   0x00000044   Code   RO         4333    i.HCLL_LE_Read_Phy  Rafael_BLE_MM32F032xx_s.lib(ll.o)
    0x08001014   0x08001014   0x00000044   Code   RO         4334    i.HCLL_LE_Read_Remote_Used_Feat  Rafael_BLE_MM32F032xx_s.lib(ll.o)
    0x08001058   0x08001058   0x0000001c   Code   RO         4335    i.HCLL_LE_Read_White_List_Size  Rafael_BLE_MM32F032xx_s.lib(ll.o)
    0x08001074   0x08001074   0x0000003c   Code   RO         4336    i.HCLL_LE_Read_ch_map  Rafael_BLE_MM32F032xx_s.lib(ll.o)
    0x080010b0   0x080010b0   0x00000002   Code   RO         4337    i.HCLL_LE_Read_supported_states  Rafael_BLE_MM32F032xx_s.lib(ll.o)
    0x080010b2   0x080010b2   0x00000002   Code   RO         4338    i.HCLL_LE_Receiver_test  Rafael_BLE_MM32F032xx_s.lib(ll.o)
    0x080010b4   0x080010b4   0x00000004   Code   RO         4339    i.HCLL_LE_Remote_conn_param_req_neg_reply  Rafael_BLE_MM32F032xx_s.lib(ll.o)
    0x080010b8   0x080010b8   0x00000004   Code   RO         4340    i.HCLL_LE_Remote_conn_param_req_reply  Rafael_BLE_MM32F032xx_s.lib(ll.o)
    0x080010bc   0x080010bc   0x00000070   Code   RO         4341    i.HCLL_LE_Rmv_Device_from_White_List  Rafael_BLE_MM32F032xx_s.lib(ll.o)
    0x0800112c   0x0800112c   0x0000005c   Code   RO         4342    i.HCLL_LE_Set_Adv_Data  Rafael_BLE_MM32F032xx_s.lib(ll.o)
    0x08001188   0x08001188   0x0000009c   Code   RO         4343    i.HCLL_LE_Set_Adv_Param  Rafael_BLE_MM32F032xx_s.lib(ll.o)
    0x08001224   0x08001224   0x0000012c   Code   RO         4344    i.HCLL_LE_Set_Advertise_Enable  Rafael_BLE_MM32F032xx_s.lib(ll.o)
    0x08001350   0x08001350   0x0000007c   Code   RO         4345    i.HCLL_LE_Set_Data_Length  Rafael_BLE_MM32F032xx_s.lib(ll.o)
    0x080013cc   0x080013cc   0x00000060   Code   RO         4346    i.HCLL_LE_Set_Default_Phy  Rafael_BLE_MM32F032xx_s.lib(ll.o)
    0x0800142c   0x0800142c   0x0000002c   Code   RO         4347    i.HCLL_LE_Set_Event_Mask  Rafael_BLE_MM32F032xx_s.lib(ll.o)
    0x08001458   0x08001458   0x00000002   Code   RO         4348    i.HCLL_LE_Set_Host_Ch_Classification  Rafael_BLE_MM32F032xx_s.lib(ll.o)
    0x0800145a   0x0800145a   0x00000002   PAD
    0x0800145c   0x0800145c   0x00000098   Code   RO         4349    i.HCLL_LE_Set_Phy   Rafael_BLE_MM32F032xx_s.lib(ll.o)
    0x080014f4   0x080014f4   0x00000054   Code   RO         4350    i.HCLL_LE_Set_Random_Address  Rafael_BLE_MM32F032xx_s.lib(ll.o)
    0x08001548   0x08001548   0x0000005c   Code   RO         4351    i.HCLL_LE_Set_Scan_Response_Data  Rafael_BLE_MM32F032xx_s.lib(ll.o)
    0x080015a4   0x080015a4   0x0000004c   Code   RO         4352    i.HCLL_LE_Set_scan_enable  Rafael_BLE_MM32F032xx_s.lib(ll.o)
    0x080015f0   0x080015f0   0x00000090   Code   RO         4353    i.HCLL_LE_Set_scan_param  Rafael_BLE_MM32F032xx_s.lib(ll.o)
    0x08001680   0x08001680   0x00000024   Code   RO         4354    i.HCLL_LE_Start_encryption  Rafael_BLE_MM32F032xx_s.lib(ll.o)
    0x080016a4   0x080016a4   0x00000002   Code   RO         4355    i.HCLL_LE_Test_end  Rafael_BLE_MM32F032xx_s.lib(ll.o)
    0x080016a6   0x080016a6   0x00000002   Code   RO         4356    i.HCLL_LE_Transmitter_test  Rafael_BLE_MM32F032xx_s.lib(ll.o)
    0x080016a8   0x080016a8   0x0000002c   Code   RO         4357    i.HCLL_Read_BD_Addr  Rafael_BLE_MM32F032xx_s.lib(ll.o)
    0x080016d4   0x080016d4   0x00000002   Code   RO         4358    i.HCLL_Read_Le_Host_Support  Rafael_BLE_MM32F032xx_s.lib(ll.o)
    0x080016d6   0x080016d6   0x00000002   PAD
    0x080016d8   0x080016d8   0x00000050   Code   RO         4359    i.HCLL_Read_Local_Supported_Cmd  Rafael_BLE_MM32F032xx_s.lib(ll.o)
    0x08001728   0x08001728   0x0000002c   Code   RO         4360    i.HCLL_Read_Local_Supported_Feat  Rafael_BLE_MM32F032xx_s.lib(ll.o)
    0x08001754   0x08001754   0x0000002c   Code   RO         4361    i.HCLL_Read_Local_Ver_Info  Rafael_BLE_MM32F032xx_s.lib(ll.o)
    0x08001780   0x08001780   0x00000030   Code   RO         4362    i.HCLL_Read_Remote_Ver_Info  Rafael_BLE_MM32F032xx_s.lib(ll.o)
    0x080017b0   0x080017b0   0x00000002   Code   RO         4363    i.HCLL_Read_Transmit_Pwr_Level  Rafael_BLE_MM32F032xx_s.lib(ll.o)
    0x080017b2   0x080017b2   0x00000002   Code   RO         4364    i.HCLL_Read_authen_payload_timeout  Rafael_BLE_MM32F032xx_s.lib(ll.o)
    0x080017b4   0x080017b4   0x00000002   Code   RO         4365    i.HCLL_Read_buffer_size  Rafael_BLE_MM32F032xx_s.lib(ll.o)
    0x080017b6   0x080017b6   0x00000002   PAD
    0x080017b8   0x080017b8   0x00000034   Code   RO         4366    i.HCLL_Read_rssi    Rafael_BLE_MM32F032xx_s.lib(ll.o)
    0x080017ec   0x080017ec   0x0000001a   Code   RO         4367    i.HCLL_Reset        Rafael_BLE_MM32F032xx_s.lib(ll.o)
    0x08001806   0x08001806   0x00000002   Code   RO         4368    i.HCLL_Set_Ctrler_to_Host_Flow_Ctrl  Rafael_BLE_MM32F032xx_s.lib(ll.o)
    0x08001808   0x08001808   0x0000003c   Code   RO         4369    i.HCLL_Set_Event_Mask  Rafael_BLE_MM32F032xx_s.lib(ll.o)
    0x08001844   0x08001844   0x00000024   Code   RO         4370    i.HCLL_Set_Event_Mask_Page_2  Rafael_BLE_MM32F032xx_s.lib(ll.o)
    0x08001868   0x08001868   0x00000002   Code   RO         4371    i.HCLL_Write_Le_Host_Support  Rafael_BLE_MM32F032xx_s.lib(ll.o)
    0x0800186a   0x0800186a   0x00000002   Code   RO         4372    i.HCLL_Write_authen_payload_timeout  Rafael_BLE_MM32F032xx_s.lib(ll.o)
    0x0800186c   0x0800186c   0x00000018   Code   RO         5756    i.HSPF_Att_Read     Rafael_BLE_MM32F032xx_s.lib(host.o)
    0x08001884   0x08001884   0x0000001c   Code   RO         5757    i.HSPF_Att_Write    Rafael_BLE_MM32F032xx_s.lib(host.o)
    0x080018a0   0x080018a0   0x00000024   Code   RO         5758    i.Host_Root         Rafael_BLE_MM32F032xx_s.lib(host.o)
    0x080018c4   0x080018c4   0x0000004c   Code   RO         4015    i.KernelInit        Rafael_BLE_MM32F032xx_s.lib(kernel.o)
    0x08001910   0x08001910   0x00000020   Code   RO         4016    i.Knl_CodeComp      Rafael_BLE_MM32F032xx_s.lib(kernel.o)
    0x08001930   0x08001930   0x00000012   Code   RO         4018    i.Knl_CodeCpy       Rafael_BLE_MM32F032xx_s.lib(kernel.o)
    0x08001942   0x08001942   0x0000001e   Code   RO         4020    i.Knl_CodeCpyInv_Isr  Rafael_BLE_MM32F032xx_s.lib(kernel.o)
    0x08001960   0x08001960   0x00000012   Code   RO         4021    i.Knl_CodeCpy_Isr   Rafael_BLE_MM32F032xx_s.lib(kernel.o)
    0x08001972   0x08001972   0x00000020   Code   RO         4022    i.Knl_MemComp       Rafael_BLE_MM32F032xx_s.lib(kernel.o)
    0x08001992   0x08001992   0x00000020   Code   RO         4023    i.Knl_MemComp_Isr   Rafael_BLE_MM32F032xx_s.lib(kernel.o)
    0x080019b2   0x080019b2   0x00000012   Code   RO         4024    i.Knl_MemCpy        Rafael_BLE_MM32F032xx_s.lib(kernel.o)
    0x080019c4   0x080019c4   0x0000001e   Code   RO         4025    i.Knl_MemCpyInv     Rafael_BLE_MM32F032xx_s.lib(kernel.o)
    0x080019e2   0x080019e2   0x0000001e   Code   RO         4026    i.Knl_MemCpyInv_Isr  Rafael_BLE_MM32F032xx_s.lib(kernel.o)
    0x08001a00   0x08001a00   0x0000001a   Code   RO         4027    i.Knl_MemCpy_Fwd    Rafael_BLE_MM32F032xx_s.lib(kernel.o)
    0x08001a1a   0x08001a1a   0x00000012   Code   RO         4028    i.Knl_MemCpy_Isr    Rafael_BLE_MM32F032xx_s.lib(kernel.o)
    0x08001a2c   0x08001a2c   0x00000024   Code   RO         5840    i.L2CAP_Root        Rafael_BLE_MM32F032xx_s.lib(l2cap.o)
    0x08001a50   0x08001a50   0x000001cc   Code   RO         4373    i.LLEC_LE_CCM_Manual  Rafael_BLE_MM32F032xx_s.lib(ll.o)
    0x08001c1c   0x08001c1c   0x00000030   Code   RO         4374    i.LLEC_LE_Encrypt   Rafael_BLE_MM32F032xx_s.lib(ll.o)
    0x08001c4c   0x08001c4c   0x0000005c   Code   RO         4375    i.LLEC_LE_Long_term_key_req_reply  Rafael_BLE_MM32F032xx_s.lib(ll.o)
    0x08001ca8   0x08001ca8   0x0000004c   Code   RO         4376    i.LLEC_LE_Rand      Rafael_BLE_MM32F032xx_s.lib(ll.o)
    0x08001cf4   0x08001cf4   0x00000084   Code   RO         4377    i.LLEC_LE_Start_encryption  Rafael_BLE_MM32F032xx_s.lib(ll.o)
    0x08001d78   0x08001d78   0x0000001a   Code   RO         4378    i.LLHC_ERR_CODE_Invalid_Lmp_Parameters  Rafael_BLE_MM32F032xx_s.lib(ll.o)
    0x08001d92   0x08001d92   0x0000001a   Code   RO         4379    i.LLHC_ERR_CODE_Unknown_Hci_Command  Rafael_BLE_MM32F032xx_s.lib(ll.o)
    0x08001dac   0x08001dac   0x0000034c   Code   RO         4380    i.LLHC_LE_Ctrl_Pkt  Rafael_BLE_MM32F032xx_s.lib(ll.o)
    0x080020f8   0x080020f8   0x00000068   Code   RO         4381    i.LLHeaderRdy_Isr   Rafael_BLE_MM32F032xx_s.lib(ll.o)
    0x08002160   0x08002160   0x0000000c   Code   RO         5116    i.LLTimeline_Get    Rafael_BLE_MM32F032xx_s.lib(rf_phy.o)
    0x0800216c   0x0800216c   0x0000011c   Code   RO         4382    i.LLTimerFIFOGetSend_Isr  Rafael_BLE_MM32F032xx_s.lib(ll.o)
    0x08002288   0x08002288   0x00000f54   Code   RO         4383    i.LLTimer_Isr       Rafael_BLE_MM32F032xx_s.lib(ll.o)
    0x080031dc   0x080031dc   0x00000044   Code   RO         4384    i.LLTimer_TmrRefUpd_Isr  Rafael_BLE_MM32F032xx_s.lib(ll.o)
    0x08003220   0x08003220   0x0000025c   Code   RO         4385    i.LLWTRFIFOGet_Isr  Rafael_BLE_MM32F032xx_s.lib(ll.o)
    0x0800347c   0x0800347c   0x00000064   Code   RO         4387    i.LLWTR_Buffer_wAck_Isr  Rafael_BLE_MM32F032xx_s.lib(ll.o)
    0x080034e0   0x080034e0   0x000008e2   Code   RO         4388    i.LLWTR_Isr         Rafael_BLE_MM32F032xx_s.lib(ll.o)
    0x08003dc2   0x08003dc2   0x00000002   PAD
    0x08003dc4   0x08003dc4   0x0000004c   Code   RO         4389    i.LLWTR_MDset       Rafael_BLE_MM32F032xx_s.lib(ll.o)
    0x08003e10   0x08003e10   0x000003a0   Code   RO         4390    i.LLWTR_Rx2Hc       Rafael_BLE_MM32F032xx_s.lib(ll.o)
    0x080041b0   0x080041b0   0x000002e4   Code   RO         4392    i.LL_Buffer_To_FIFO_Isr  Rafael_BLE_MM32F032xx_s.lib(ll.o)
    0x08004494   0x08004494   0x00000018   Code   RO         4393    i.LL_CheckConnExist  Rafael_BLE_MM32F032xx_s.lib(ll.o)
    0x080044ac   0x080044ac   0x000000a0   Code   RO         4394    i.LL_Data2ConnTxFIFO  Rafael_BLE_MM32F032xx_s.lib(ll.o)
    0x0800454c   0x0800454c   0x00000074   Code   RO         4395    i.LL_Data2ConnTxFIFO_smp  Rafael_BLE_MM32F032xx_s.lib(ll.o)
    0x080045c0   0x080045c0   0x00000050   Code   RO         4396    i.LL_Data2ConnTxFIFO_smp_Isr  Rafael_BLE_MM32F032xx_s.lib(ll.o)
    0x08004610   0x08004610   0x0000007c   Code   RO         4397    i.LL_EventCounter_Map_Upd  Rafael_BLE_MM32F032xx_s.lib(ll.o)
    0x0800468c   0x0800468c   0x000000d8   Code   RO         4398    i.LL_GPIO_Isr       Rafael_BLE_MM32F032xx_s.lib(ll.o)
    0x08004764   0x08004764   0x0000001c   Code   RO         4399    i.LL_GetSlaveFreeConnID  Rafael_BLE_MM32F032xx_s.lib(ll.o)
    0x08004780   0x08004780   0x00000020   Code   RO         4400    i.LL_MsgBlk_LL_conn_Para_Rls  Rafael_BLE_MM32F032xx_s.lib(ll.o)
    0x080047a0   0x080047a0   0x00000038   Code   RO         4401    i.LL_Msg_CTRL_PKT   Rafael_BLE_MM32F032xx_s.lib(ll.o)
    0x080047d8   0x080047d8   0x00000038   Code   RO         4402    i.LL_Msg_CTRL_PKT_Isr  Rafael_BLE_MM32F032xx_s.lib(ll.o)
    0x08004810   0x08004810   0x0000001e   Code   RO         4404    i.LL_Msg_Event_Encrypt_Change  Rafael_BLE_MM32F032xx_s.lib(ll.o)
    0x0800482e   0x0800482e   0x0000001e   Code   RO         4405    i.LL_Msg_Event_Le_Data_Length_Change  Rafael_BLE_MM32F032xx_s.lib(ll.o)
    0x0800484c   0x0800484c   0x00000020   Code   RO         4406    i.LL_Msg_Event_Le_PHY_Update_Complete  Rafael_BLE_MM32F032xx_s.lib(ll.o)
    0x0800486c   0x0800486c   0x0000001a   Code   RO         4407    i.LL_Msg_Event_Status  Rafael_BLE_MM32F032xx_s.lib(ll.o)
    0x08004886   0x08004886   0x00000002   PAD
    0x08004888   0x08004888   0x0000009c   Code   RO         4410    i.LL_Queue_To_Buffer_Isr  Rafael_BLE_MM32F032xx_s.lib(ll.o)
    0x08004924   0x08004924   0x000000d8   Code   RO         4411    i.LL_ReleaseConnID  Rafael_BLE_MM32F032xx_s.lib(ll.o)
    0x080049fc   0x080049fc   0x000000f4   Code   RO         4412    i.LL_ReleaseConnID_Isr  Rafael_BLE_MM32F032xx_s.lib(ll.o)
    0x08004af0   0x08004af0   0x00000054   Code   RO         4413    i.LL_RfChRemap      Rafael_BLE_MM32F032xx_s.lib(ll.o)
    0x08004b44   0x08004b44   0x00000024   Code   RO         4414    i.LL_Root           Rafael_BLE_MM32F032xx_s.lib(ll.o)
    0x08004b68   0x08004b68   0x00000054   Code   RO         4415    i.LL_RxEnter_Isr    Rafael_BLE_MM32F032xx_s.lib(ll.o)
    0x08004bbc   0x08004bbc   0x0000001c   Code   RO         4417    i.LL_Slv_Win_Width_Incr  Rafael_BLE_MM32F032xx_s.lib(ll.o)
    0x08004bd8   0x08004bd8   0x00000030   Code   RO         4419    i.LL_SvPrToutAccu_Incr  Rafael_BLE_MM32F032xx_s.lib(ll.o)
    0x08004c08   0x08004c08   0x0000002c   Code   RO         4420    i.LL_TmrBlk_Pt_PairRst  Rafael_BLE_MM32F032xx_s.lib(ll.o)
    0x08004c34   0x08004c34   0x00000038   Code   RO         4421    i.LL_TmrBlk_Rls     Rafael_BLE_MM32F032xx_s.lib(ll.o)
    0x08004c6c   0x08004c6c   0x00000020   Code   RO         4422    i.LL_TmrBlk_Rls_NxtIntvl  Rafael_BLE_MM32F032xx_s.lib(ll.o)
    0x08004c8c   0x08004c8c   0x00000048   Code   RO         4423    i.LL_TmrBlk_Rls_Pair  Rafael_BLE_MM32F032xx_s.lib(ll.o)
    0x08004cd4   0x08004cd4   0x00000078   Code   RO         4424    i.LL_Tmr_FIFO_ADVrpt  Rafael_BLE_MM32F032xx_s.lib(ll.o)
    0x08004d4c   0x08004d4c   0x00000058   Code   RO         4425    i.LL_TxEnter_Isr    Rafael_BLE_MM32F032xx_s.lib(ll.o)
    0x08004da4   0x08004da4   0x00000044   Code   RO         4426    i.LL_smp_SKD_IV_genIn  Rafael_BLE_MM32F032xx_s.lib(ll.o)
    0x08004de8   0x08004de8   0x0000003a   Code   RO          635    i.MCU_GpioIntDisable  porting_misc.o
    0x08004e22   0x08004e22   0x0000003e   Code   RO          636    i.MCU_GpioIntEnable  porting_misc.o
    0x08004e60   0x08004e60   0x0000002c   Code   RO          637    i.MCU_GpioPinInit   porting_misc.o
    0x08004e8c   0x08004e8c   0x00000034   Code   RO          638    i.MCU_GpioReset     porting_misc.o
    0x08004ec0   0x08004ec0   0x0000002c   Code   RO          639    i.MCU_GpioResetInit  porting_misc.o
    0x08004eec   0x08004eec   0x00000004   Code   RO         4427    i.MEC_HCI_Null      Rafael_BLE_MM32F032xx_s.lib(ll.o)
    0x08004ef0   0x08004ef0   0x00000224   Code   RO         3958    i.MHC_Callback      Rafael_BLE_MM32F032xx_s.lib(ble_event.o)
    0x08005114   0x08005114   0x00000002   Code   RO         5531    i.MHC_Event_Authen_Payload_Timeout_Expired  Rafael_BLE_MM32F032xx_s.lib(hci.o)
    0x08005116   0x08005116   0x00000002   PAD
    0x08005118   0x08005118   0x00000094   Code   RO         5532    i.MHC_Event_Cmd_Complete  Rafael_BLE_MM32F032xx_s.lib(hci.o)
    0x080051ac   0x080051ac   0x0000001c   Code   RO         5533    i.MHC_Event_Cmd_Status  Rafael_BLE_MM32F032xx_s.lib(hci.o)
    0x080051c8   0x080051c8   0x00000002   Code   RO         5534    i.MHC_Event_Data_Buffer_Overflow  Rafael_BLE_MM32F032xx_s.lib(hci.o)
    0x080051ca   0x080051ca   0x00000002   PAD
    0x080051cc   0x080051cc   0x00000028   Code   RO         5535    i.MHC_Event_Disconn_Complete  Rafael_BLE_MM32F032xx_s.lib(hci.o)
    0x080051f4   0x080051f4   0x000000f8   Code   RO         5536    i.MHC_Event_Encrypt_Change  Rafael_BLE_MM32F032xx_s.lib(hci.o)
    0x080052ec   0x080052ec   0x00000058   Code   RO         5537    i.MHC_Event_Encrypt_Key_Refresh_Complete  Rafael_BLE_MM32F032xx_s.lib(hci.o)
    0x08005344   0x08005344   0x00000004   Code   RO         5538    i.MHC_Event_HCI_Raw  Rafael_BLE_MM32F032xx_s.lib(hci.o)
    0x08005348   0x08005348   0x00000002   Code   RO         5539    i.MHC_Event_Hardware_Error  Rafael_BLE_MM32F032xx_s.lib(hci.o)
    0x0800534a   0x0800534a   0x00000002   PAD
    0x0800534c   0x0800534c   0x00000034   Code   RO         5540    i.MHC_Event_Le_Adv_Report  Rafael_BLE_MM32F032xx_s.lib(hci.o)
    0x08005380   0x08005380   0x00000084   Code   RO         5541    i.MHC_Event_Le_Conn_Complete  Rafael_BLE_MM32F032xx_s.lib(hci.o)
    0x08005404   0x08005404   0x00000030   Code   RO         5542    i.MHC_Event_Le_Conn_Update_Complete  Rafael_BLE_MM32F032xx_s.lib(hci.o)
    0x08005434   0x08005434   0x0000002c   Code   RO         5543    i.MHC_Event_Le_Data_Length_Change  Rafael_BLE_MM32F032xx_s.lib(hci.o)
    0x08005460   0x08005460   0x000000d8   Code   RO         5544    i.MHC_Event_Le_Long_Term_Key_Req  Rafael_BLE_MM32F032xx_s.lib(hci.o)
    0x08005538   0x08005538   0x00000034   Code   RO         5545    i.MHC_Event_Le_PHY_Update_Complete  Rafael_BLE_MM32F032xx_s.lib(hci.o)
    0x0800556c   0x0800556c   0x0000001c   Code   RO         5546    i.MHC_Event_Le_Read_Remote_Used_Features_Complete  Rafael_BLE_MM32F032xx_s.lib(hci.o)
    0x08005588   0x08005588   0x00000002   Code   RO         5547    i.MHC_Event_Le_Remote_Conn_param_Req_Event  Rafael_BLE_MM32F032xx_s.lib(hci.o)
    0x0800558a   0x0800558a   0x00000002   PAD
    0x0800558c   0x0800558c   0x00000014   Code   RO         5548    i.MHC_Event_Le_Wait_Passkey_Confrim  Rafael_BLE_MM32F032xx_s.lib(hci.o)
    0x080055a0   0x080055a0   0x00000002   Code   RO         5549    i.MHC_Event_Null    Rafael_BLE_MM32F032xx_s.lib(hci.o)
    0x080055a2   0x080055a2   0x00000004   Code   RO         5550    i.MHC_Event_Num_Of_Completed_Pckts  Rafael_BLE_MM32F032xx_s.lib(hci.o)
    0x080055a6   0x080055a6   0x00000002   PAD
    0x080055a8   0x080055a8   0x00000010   Code   RO         5551    i.MHC_Event_Read_Remote_Ver_Info_Complete  Rafael_BLE_MM32F032xx_s.lib(hci.o)
    0x080055b8   0x080055b8   0x00000014   Code   RO         5552    i.MHC_Event_STK_Gen_Method  Rafael_BLE_MM32F032xx_s.lib(hci.o)
    0x080055cc   0x080055cc   0x00000014   Code   RO         5553    i.MHC_Evnet_Auth_Status  Rafael_BLE_MM32F032xx_s.lib(hci.o)
    0x080055e0   0x080055e0   0x00000044   Code   RO         5554    i.MHC_LE_ACL_Data_Pkt  Rafael_BLE_MM32F032xx_s.lib(hci.o)
    0x08005624   0x08005624   0x00000004   Code   RO         5555    i.MHC_LE_ACL_Data_Pkt_Extend  Rafael_BLE_MM32F032xx_s.lib(hci.o)
    0x08005628   0x08005628   0x00000002   Code   RO         5759    i.MHS_Event_Null    Rafael_BLE_MM32F032xx_s.lib(host.o)
    0x0800562a   0x0800562a   0x00000002   Code   RO         5841    i.ML2CAP_Event_Null  Rafael_BLE_MM32F032xx_s.lib(l2cap.o)
    0x0800562c   0x0800562c   0x00000004   Code   RO         4428    i.MLL_HCI_Null      Rafael_BLE_MM32F032xx_s.lib(ll.o)
    0x08005630   0x08005630   0x00000004   Code   RO         4429    i.MLL_LE_Ctrl_Pkt   Rafael_BLE_MM32F032xx_s.lib(ll.o)
    0x08005634   0x08005634   0x00000018   Code   RO         4430    i.MLL_LL_CHN_Map_Upd  Rafael_BLE_MM32F032xx_s.lib(ll.o)
    0x0800564c   0x0800564c   0x0000001c   Code   RO         4431    i.MLL_LL_Enc_Req    Rafael_BLE_MM32F032xx_s.lib(ll.o)
    0x08005668   0x08005668   0x00000050   Code   RO         2862    i.NVIC_Init         hal_misc.o
    0x080056b8   0x080056b8   0x00000044   Code   RO          416    i.NVIC_SetPriority  systick.o
    0x080056fc   0x080056fc   0x00000034   Code   RO         5890    i.PassEC_BLE_CODE_SMP  Rafael_BLE_MM32F032xx_s.lib(mmi.o)
    0x08005730   0x08005730   0x00000024   Code   RO         5891    i.Prcss_BLE_CODE_SMP_Encryption_Information  Rafael_BLE_MM32F032xx_s.lib(mmi.o)
    0x08005754   0x08005754   0x00000004   Code   RO         5892    i.Prcss_BLE_CODE_SMP_Identity_Address_Information  Rafael_BLE_MM32F032xx_s.lib(mmi.o)
    0x08005758   0x08005758   0x00000024   Code   RO         5893    i.Prcss_BLE_CODE_SMP_Identity_Information  Rafael_BLE_MM32F032xx_s.lib(mmi.o)
    0x0800577c   0x0800577c   0x0000003c   Code   RO         5894    i.Prcss_BLE_CODE_SMP_Master_Identification  Rafael_BLE_MM32F032xx_s.lib(mmi.o)
    0x080057b8   0x080057b8   0x00000060   Code   RO         5895    i.Prcss_BLE_CODE_SMP_Pairing_Confirm  Rafael_BLE_MM32F032xx_s.lib(mmi.o)
    0x08005818   0x08005818   0x00000034   Code   RO         5896    i.Prcss_BLE_CODE_SMP_Pairing_Failed  Rafael_BLE_MM32F032xx_s.lib(mmi.o)
    0x0800584c   0x0800584c   0x00000018   Code   RO         5897    i.Prcss_BLE_CODE_SMP_Pairing_Random  Rafael_BLE_MM32F032xx_s.lib(mmi.o)
    0x08005864   0x08005864   0x000000f8   Code   RO         5898    i.Prcss_BLE_CODE_SMP_Pairing_Request  Rafael_BLE_MM32F032xx_s.lib(mmi.o)
    0x0800595c   0x0800595c   0x00000004   Code   RO         5899    i.Prcss_BLE_CODE_SMP_Pairing_Response  Rafael_BLE_MM32F032xx_s.lib(mmi.o)
    0x08005960   0x08005960   0x00000004   Code   RO         5900    i.Prcss_BLE_CODE_SMP_Reserved  Rafael_BLE_MM32F032xx_s.lib(mmi.o)
    0x08005964   0x08005964   0x00000004   Code   RO         5901    i.Prcss_BLE_CODE_SMP_Security_Request  Rafael_BLE_MM32F032xx_s.lib(mmi.o)
    0x08005968   0x08005968   0x00000024   Code   RO         5902    i.Prcss_BLE_CODE_SMP_Signing_Information  Rafael_BLE_MM32F032xx_s.lib(mmi.o)
    0x0800598c   0x0800598c   0x00000004   Code   RO         5903    i.Prcss_L2CAP_CID_AMP_MANAGER_PROTOCOL  Rafael_BLE_MM32F032xx_s.lib(mmi.o)
    0x08005990   0x08005990   0x00000044   Code   RO         5904    i.Prcss_L2CAP_CID_ATTRIBUTE_PROTOCOL  Rafael_BLE_MM32F032xx_s.lib(mmi.o)
    0x080059d4   0x080059d4   0x00000004   Code   RO         5905    i.Prcss_L2CAP_CID_CONNECTIONLESS_CHANNEL  Rafael_BLE_MM32F032xx_s.lib(mmi.o)
    0x080059d8   0x080059d8   0x00000004   Code   RO         5906    i.Prcss_L2CAP_CID_L2CAP_SIGNALING_CHANNEL  Rafael_BLE_MM32F032xx_s.lib(mmi.o)
    0x080059dc   0x080059dc   0x00000050   Code   RO         5907    i.Prcss_L2CAP_CID_LE_L2CAP_SIGNALING_CHANNEL  Rafael_BLE_MM32F032xx_s.lib(mmi.o)
    0x08005a2c   0x08005a2c   0x00000004   Code   RO         5908    i.Prcss_L2CAP_CID_NULL_IDENTIFIER  Rafael_BLE_MM32F032xx_s.lib(mmi.o)
    0x08005a30   0x08005a30   0x00000028   Code   RO         5909    i.Prcss_L2CAP_CID_SECURITY_MANAGER_PROTOCOL  Rafael_BLE_MM32F032xx_s.lib(mmi.o)
    0x08005a58   0x08005a58   0x00000004   Code   RO         5910    i.Prcss_OPCODE_ATT_Error_Response  Rafael_BLE_MM32F032xx_s.lib(mmi.o)
    0x08005a5c   0x08005a5c   0x00000054   Code   RO         5911    i.Prcss_OPCODE_ATT_Exchange_MTU_Request  Rafael_BLE_MM32F032xx_s.lib(mmi.o)
    0x08005ab0   0x08005ab0   0x00000030   Code   RO         5912    i.Prcss_OPCODE_ATT_Exchange_MTU_Response  Rafael_BLE_MM32F032xx_s.lib(mmi.o)
    0x08005ae0   0x08005ae0   0x000000fc   Code   RO         5913    i.Prcss_OPCODE_ATT_Execute_Write_Request  Rafael_BLE_MM32F032xx_s.lib(mmi.o)
    0x08005bdc   0x08005bdc   0x00000004   Code   RO         5914    i.Prcss_OPCODE_ATT_Execute_Write_Response  Rafael_BLE_MM32F032xx_s.lib(mmi.o)
    0x08005be0   0x08005be0   0x0000014c   Code   RO         5915    i.Prcss_OPCODE_ATT_Find_By_Type_Value_Request  Rafael_BLE_MM32F032xx_s.lib(mmi.o)
    0x08005d2c   0x08005d2c   0x00000004   Code   RO         5916    i.Prcss_OPCODE_ATT_Find_By_Type_Value_Response  Rafael_BLE_MM32F032xx_s.lib(mmi.o)
    0x08005d30   0x08005d30   0x00000158   Code   RO         5917    i.Prcss_OPCODE_ATT_Find_Information_Request  Rafael_BLE_MM32F032xx_s.lib(mmi.o)
    0x08005e88   0x08005e88   0x00000004   Code   RO         5918    i.Prcss_OPCODE_ATT_Find_Information_Response  Rafael_BLE_MM32F032xx_s.lib(mmi.o)
    0x08005e8c   0x08005e8c   0x00000010   Code   RO         5919    i.Prcss_OPCODE_ATT_Handle_Value_Confirmation  Rafael_BLE_MM32F032xx_s.lib(mmi.o)
    0x08005e9c   0x08005e9c   0x00000004   Code   RO         5920    i.Prcss_OPCODE_ATT_Handle_Value_Indication  Rafael_BLE_MM32F032xx_s.lib(mmi.o)
    0x08005ea0   0x08005ea0   0x00000004   Code   RO         5921    i.Prcss_OPCODE_ATT_Handle_Value_Notification  Rafael_BLE_MM32F032xx_s.lib(mmi.o)
    0x08005ea4   0x08005ea4   0x00000004   Code   RO         5922    i.Prcss_OPCODE_ATT_NULL  Rafael_BLE_MM32F032xx_s.lib(mmi.o)
    0x08005ea8   0x08005ea8   0x00000108   Code   RO         5923    i.Prcss_OPCODE_ATT_Prepare_Write_Request  Rafael_BLE_MM32F032xx_s.lib(mmi.o)
    0x08005fb0   0x08005fb0   0x00000004   Code   RO         5924    i.Prcss_OPCODE_ATT_Prepare_Write_Response  Rafael_BLE_MM32F032xx_s.lib(mmi.o)
    0x08005fb4   0x08005fb4   0x00000118   Code   RO         5925    i.Prcss_OPCODE_ATT_Read_Blob_Request  Rafael_BLE_MM32F032xx_s.lib(mmi.o)
    0x080060cc   0x080060cc   0x00000004   Code   RO         5926    i.Prcss_OPCODE_ATT_Read_Blob_Response  Rafael_BLE_MM32F032xx_s.lib(mmi.o)
    0x080060d0   0x080060d0   0x00000258   Code   RO         5927    i.Prcss_OPCODE_ATT_Read_By_Type_Request  Rafael_BLE_MM32F032xx_s.lib(mmi.o)
    0x08006328   0x08006328   0x00000004   Code   RO         5928    i.Prcss_OPCODE_ATT_Read_By_Type_Response  Rafael_BLE_MM32F032xx_s.lib(mmi.o)
    0x0800632c   0x0800632c   0x00000020   Code   RO         5929    i.Prcss_OPCODE_ATT_Read_Multiple_Request  Rafael_BLE_MM32F032xx_s.lib(mmi.o)
    0x0800634c   0x0800634c   0x00000004   Code   RO         5930    i.Prcss_OPCODE_ATT_Read_Multiple_Response  Rafael_BLE_MM32F032xx_s.lib(mmi.o)
    0x08006350   0x08006350   0x00000124   Code   RO         5931    i.Prcss_OPCODE_ATT_Read_Request  Rafael_BLE_MM32F032xx_s.lib(mmi.o)
    0x08006474   0x08006474   0x00000004   Code   RO         5932    i.Prcss_OPCODE_ATT_Read_Response  Rafael_BLE_MM32F032xx_s.lib(mmi.o)
    0x08006478   0x08006478   0x000002d4   Code   RO         5933    i.Prcss_OPCODE_ATT_Read_by_Group_Type_Request  Rafael_BLE_MM32F032xx_s.lib(mmi.o)
    0x0800674c   0x0800674c   0x00000004   Code   RO         5934    i.Prcss_OPCODE_ATT_Read_by_Group_Type_Response  Rafael_BLE_MM32F032xx_s.lib(mmi.o)
    0x08006750   0x08006750   0x000000d0   Code   RO         5936    i.Prcss_OPCODE_ATT_Write_Command  Rafael_BLE_MM32F032xx_s.lib(mmi.o)
    0x08006820   0x08006820   0x00000114   Code   RO         5937    i.Prcss_OPCODE_ATT_Write_Request  Rafael_BLE_MM32F032xx_s.lib(mmi.o)
    0x08006934   0x08006934   0x0000000c   Code   RO         5938    i.Prcss_OPCODE_ATT_Write_Response  Rafael_BLE_MM32F032xx_s.lib(mmi.o)
    0x08006940   0x08006940   0x00000018   Code   RO         1915    i.RCC_AHBPeriphClockCmd  hal_rcc.o
    0x08006958   0x08006958   0x00000018   Code   RO         1917    i.RCC_APB1PeriphClockCmd  hal_rcc.o
    0x08006970   0x08006970   0x00000018   Code   RO         1919    i.RCC_APB2PeriphClockCmd  hal_rcc.o
    0x08006988   0x08006988   0x00000020   Code   RO         1928    i.RCC_GetHCLKFreq   hal_rcc.o
    0x080069a8   0x080069a8   0x00000020   Code   RO         1930    i.RCC_GetPCLK1Freq  hal_rcc.o
    0x080069c8   0x080069c8   0x00000020   Code   RO         1931    i.RCC_GetPCLK2Freq  hal_rcc.o
    0x080069e8   0x080069e8   0x00000048   Code   RO         1933    i.RCC_GetSysClockFreq  hal_rcc.o
    0x08006a30   0x08006a30   0x0000001c   Code   RO         5118    i.RF_CCM_AES_Mode_set  Rafael_BLE_MM32F032xx_s.lib(rf_phy.o)
    0x08006a4c   0x08006a4c   0x0000000e   Code   RO         5119    i.RF_CRCInit        Rafael_BLE_MM32F032xx_s.lib(rf_phy.o)
    0x08006a5a   0x08006a5a   0x00000014   Code   RO         5120    i.RF_CRCchk         Rafael_BLE_MM32F032xx_s.lib(rf_phy.o)
    0x08006a6e   0x08006a6e   0x00000002   PAD
    0x08006a70   0x08006a70   0x0000002c   Code   RO         5121    i.RF_DC_Rstr_Isr    Rafael_BLE_MM32F032xx_s.lib(rf_phy.o)
    0x08006a9c   0x08006a9c   0x00000060   Code   RO         5124    i.RF_Get_LastRssi   Rafael_BLE_MM32F032xx_s.lib(rf_phy.o)
    0x08006afc   0x08006afc   0x00000010   Code   RO         5127    i.RF_Header_Rdy_intOn  Rafael_BLE_MM32F032xx_s.lib(rf_phy.o)
    0x08006b0c   0x08006b0c   0x00000170   Code   RO         5128    i.RF_Init           Rafael_BLE_MM32F032xx_s.lib(rf_phy.o)
    0x08006c7c   0x08006c7c   0x00000014   Code   RO         5129    i.RF_IntReset       Rafael_BLE_MM32F032xx_s.lib(rf_phy.o)
    0x08006c90   0x08006c90   0x00000018   Code   RO         5131    i.RF_LE_HeaderStsLen_Tx  Rafael_BLE_MM32F032xx_s.lib(rf_phy.o)
    0x08006ca8   0x08006ca8   0x00000020   Code   RO           75    i.RF_Open           main.o
    0x08006cc8   0x08006cc8   0x0000000e   Code   RO         5132    i.RF_PLL_VCO_Bank_set  Rafael_BLE_MM32F032xx_s.lib(rf_phy.o)
    0x08006cd6   0x08006cd6   0x00000002   PAD
    0x08006cd8   0x08006cd8   0x00000044   Code   RO         5133    i.RF_PowerSaving_En_Isr  Rafael_BLE_MM32F032xx_s.lib(rf_phy.o)
    0x08006d1c   0x08006d1c   0x0000000c   Code   RO         5136    i.RF_RxLengthLimit  Rafael_BLE_MM32F032xx_s.lib(rf_phy.o)
    0x08006d28   0x08006d28   0x00000084   Code   RO         5137    i.RF_Set_TxPowerLevel_Isr  Rafael_BLE_MM32F032xx_s.lib(rf_phy.o)
    0x08006dac   0x08006dac   0x0000009c   Code   RO          641    i.RF_SpiIoMapping   porting_misc.o
    0x08006e48   0x08006e48   0x00000030   Code   RO         5138    i.RF_SymbolRate_Patch_1M_2M  Rafael_BLE_MM32F032xx_s.lib(rf_phy.o)
    0x08006e78   0x08006e78   0x00000024   Code   RO         5139    i.RF_SymbolRate_set  Rafael_BLE_MM32F032xx_s.lib(rf_phy.o)
    0x08006e9c   0x08006e9c   0x000000d4   Code   RO         5143    i.RF_Tmr_Periodic_initial  Rafael_BLE_MM32F032xx_s.lib(rf_phy.o)
    0x08006f70   0x08006f70   0x0000005c   Code   RO         5144    i.RF_Tmr_Periodic_set_ISR  Rafael_BLE_MM32F032xx_s.lib(rf_phy.o)
    0x08006fcc   0x08006fcc   0x00000018   Code   RO         5145    i.RF_TxAutoAckOff   Rafael_BLE_MM32F032xx_s.lib(rf_phy.o)
    0x08006fe4   0x08006fe4   0x00000018   Code   RO         5146    i.RF_TxAutoAckOn    Rafael_BLE_MM32F032xx_s.lib(rf_phy.o)
    0x08006ffc   0x08006ffc   0x00000018   Code   RO         5147    i.RF_TxFIFO_ADVData_set  Rafael_BLE_MM32F032xx_s.lib(rf_phy.o)
    0x08007014   0x08007014   0x00000018   Code   RO         5148    i.RF_TxFIFO_ADVaddr_set  Rafael_BLE_MM32F032xx_s.lib(rf_phy.o)
    0x0800702c   0x0800702c   0x00000020   Code   RO         5149    i.RF_TxFIFO_LeData_set  Rafael_BLE_MM32F032xx_s.lib(rf_phy.o)
    0x0800704c   0x0800704c   0x0000001c   Code   RO         5150    i.RF_TxFIFO_LeData_wIdx_set  Rafael_BLE_MM32F032xx_s.lib(rf_phy.o)
    0x08007068   0x08007068   0x0000001c   Code   RO         5151    i.RF_TxFIFO_OriginAddr_set  Rafael_BLE_MM32F032xx_s.lib(rf_phy.o)
    0x08007084   0x08007084   0x00000064   Code   RO         5152    i.RF_Voltage_Det    Rafael_BLE_MM32F032xx_s.lib(rf_phy.o)
    0x080070e8   0x080070e8   0x00000014   Code   RO         5153    i.RF_WTR_EnChk      Rafael_BLE_MM32F032xx_s.lib(rf_phy.o)
    0x080070fc   0x080070fc   0x00000018   Code   RO         5156    i.RF_WTR_intOff     Rafael_BLE_MM32F032xx_s.lib(rf_phy.o)
    0x08007114   0x08007114   0x00000018   Code   RO         5157    i.RF_WTR_intOn      Rafael_BLE_MM32F032xx_s.lib(rf_phy.o)
    0x0800712c   0x0800712c   0x00000034   Code   RO         4432    i.RF_cmpFIFO_BDAddr  Rafael_BLE_MM32F032xx_s.lib(ll.o)
    0x08007160   0x08007160   0x00000044   Code   RO         4433    i.RF_cmpFIFO_WhiteList  Rafael_BLE_MM32F032xx_s.lib(ll.o)
    0x080071a4   0x080071a4   0x00000024   Code   RO         4029    i.RcvMsgBlk         Rafael_BLE_MM32F032xx_s.lib(kernel.o)
    0x080071c8   0x080071c8   0x0000000c   Code   RO         5842    i.Rls_L2CAP_Buf     Rafael_BLE_MM32F032xx_s.lib(l2cap.o)
    0x080071d4   0x080071d4   0x00000034   Code   RO         5939    i.SMEC_LE_CODE_SMP_Pairing_Confirm  Rafael_BLE_MM32F032xx_s.lib(mmi.o)
    0x08007208   0x08007208   0x000000a0   Code   RO         5940    i.SMEC_LE_CODE_SMP_Pairing_Random  Rafael_BLE_MM32F032xx_s.lib(mmi.o)
    0x080072a8   0x080072a8   0x00000090   Code   RO         5941    i.SMEC_LE_SMP_Key_Gen  Rafael_BLE_MM32F032xx_s.lib(mmi.o)
    0x08007338   0x08007338   0x00000068   Code   RO          721    i.SPI_1BYT_SetRx    porting_spi.o
    0x080073a0   0x080073a0   0x00000078   Code   RO          722    i.SPI_1BYT_SetRx_Isr  porting_spi.o
    0x08007418   0x08007418   0x00000048   Code   RO          723    i.SPI_1BYT_SetTx    porting_spi.o
    0x08007460   0x08007460   0x00000044   Code   RO          724    i.SPI_1BYT_SetTx_Isr  porting_spi.o
    0x080074a4   0x080074a4   0x00000064   Code   RO          725    i.SPI_2BYT_SetTx_Isr  porting_spi.o
    0x08007508   0x08007508   0x0000002e   Code   RO         3080    i.SPI_BiDirectionalLineConfig  hal_spi.o
    0x08007536   0x08007536   0x00000014   Code   RO         3081    i.SPI_CSInternalSelected  hal_spi.o
    0x0800754a   0x0800754a   0x00000014   Code   RO         3083    i.SPI_Cmd           hal_spi.o
    0x0800755e   0x0800755e   0x00000014   Code   RO         3084    i.SPI_DMACmd        hal_spi.o
    0x08007572   0x08007572   0x00000002   PAD
    0x08007574   0x08007574   0x00000038   Code   RO          642    i.SPI_GPIO_Init     porting_misc.o
    0x080075ac   0x080075ac   0x0000006e   Code   RO         3091    i.SPI_Init          hal_spi.o
    0x0800761a   0x0800761a   0x00000002   PAD
    0x0800761c   0x0800761c   0x00000074   Code   RO          726    i.SPI_PDMA_SetRx_Isr  porting_spi.o
    0x08007690   0x08007690   0x0000007c   Code   RO          727    i.SPI_PDMA_SetTx    porting_spi.o
    0x0800770c   0x0800770c   0x00000004   Code   RO          728    i.SPI_PDMA_waitFinish  porting_spi.o
    0x08007710   0x08007710   0x0000001a   Code   RO         3097    i.SPI_StructInit    hal_spi.o
    0x0800772a   0x0800772a   0x00000002   PAD
    0x0800772c   0x0800772c   0x00000164   Code   RO          324    i.SPIx_Configure    spi.o
    0x08007890   0x08007890   0x00000120   Code   RO          325    i.SPIx_DMA_Configure  spi.o
    0x080079b0   0x080079b0   0x00000030   Code   RO          326    i.SPIx_DMA_InterruptConfigure  spi.o
    0x080079e0   0x080079e0   0x000000d8   Code   RO          327    i.SPIx_DMA_RxData   spi.o
    0x08007ab8   0x08007ab8   0x000000cc   Code   RO          328    i.SPIx_DMA_TxData   spi.o
    0x08007b84   0x08007b84   0x00000044   Code   RO          329    i.SPIx_ReadWriteByte  spi.o
    0x08007bc8   0x08007bc8   0x0000000a   Code   RO          330    i.SPIx_WriteByte    spi.o
    0x08007bd2   0x08007bd2   0x00000002   PAD
    0x08007bd4   0x08007bd4   0x000000d0   Code   RO            4    i.SetSysClockTo48   system_mm32f032xx_s.o
    0x08007ca4   0x08007ca4   0x00000020   Code   RO         4030    i.SndMsgBlk         Rafael_BLE_MM32F032xx_s.lib(kernel.o)
    0x08007cc4   0x08007cc4   0x0000001c   Code   RO         4434    i.SndMsgBlkEC       Rafael_BLE_MM32F032xx_s.lib(ll.o)
    0x08007ce0   0x08007ce0   0x0000001c   Code   RO         4031    i.SndMsgBlk_Isr     Rafael_BLE_MM32F032xx_s.lib(kernel.o)
    0x08007cfc   0x08007cfc   0x00000030   Code   RO         4033    i.SndMsgBlks_Isr    Rafael_BLE_MM32F032xx_s.lib(kernel.o)
    0x08007d2c   0x08007d2c   0x00000010   Code   RO          417    i.SysTick_DelayMs   systick.o
    0x08007d3c   0x08007d3c   0x00000014   Code   RO          418    i.SysTick_Handler   systick.o
    0x08007d50   0x08007d50   0x00000048   Code   RO          419    i.SysTick_Init      systick.o
    0x08007d98   0x08007d98   0x00000054   Code   RO            5    i.SystemInit        system_mm32f032xx_s.o
    0x08007dec   0x08007dec   0x00000002   Code   RO          643    i.System_PowerDown  porting_misc.o
    0x08007dee   0x08007dee   0x00000002   PAD
    0x08007df0   0x08007df0   0x00000078   Code   RO          464    i.UART1_IRQHandler  uart.o
    0x08007e68   0x08007e68   0x00000004   Code   RO         3235    i.UART_ClearITPendingBit  hal_uart.o
    0x08007e6c   0x08007e6c   0x0000000c   Code   RO         3236    i.UART_Cmd          hal_uart.o
    0x08007e78   0x08007e78   0x0000000e   Code   RO         3237    i.UART_DMACmd       hal_uart.o
    0x08007e86   0x08007e86   0x0000000a   Code   RO         3240    i.UART_GetFlagStatus  hal_uart.o
    0x08007e90   0x08007e90   0x0000000a   Code   RO         3241    i.UART_GetITStatus  hal_uart.o
    0x08007e9a   0x08007e9a   0x00000010   Code   RO         3243    i.UART_ITConfig     hal_uart.o
    0x08007eaa   0x08007eaa   0x00000002   PAD
    0x08007eac   0x08007eac   0x00000070   Code   RO         3244    i.UART_Init         hal_uart.o
    0x08007f1c   0x08007f1c   0x00000006   Code   RO         3248    i.UART_SendData     hal_uart.o
    0x08007f22   0x08007f22   0x00000018   Code   RO         3257    i.UART_StructInit   hal_uart.o
    0x08007f3a   0x08007f3a   0x00000016   Code   RO          465    i.UART_TX_Send      uart.o
    0x08007f50   0x08007f50   0x00000018   Code   RO          466    i.UART_nvic_config  uart.o
    0x08007f68   0x08007f68   0x00000154   Code   RO          467    i.UARTx_Configure   uart.o
    0x080080bc   0x080080bc   0x00000020   Code   RO          468    i.UartSendByte      uart.o
    0x080080dc   0x080080dc   0x00000020   Code   RO         6653    i.__0printf$8       mc_p.l(printf8.o)
    0x080080fc   0x080080fc   0x0000001a   Code   RO         4264    i.__ARM_common_switch8  Rafael_BLE_MM32F032xx_s.lib(kernel.o)
    0x08008116   0x08008116   0x0000000e   Code   RO         6750    i.__scatterload_copy  mc_p.l(handlers.o)
    0x08008124   0x08008124   0x00000002   Code   RO         6751    i.__scatterload_null  mc_p.l(handlers.o)
    0x08008126   0x08008126   0x0000000e   Code   RO         6752    i.__scatterload_zeroinit  mc_p.l(handlers.o)
    0x08008134   0x08008134   0x00000428   Code   RO         6660    i._printf_core      mc_p.l(printf8.o)
    0x0800855c   0x0800855c   0x00000020   Code   RO         6661    i._printf_post_padding  mc_p.l(printf8.o)
    0x0800857c   0x0800857c   0x0000002c   Code   RO         6662    i._printf_pre_padding  mc_p.l(printf8.o)
    0x080085a8   0x080085a8   0x00000084   Code   RO         6252    i.checkBLE_CmdTimer  Rafael_BLE_MM32F032xx_s.lib(rffunction.o)
    0x0800862c   0x0800862c   0x0000005c   Code   RO         6253    i.chkBLE_ATTRIBUTE_PERMISSION_Read  Rafael_BLE_MM32F032xx_s.lib(rffunction.o)
    0x08008688   0x08008688   0x0000005c   Code   RO         6254    i.chkBLE_ATTRIBUTE_PERMISSION_Write  Rafael_BLE_MM32F032xx_s.lib(rffunction.o)
    0x080086e4   0x080086e4   0x00000004   Code   RO         6255    i.chkBLE_ATT_Chr_AcssRd_ByUser  Rafael_BLE_MM32F032xx_s.lib(rffunction.o)
    0x080086e8   0x080086e8   0x00000004   Code   RO         6256    i.chkBLE_ATT_Chr_AcssWr_ByUser  Rafael_BLE_MM32F032xx_s.lib(rffunction.o)
    0x080086ec   0x080086ec   0x00000014   Code   RO         4435    i.chkBLE_LL_State_Adv  Rafael_BLE_MM32F032xx_s.lib(ll.o)
    0x08008700   0x08008700   0x00000014   Code   RO         4436    i.chkBLE_LL_State_Init  Rafael_BLE_MM32F032xx_s.lib(ll.o)
    0x08008714   0x08008714   0x00000014   Code   RO         4437    i.chkBLE_LL_State_Scan  Rafael_BLE_MM32F032xx_s.lib(ll.o)
    0x08008728   0x08008728   0x00000018   Code   RO         6257    i.chkIfBLE_ATT_Chr_Acss_ByUser  Rafael_BLE_MM32F032xx_s.lib(rffunction.o)
    0x08008740   0x08008740   0x00000030   Code   RO         6258    i.clearBLE_CmdTimer  Rafael_BLE_MM32F032xx_s.lib(rffunction.o)
    0x08008770   0x08008770   0x0000000c   Code   RO          605    i.delay_us          porting_lltimer.o
    0x0800877c   0x0800877c   0x00000004   Code   RO         2383    i.exDMA_SetMemoryAddress  hal_dma.o
    0x08008780   0x08008780   0x00000004   Code   RO         2385    i.exDMA_SetTransmitLen  hal_dma.o
    0x08008784   0x08008784   0x00000020   Code   RO         2485    i.exEXTI_LineDisable  hal_exti.o
    0x080087a4   0x080087a4   0x00000024   Code   RO          469    i.fputc             uart.o
    0x080087c8   0x080087c8   0x0000001c   Code   RO         6259    i.getBLE_ATTRIBUTE_TYPE_Size  Rafael_BLE_MM32F032xx_s.lib(rffunction.o)
    0x080087e4   0x080087e4   0x00000020   Code   RO         6260    i.getBLE_ATTRIBUTE_Value_DynmcLngth  Rafael_BLE_MM32F032xx_s.lib(rffunction.o)
    0x08008804   0x08008804   0x00000014   Code   RO         6261    i.getBLE_CmdTimerEvent  Rafael_BLE_MM32F032xx_s.lib(rffunction.o)
    0x08008818   0x08008818   0x00000080   Code   RO         6262    i.initBLE_AttServParamter  Rafael_BLE_MM32F032xx_s.lib(rffunction.o)
    0x08008898   0x08008898   0x00000040   Code   RO         5942    i.initBLEsmp        Rafael_BLE_MM32F032xx_s.lib(mmi.o)
    0x080088d8   0x080088d8   0x00000038   Code   RO         5943    i.initBLEsmp_Re     Rafael_BLE_MM32F032xx_s.lib(mmi.o)
    0x08008910   0x08008910   0x00000014   Code   RO         5944    i.initBLEsw         Rafael_BLE_MM32F032xx_s.lib(mmi.o)
    0x08008924   0x08008924   0x00000014   Code   RO         5760    i.initBleDeviceParam  Rafael_BLE_MM32F032xx_s.lib(host.o)
    0x08008938   0x08008938   0x00000034   Code   RO         5556    i.initHCI           Rafael_BLE_MM32F032xx_s.lib(hci.o)
    0x0800896c   0x0800896c   0x00000018   Code   RO         5159    i.initInt           Rafael_BLE_MM32F032xx_s.lib(rf_phy.o)
    0x08008984   0x08008984   0x0000000c   Code   RO         5843    i.initL2CAP         Rafael_BLE_MM32F032xx_s.lib(l2cap.o)
    0x08008990   0x08008990   0x00000134   Code   RO         4438    i.initLL            Rafael_BLE_MM32F032xx_s.lib(ll.o)
    0x08008ac4   0x08008ac4   0x0000000c   Code   RO         5557    i.initLLCallBack    Rafael_BLE_MM32F032xx_s.lib(hci.o)
    0x08008ad0   0x08008ad0   0x00000018   Code   RO         6263    i.init_q_att_HDL_PreWr  Rafael_BLE_MM32F032xx_s.lib(rffunction.o)
    0x08008ae8   0x08008ae8   0x000000c4   Code   RO           76    i.main              main.o
    0x08008bac   0x08008bac   0x00000064   Code   RO         5160    i.rafael_pll_bank_get  Rafael_BLE_MM32F032xx_s.lib(rf_phy.o)
    0x08008c10   0x08008c10   0x00000130   Code   RO         5161    i.rafael_pll_calibration  Rafael_BLE_MM32F032xx_s.lib(rf_phy.o)
    0x08008d40   0x08008d40   0x00000028   Code   RO         5162    i.rafael_reset_phy_fsm  Rafael_BLE_MM32F032xx_s.lib(rf_phy.o)
    0x08008d68   0x08008d68   0x00000024   Code   RO         5163    i.rafael_reset_phy_fsm_Isr  Rafael_BLE_MM32F032xx_s.lib(rf_phy.o)
    0x08008d8c   0x08008d8c   0x0000006c   Code   RO         3630    i.setBLE_BleDeviceAddr  Rafael_BLE_MM32F032xx_s.lib(ble_cmd.o)
    0x08008df8   0x08008df8   0x00000030   Code   RO         6264    i.setBLE_CmdTimer   Rafael_BLE_MM32F032xx_s.lib(rffunction.o)
    0x08008e28   0x08008e28   0x0000000e   Code   RO         6265    i.setBLE_ConnTxData  Rafael_BLE_MM32F032xx_s.lib(rffunction.o)
    0x08008e36   0x08008e36   0x00000030   Code   RO         6266    i.setBLE_ConnTxData_ATT_ERROR_RESPONSE  Rafael_BLE_MM32F032xx_s.lib(rffunction.o)
    0x08008e66   0x08008e66   0x0000003e   Code   RO         6267    i.setBLE_ConnTxData_SMP  Rafael_BLE_MM32F032xx_s.lib(rffunction.o)
    0x08008ea4   0x08008ea4   0x0000003e   Code   RO         6268    i.setBLE_ConnTxData_SMP_Isr  Rafael_BLE_MM32F032xx_s.lib(rffunction.o)
    0x08008ee2   0x08008ee2   0x00000002   PAD
    0x08008ee4   0x08008ee4   0x00000018   Code   RO         3959    i.setBLE_RegisterBleEvent  Rafael_BLE_MM32F032xx_s.lib(ble_event.o)
    0x08008efc   0x08008efc   0x00000042   Code   RO         3642    i.setBLE_ScanEnable  Rafael_BLE_MM32F032xx_s.lib(ble_cmd.o)
    0x08008f3e   0x08008f3e   0x00000002   PAD
    0x08008f40   0x08008f40   0x0000007c   Code   RO         3643    i.setBLE_ScanParam  Rafael_BLE_MM32F032xx_s.lib(ble_cmd.o)
    0x08008fbc   0x08008fbc   0x00000020   Code   RO         5164    i.setChannel_BLE    Rafael_BLE_MM32F032xx_s.lib(rf_phy.o)
    0x08008fdc   0x08008fdc   0x0000000c   Code   RO         5169    i.smpAES_En         Rafael_BLE_MM32F032xx_s.lib(rf_phy.o)
    0x08008fe8   0x08008fe8   0x00000048   Code   RO         5170    i.smpAES_inInv      Rafael_BLE_MM32F032xx_s.lib(rf_phy.o)
    0x08009030   0x08009030   0x00000018   Code   RO         5171    i.smpAES_in_PlainText  Rafael_BLE_MM32F032xx_s.lib(rf_phy.o)
    0x08009048   0x08009048   0x0000000e   Code   RO         5172    i.smpAES_in_key     Rafael_BLE_MM32F032xx_s.lib(rf_phy.o)
    0x08009056   0x08009056   0x00000022   Code   RO         5173    i.smpAES_out        Rafael_BLE_MM32F032xx_s.lib(rf_phy.o)
    0x08009078   0x08009078   0x00000030   Code   RO         5174    i.smpAES_outInv     Rafael_BLE_MM32F032xx_s.lib(rf_phy.o)
    0x080090a8   0x080090a8   0x000000c4   Code   RO         6269    i.smpC1             Rafael_BLE_MM32F032xx_s.lib(rffunction.o)
    0x0800916c   0x0800916c   0x00000018   Code   RO         6270    i.smpPasskey_init   Rafael_BLE_MM32F032xx_s.lib(rffunction.o)
    0x08009184   0x08009184   0x0000002c   Code   RO         6271    i.smpPasskey_set    Rafael_BLE_MM32F032xx_s.lib(rffunction.o)
    0x080091b0   0x080091b0   0x0000002c   Code   RO         6272    i.smpS1             Rafael_BLE_MM32F032xx_s.lib(rffunction.o)
    0x080091dc   0x080091dc   0x000000f0   Code   RO          645    i.spiGpioWriteReg   porting_misc.o
    0x080092cc   0x080092cc   0x00000008   Data   RO          331    .constdata          spi.o
    0x080092d4   0x080092d4   0x00000016   Data   RO          730    .constdata          porting_spi.o
    0x080092ea   0x080092ea   0x00000007   Data   RO         3519    .constdata          profile_tab.o
    0x080092f1   0x080092f1   0x00000007   Data   RO         3520    .constdata          profile_tab.o
    0x080092f8   0x080092f8   0x0000000a   Data   RO         3521    .constdata          profile_tab.o
    0x08009302   0x08009302   0x0000000d   Data   RO         3522    .constdata          profile_tab.o
    0x0800930f   0x0800930f   0x0000000a   Data   RO         3523    .constdata          profile_tab.o
    0x08009319   0x08009319   0x00000007   Data   RO         3524    .constdata          profile_tab.o
    0x08009320   0x08009320   0x0000000a   Data   RO         3525    .constdata          profile_tab.o
    0x0800932a   0x0800932a   0x0000000b   Data   RO         3526    .constdata          profile_tab.o
    0x08009335   0x08009335   0x0000000a   Data   RO         3527    .constdata          profile_tab.o
    0x0800933f   0x0800933f   0x00000006   Data   RO         3528    .constdata          profile_tab.o
    0x08009345   0x08009345   0x0000000a   Data   RO         3529    .constdata          profile_tab.o
    0x0800934f   0x0800934f   0x0000000d   Data   RO         3530    .constdata          profile_tab.o
    0x0800935c   0x0800935c   0x00000007   Data   RO         3531    .constdata          profile_tab.o
    0x08009363   0x08009363   0x0000000a   Data   RO         3532    .constdata          profile_tab.o
    0x0800936d   0x0800936d   0x00000009   Data   RO         3533    .constdata          profile_tab.o
    0x08009376   0x08009376   0x00000007   Data   RO         3534    .constdata          profile_tab.o
    0x0800937d   0x0800937d   0x00000007   Data   RO         3535    .constdata          profile_tab.o
    0x08009384   0x08009384   0x0000000a   Data   RO         3536    .constdata          profile_tab.o
    0x0800938e   0x0800938e   0x00000009   Data   RO         3537    .constdata          profile_tab.o
    0x08009397   0x08009397   0x0000000c   Data   RO         3538    .constdata          profile_tab.o
    0x080093a3   0x080093a3   0x0000000a   Data   RO         3539    .constdata          profile_tab.o
    0x080093ad   0x080093ad   0x0000000b   Data   RO         3540    .constdata          profile_tab.o
    0x080093b8   0x080093b8   0x0000000c   Data   RO         3541    .constdata          profile_tab.o
    0x080093c4   0x080093c4   0x0000000a   Data   RO         3542    .constdata          profile_tab.o
    0x080093ce   0x080093ce   0x0000000d   Data   RO         3543    .constdata          profile_tab.o
    0x080093db   0x080093db   0x0000000a   Data   RO         3544    .constdata          profile_tab.o
    0x080093e5   0x080093e5   0x00000009   Data   RO         3545    .constdata          profile_tab.o
    0x080093ee   0x080093ee   0x0000000c   Data   RO         3546    .constdata          profile_tab.o
    0x080093fa   0x080093fa   0x0000000a   Data   RO         3547    .constdata          profile_tab.o
    0x08009404   0x08009404   0x0000000b   Data   RO         3548    .constdata          profile_tab.o
    0x0800940f   0x0800940f   0x0000000c   Data   RO         3549    .constdata          profile_tab.o
    0x0800941b   0x0800941b   0x0000000a   Data   RO         3550    .constdata          profile_tab.o
    0x08009425   0x08009425   0x00000008   Data   RO         3551    .constdata          profile_tab.o
    0x0800942d   0x0800942d   0x0000000c   Data   RO         3552    .constdata          profile_tab.o
    0x08009439   0x08009439   0x0000000a   Data   RO         3553    .constdata          profile_tab.o
    0x08009443   0x08009443   0x00000009   Data   RO         3554    .constdata          profile_tab.o
    0x0800944c   0x0800944c   0x0000000c   Data   RO         3555    .constdata          profile_tab.o
    0x08009458   0x08009458   0x0000000a   Data   RO         3556    .constdata          profile_tab.o
    0x08009462   0x08009462   0x0000000c   Data   RO         3557    .constdata          profile_tab.o
    0x0800946e   0x0800946e   0x00000002   Data   RO         3558    .constdata          profile_tab.o
    0x08009470   0x08009470   0x00000002   Data   RO         3559    .constdata          profile_tab.o
    0x08009472   0x08009472   0x00000002   Data   RO         3562    .constdata          profile_tab.o
    0x08009474   0x08009474   0x00000002   Data   RO         3565    .constdata          profile_tab.o
    0x08009476   0x08009476   0x00000002   Data   RO         3566    .constdata          profile_tab.o
    0x08009478   0x08009478   0x00000002   Data   RO         3567    .constdata          profile_tab.o
    0x0800947a   0x0800947a   0x00000002   Data   RO         3568    .constdata          profile_tab.o
    0x0800947c   0x0800947c   0x00000002   Data   RO         3569    .constdata          profile_tab.o
    0x0800947e   0x0800947e   0x00000002   Data   RO         3570    .constdata          profile_tab.o
    0x08009480   0x08009480   0x00000002   Data   RO         3571    .constdata          profile_tab.o
    0x08009482   0x08009482   0x00000002   Data   RO         3572    .constdata          profile_tab.o
    0x08009484   0x08009484   0x00000002   Data   RO         3573    .constdata          profile_tab.o
    0x08009486   0x08009486   0x00000002   Data   RO         3574    .constdata          profile_tab.o
    0x08009488   0x08009488   0x00000002   Data   RO         3575    .constdata          profile_tab.o
    0x0800948a   0x0800948a   0x00000002   Data   RO         3576    .constdata          profile_tab.o
    0x0800948c   0x0800948c   0x00000002   Data   RO         3577    .constdata          profile_tab.o
    0x0800948e   0x0800948e   0x00000002   Data   RO         3578    .constdata          profile_tab.o
    0x08009490   0x08009490   0x00000002   Data   RO         3579    .constdata          profile_tab.o
    0x08009492   0x08009492   0x00000002   Data   RO         3580    .constdata          profile_tab.o
    0x08009494   0x08009494   0x0000009c   Data   RO         3581    .constdata          profile_tab.o
    0x08009530   0x08009530   0x0000009c   Data   RO         3582    .constdata          profile_tab.o
    0x080095cc   0x080095cc   0x00000354   Data   RO         4444    .constdata          Rafael_BLE_MM32F032xx_s.lib(ll.o)
    0x08009920   0x08009920   0x0000011a   Data   RO         5177    .constdata          Rafael_BLE_MM32F032xx_s.lib(rf_phy.o)
    0x08009a3a   0x08009a3a   0x00000002   PAD
    0x08009a3c   0x08009a3c   0x0000006c   Data   RO         5559    .constdata          Rafael_BLE_MM32F032xx_s.lib(hci.o)
    0x08009aa8   0x08009aa8   0x00000040   Data   RO         5560    .constdata          Rafael_BLE_MM32F032xx_s.lib(hci.o)
    0x08009ae8   0x08009ae8   0x00000008   Data   RO         5561    .constdata          Rafael_BLE_MM32F032xx_s.lib(hci.o)
    0x08009af0   0x08009af0   0x0000000c   Data   RO         5762    .constdata          Rafael_BLE_MM32F032xx_s.lib(host.o)
    0x08009afc   0x08009afc   0x00000004   Data   RO         5845    .constdata          Rafael_BLE_MM32F032xx_s.lib(l2cap.o)
    0x08009b00   0x08009b00   0x000000ac   Data   RO         5945    .constdata          Rafael_BLE_MM32F032xx_s.lib(mmi.o)
    0x08009bac   0x08009bac   0x0000001c   Data   RO         5946    .constdata          Rafael_BLE_MM32F032xx_s.lib(mmi.o)
    0x08009bc8   0x08009bc8   0x00000010   Data   RO         6283    .constdata          Rafael_BLE_MM32F032xx_s.lib(rffunction.o)
    0x08009bd8   0x08009bd8   0x00000020   Data   RO         6749    Region$$Table       anon$$obj.o


    Execution Region RW_IRAM1 (Exec base: 0x20000000, Load base: 0x08009bf8, Size: 0x000017b0, Max: 0x00004000, ABSOLUTE, COMPRESSED[0x000001dc])

    Exec Addr    Load Addr    Size         Type   Attr      Idx    E Section Name        Object

    0x20000000   COMPRESSED   0x00000001   Data   RW          251    .data               user.o
    0x20000001   COMPRESSED   0x00000002   Data   RW          332    .data               spi.o
    0x20000003   COMPRESSED   0x00000001   PAD
    0x20000004   COMPRESSED   0x00000004   Data   RW          420    .data               systick.o
    0x20000008   COMPRESSED   0x00000004   Data   RW          473    .data               uart.o
    0x2000000c   COMPRESSED   0x00000010   Data   RW         1956    .data               hal_rcc.o
    0x2000001c   COMPRESSED   0x00000008   Data   RW         3583    .data               profile_tab.o
    0x20000024   COMPRESSED   0x00000006   Data   RW         3584    .data               profile_tab.o
    0x2000002a   COMPRESSED   0x00000004   Data   RW         3585    .data               profile_tab.o
    0x2000002e   COMPRESSED   0x00000002   Data   RW         3586    .data               profile_tab.o
    0x20000030   COMPRESSED   0x0000009c   Data   RW         3587    .data               profile_tab.o
    0x200000cc   COMPRESSED   0x0000009c   Data   RW         3588    .data               profile_tab.o
    0x20000168   COMPRESSED   0x0000009c   Data   RW         3589    .data               profile_tab.o
    0x20000204   COMPRESSED   0x00000001   Data   RW         3590    .data               profile_tab.o
    0x20000205   COMPRESSED   0x00000003   PAD
    0x20000208   COMPRESSED   0x00000004   Data   RW         3960    .data               Rafael_BLE_MM32F032xx_s.lib(ble_event.o)
    0x2000020c   COMPRESSED   0x00000008   Data   RW         4035    .data               Rafael_BLE_MM32F032xx_s.lib(kernel.o)
    0x20000214   COMPRESSED   0x00000004   PAD
    0x20000218   COMPRESSED   0x000000a8   Data   RW         4450    .data               Rafael_BLE_MM32F032xx_s.lib(ll.o)
    0x200002c0   COMPRESSED   0x00000038   Data   RW         5182    .data               Rafael_BLE_MM32F032xx_s.lib(rf_phy.o)
    0x200002f8   COMPRESSED   0x0000000d   Data   RW         5562    .data               Rafael_BLE_MM32F032xx_s.lib(hci.o)
    0x20000305   COMPRESSED   0x00000007   Data   RW         5763    .data               Rafael_BLE_MM32F032xx_s.lib(host.o)
    0x2000030c   COMPRESSED   0x00000008   Data   RW         5764    .data               Rafael_BLE_MM32F032xx_s.lib(host.o)
    0x20000314   COMPRESSED   0x00000002   Data   RW         5947    .data               Rafael_BLE_MM32F032xx_s.lib(mmi.o)
    0x20000316   COMPRESSED   0x00000010   Data   RW         6284    .data               Rafael_BLE_MM32F032xx_s.lib(rffunction.o)
    0x20000326   COMPRESSED   0x0000000b   Data   RW         6285    .data               Rafael_BLE_MM32F032xx_s.lib(rffunction.o)
    0x20000331   COMPRESSED   0x00000010   Data   RW         6288    .data               Rafael_BLE_MM32F032xx_s.lib(rffunction.o)
    0x20000341   COMPRESSED   0x00000002   Data   RW         6289    .data               Rafael_BLE_MM32F032xx_s.lib(rffunction.o)
    0x20000343   COMPRESSED   0x00000008   Data   RW         6290    .data               Rafael_BLE_MM32F032xx_s.lib(rffunction.o)
    0x2000034b   COMPRESSED   0x00000010   Data   RW         6291    .data               Rafael_BLE_MM32F032xx_s.lib(rffunction.o)
    0x2000035b   COMPRESSED   0x00000010   Data   RW         6292    .data               Rafael_BLE_MM32F032xx_s.lib(rffunction.o)
    0x2000036b   COMPRESSED   0x00000019   Data   RW         6293    .data               Rafael_BLE_MM32F032xx_s.lib(rffunction.o)
    0x20000384   COMPRESSED   0x00000001   Data   RW         6294    .data               Rafael_BLE_MM32F032xx_s.lib(rffunction.o)
    0x20000385   COMPRESSED   0x0000000f   Data   RW         6296    .data               Rafael_BLE_MM32F032xx_s.lib(rffunction.o)
    0x20000394   COMPRESSED   0x00000001   Data   RW         6297    .data               Rafael_BLE_MM32F032xx_s.lib(rffunction.o)
    0x20000395   COMPRESSED   0x00000001   Data   RW         6298    .data               Rafael_BLE_MM32F032xx_s.lib(rffunction.o)
    0x20000396   COMPRESSED   0x00000008   Data   RW         6299    .data               Rafael_BLE_MM32F032xx_s.lib(rffunction.o)
    0x2000039e   COMPRESSED   0x00000002   Data   RW         6300    .data               Rafael_BLE_MM32F032xx_s.lib(rffunction.o)
    0x200003a0   COMPRESSED   0x00000008   Data   RW         6303    .data               Rafael_BLE_MM32F032xx_s.lib(rffunction.o)
    0x200003a8   COMPRESSED   0x00000004   Data   RW         6723    .data               mc_p.l(stdout.o)
    0x200003ac        -       0x00000064   Zero   RW          470    .bss                uart.o
    0x20000410        -       0x0000094c   Zero   RW         4034    .bss                Rafael_BLE_MM32F032xx_s.lib(kernel.o)
    0x20000d5c        -       0x000002d8   Zero   RW         4442    .bss                Rafael_BLE_MM32F032xx_s.lib(ll.o)
    0x20001034        -       0x00000030   Zero   RW         4443    .bss                Rafael_BLE_MM32F032xx_s.lib(ll.o)
    0x20001064        -       0x00000035   Zero   RW         5176    .bss                Rafael_BLE_MM32F032xx_s.lib(rf_phy.o)
    0x20001099        -       0x000000fd   Zero   RW         5844    .bss                Rafael_BLE_MM32F032xx_s.lib(l2cap.o)
    0x20001196   COMPRESSED   0x00000002   PAD
    0x20001198        -       0x00000190   Zero   RW         6274    .bss                Rafael_BLE_MM32F032xx_s.lib(rffunction.o)
    0x20001328        -       0x00000010   Zero   RW         6275    .bss                Rafael_BLE_MM32F032xx_s.lib(rffunction.o)
    0x20001338        -       0x00000010   Zero   RW         6276    .bss                Rafael_BLE_MM32F032xx_s.lib(rffunction.o)
    0x20001348        -       0x00000010   Zero   RW         6277    .bss                Rafael_BLE_MM32F032xx_s.lib(rffunction.o)
    0x20001358        -       0x00000010   Zero   RW         6278    .bss                Rafael_BLE_MM32F032xx_s.lib(rffunction.o)
    0x20001368        -       0x00000010   Zero   RW         6279    .bss                Rafael_BLE_MM32F032xx_s.lib(rffunction.o)
    0x20001378        -       0x0000000a   Zero   RW         6280    .bss                Rafael_BLE_MM32F032xx_s.lib(rffunction.o)
    0x20001382        -       0x0000002a   Zero   RW         6282    .bss                Rafael_BLE_MM32F032xx_s.lib(rffunction.o)
    0x200013ac   COMPRESSED   0x00000004   PAD
    0x200013b0        -       0x00000400   Zero   RW           66    STACK               startup_mm32f032xx_s_keil.o


==============================================================================

Image component sizes


      Code (inc. data)   RO Data    RW Data    ZI Data      Debug   Object Name

       238         26          0          0          0       9121   hal_dma.o
       200         28          0          0          0       6127   hal_exti.o
       200          0          0          0          0       6877   hal_gpio.o
        80         10          0          0          0       2324   hal_misc.o
       240         60          0         16          0       8016   hal_rcc.o
       242          0          0          0          0       7710   hal_spi.o
       208          4          0          0          0       7704   hal_uart.o
       228         68          0          0          0      27905   main.o
        18          0          0          0          0       1035   porting_lltimer.o
       762         34          0          0          0       6660   porting_misc.o
       800         46         22          0          0       6648   porting_spi.o
         4          0        738        489          0       9483   profile_tab.o
      1298         88          8          2          0       7418   spi.o
        88         38        192          0       1024        796   startup_mm32f032xx_s_keil.o
       292         30          0          0          0     132725   system_mm32f032xx_s.o
       176         24          0          4          0       8656   systick.o
       680         52          0          4        100     139129   uart.o
       276         98          0          1          0      11303   user.o

    ----------------------------------------------------------------------
      6044        606        992        520       1124     399637   Object Totals
         0          0         32          0          0          0   (incl. Generated)
        14          0          0          4          0          0   (incl. Padding)

    ----------------------------------------------------------------------

      Code (inc. data)   RO Data    RW Data    ZI Data      Debug   Library Member Name

       298         20          0          0          0      33102   ble_cmd.o
       572         38          0          4          0       4645   ble_event.o
      1402        298        180         13          0      52757   hci.o
       110         20         12         15          0      15626   host.o
      1190        106          0          8       2380      46129   kernel.o
        82         16          4          0        253       4126   l2cap.o
     17248       1216        852        168        776     132632   ll.o
      5172        550        200          2          0      39981   mmi.o
      2440        262        282         56         53      53555   rf_phy.o
      1170        118         16        146        532      27419   rffunction.o
        86          0          0          0          0          0   __dczerorl2.o
         0          0          0          0          0          0   entry.o
         0          0          0          0          0          0   entry10a.o
         0          0          0          0          0          0   entry11a.o
         4          0          0          0          0          0   entry12b.o
         8          4          0          0          0          0   entry2.o
         4          0          0          0          0          0   entry5.o
         0          0          0          0          0          0   entry7b.o
         0          0          0          0          0          0   entry8b.o
         8          4          0          0          0          0   entry9a.o
        30          0          0          0          0          0   handlers.o
        40          0          0          0          0         72   idiv.o
        36          8          0          0          0         68   init.o
        32          0          0          0          0         68   llshl.o
        34          0          0          0          0         68   llushr.o
        36          0          0          0          0        100   memseta.o
      1172         52          0          0          0        324   printf8.o
         0          0          0          4          0          0   stdout.o
        44          0          0          0          0         72   uidiv.o
        96          0          0          0          0         84   uldiv.o

    ----------------------------------------------------------------------
     31344       2712       1548        420       4000     410828   Library Totals
        30          0          2          4          6          0   (incl. Padding)

    ----------------------------------------------------------------------

      Code (inc. data)   RO Data    RW Data    ZI Data      Debug   Library Name

     29684       2644       1546        412       3994     409972   Rafael_BLE_MM32F032xx_s.lib
      1630         68          0          4          0        856   mc_p.l

    ----------------------------------------------------------------------
     31344       2712       1548        420       4000     410828   Library Totals

    ----------------------------------------------------------------------

==============================================================================


      Code (inc. data)   RO Data    RW Data    ZI Data      Debug   

     37388       3318       2540        940       5124     792597   Grand Totals
     37388       3318       2540        476       5124     792597   ELF Image Totals (compressed)
     37388       3318       2540        476          0          0   ROM Totals

==============================================================================

    Total RO  Size (Code + RO Data)                39928 (  38.99kB)
    Total RW  Size (RW Data + ZI Data)              6064 (   5.92kB)
    Total ROM Size (Code + RO Data + RW Data)      40404 (  39.46kB)

==============================================================================

