<html>
<body>
<pre>
<h1>礦ision Build Log</h1>
<h2>Tool Versions:</h2>
IDE-Version: μVision V5.33.0.0
Copyright (C) 2020 ARM Ltd and ARM Germany GmbH. All rights reserved.
License Information: 紫色的天空 紫色的天空, 紫色的天空, LIC=WHYH9-4BGR5-VEAHA-17S6E-BUKXT-D243M
 
Tool Versions:
Toolchain:       MDK-ARM Plus  Version: 5.33.0.0
Toolchain Path:  C:\Keil_v5\ARM\ARMCC\Bin
C Compiler:      Armcc.exe V5.06 update 7 (build 960)
Assembler:       Armasm.exe V5.06 update 7 (build 960)
Linker/Locator:  ArmLink.exe V5.06 update 7 (build 960)
Library Manager: ArmAr.exe V5.06 update 7 (build 960)
Hex Converter:   FromElf.exe V5.06 update 7 (build 960)
CPU DLL:         SARMCM3.DLL V5.33.0.0
Dialog DLL:      DARMCM1.DLL V1.19.4.0
Target DLL:      CMSIS_AGDI.dll V1.32.12.0
Dialog DLL:      TARMCM1.DLL V1.14.3.0
 
<h2>Project:</h2>
C:\Users\Administrator\Desktop\MM32_RTL\mm32_RTL568_RTOS\1_SampleCode_HAL\Rafael_BLE_ThroughtOut_RTOS_DEMO\MDK-ARM\SysTick_DelayMs.uvprojx
Project File Date:  12/16/2020

<h2>Output:</h2>
*** Using Compiler 'V5.06 update 7 (build 960)', folder: 'C:\Keil_v5\ARM\ARMCC\Bin'
Rebuild target 'MM32F032R8T6'
assembling startup_MM32F032xx_s_KEIL.s...
compiling system_MM32F032xx_s.c...
compiling spi.c...
compiling main.c...
compiling bsp_led.c...
compiling systick.c...
compiling user.c...
compiling uart.c...
compiling HAL_bkp.c...
compiling HAL_adc.c...
compiling HAL_crc.c...
compiling HAL_dbg.c...
compiling HAL_dma.c...
compiling HAL_flash.c...
compiling HAL_exti.c...
compiling HAL_gpio.c...
compiling HAL_i2c.c...
compiling HAL_iwdg.c...
compiling HAL_misc.c...
compiling HAL_pwr.c...
compiling HAL_rtc.c...
compiling HAL_rcc.c...
compiling HAL_spi.c...
compiling croutine.c...
compiling HAL_uart.c...
compiling HAL_uid.c...
compiling HAL_tim.c...
compiling event_groups.c...
compiling list.c...
compiling HAL_ver.c...
compiling HAL_wwdg.c...
compiling queue.c...
compiling stream_buffer.c...
compiling timers.c...
compiling heap_4.c...
compiling tasks.c...
compiling port.c...
compiling porting_flash.c...
compiling porting_misc.c...
compiling porting_spi.c...
compiling porting_LLtimer.c...
compiling bonding_storage.c...
compiling profile_tab.c...
linking...
Program Size: Code=46388 RO-data=3372 RW-data=1200 ZI-data=12960  
FromELF: creating hex file...
After Build - User command #1: fromelf --bin "C:\Users\Administrator\Desktop\MM32_RTL\mm32_RTL568_RTOS\1_SampleCode_HAL\Rafael_BLE_ThroughtOut_RTOS_DEMO\MDK-ARM\Objects\SysTick_DelayMs.axf" --output "C:\Users\Administrator\Desktop\MM32_RTL\mm32_RTL568_RTOS\1_SampleCode_HAL\Rafael_BLE_ThroughtOut_RTOS_DEMO\MDK-ARM\Objects\SysTick_DelayMs.bin"
".\Objects\SysTick_DelayMs.axf" - 0 Error(s), 0 Warning(s).

<h2>Software Packages used:</h2>

Package Vendor: MindMotion
                http://www.mindmotion.com.cn/Download/MDK_KEIL/MindMotion.MM32F032_DFP.1.0.2.pack
                MindMotion.MM32F032_DFP.1.0.2
                MindMotion MM32F032 Series Device Support, Drivers and Examples

<h2>Collection of Component include folders:</h2>

<h2>Collection of Component Files used:</h2>
Build Time Elapsed:  00:00:04
</pre>
</body>
</html>
