Component: ARM Compiler 5.06 update 7 (build 960) Tool: armlink [4d3601]

==============================================================================

Section Cross References

    system_mm32f032xx_s.o(i.AutoCalPllFactor) refers to uidiv.o(.text) for __aeabi_uidivmod
    system_mm32f032xx_s.o(i.SystemInit) refers to system_mm32f032xx_s.o(i.SetSysClockTo48) for SetSysClockTo48
    startup_mm32f032xx_s_keil.o(RESET) refers to startup_mm32f032xx_s_keil.o(STACK) for __initial_sp
    startup_mm32f032xx_s_keil.o(RESET) refers to startup_mm32f032xx_s_keil.o(.text) for Reset_Handler
    startup_mm32f032xx_s_keil.o(RESET) refers to systick.o(i.SysTick_Handler) for SysTick_Handler
    startup_mm32f032xx_s_keil.o(RESET) refers to bsp_misc.o(i.EXTI4_15_IRQHandler) for EXTI4_15_IRQHandler
    startup_mm32f032xx_s_keil.o(RESET) refers to spi.o(i.DMA1_Channel2_3_IRQHandler) for DMA1_Channel2_3_IRQHandler
    startup_mm32f032xx_s_keil.o(RESET) refers to spi.o(i.DMA1_Channel4_5_IRQHandler) for DMA1_Channel4_5_IRQHandler
    startup_mm32f032xx_s_keil.o(RESET) refers to ble_dtm.o(i.TIM16_IRQHandler) for TIM16_IRQHandler
    startup_mm32f032xx_s_keil.o(RESET) refers to ble_dtm.o(i.TIM17_IRQHandler) for TIM17_IRQHandler
    startup_mm32f032xx_s_keil.o(.text) refers to startup_mm32f032xx_s_keil.o(STACK) for __initial_sp
    startup_mm32f032xx_s_keil.o(.text) refers to system_mm32f032xx_s.o(i.SystemInit) for SystemInit
    startup_mm32f032xx_s_keil.o(.text) refers to entry.o(.ARM.Collect$$$$00000000) for __main
    main.o(i.BleApp_Main) refers to main.o(i.DTM_Main_Loop) for DTM_Main_Loop
    main.o(i.DTM_Main_Loop) refers to ble_dtm.o(i.dtm_init) for dtm_init
    main.o(i.DTM_Main_Loop) refers to bsp_misc.o(i.TIMER_EnableInt) for TIMER_EnableInt
    main.o(i.DTM_Main_Loop) refers to ble_dtm.o(i.dtm_wait) for dtm_wait
    main.o(i.DTM_Main_Loop) refers to hal_uart.o(i.UART_GetFlagStatus) for UART_GetFlagStatus
    main.o(i.DTM_Main_Loop) refers to hal_uart.o(i.UART_ClearITPendingBit) for UART_ClearITPendingBit
    main.o(i.DTM_Main_Loop) refers to hal_uart.o(i.UART_ReceiveData) for UART_ReceiveData
    main.o(i.DTM_Main_Loop) refers to ble_dtm.o(i.dtm_cmd_put) for dtm_cmd_put
    main.o(i.DTM_Main_Loop) refers to ble_dtm.o(i.dtm_event_get) for dtm_event_get
    main.o(i.DTM_Main_Loop) refers to hal_uart.o(i.UART_SendData) for UART_SendData
    main.o(i.RF_Open) refers to systick.o(i.SysTick_DelayMs) for SysTick_DelayMs
    main.o(i.RF_Open) refers to hal_rcc.o(i.RCC_AHBPeriphClockCmd) for RCC_AHBPeriphClockCmd
    main.o(i.RF_Open) refers to hal_gpio.o(i.GPIO_StructInit) for GPIO_StructInit
    main.o(i.RF_Open) refers to hal_gpio.o(i.GPIO_Init) for GPIO_Init
    main.o(i.RF_Open) refers to hal_gpio.o(i.GPIO_SetBits) for GPIO_SetBits
    main.o(i.RF_Open) refers to hal_gpio.o(i.GPIO_ResetBits) for GPIO_ResetBits
    main.o(i.RF_Open) refers to main.o(i.RF_SpiIoMapping) for RF_SpiIoMapping
    main.o(i.RF_Open) refers to rf_phy.o(i.RF_Init) for RF_Init
    main.o(i.RF_SpiIoMapping) refers to main.o(i.SPI_GPIO_Init) for SPI_GPIO_Init
    main.o(i.RF_SpiIoMapping) refers to bsp_misc.o(i.delay_us) for delay_us
    main.o(i.RF_SpiIoMapping) refers to main.o(i.spiGpioWriteReg) for spiGpioWriteReg
    main.o(i.RF_SpiIoMapping) refers to systick.o(i.SysTick_DelayMs) for SysTick_DelayMs
    main.o(i.RF_SpiIoMapping) refers to bsp_misc.o(i.MCU_GpioPinInit) for MCU_GpioPinInit
    main.o(i.RF_SpiIoMapping) refers to bsp_spi_ble.o(i.BSP_SPI_BLE_Init) for BSP_SPI_BLE_Init
    main.o(i.RF_SpiIoMapping) refers to bsp_spi_ble.o(i.SPI_1BYT_SetTx) for SPI_1BYT_SetTx
    main.o(i.SPI_GPIO_Init) refers to hal_rcc.o(i.RCC_AHBPeriphClockCmd) for RCC_AHBPeriphClockCmd
    main.o(i.SPI_GPIO_Init) refers to hal_gpio.o(i.GPIO_StructInit) for GPIO_StructInit
    main.o(i.SPI_GPIO_Init) refers to hal_gpio.o(i.GPIO_Init) for GPIO_Init
    main.o(i.main) refers to systick.o(i.SysTick_Init) for SysTick_Init
    main.o(i.main) refers to uart.o(i.UARTx_Configure) for UARTx_Configure
    main.o(i.main) refers to main.o(i.RF_Open) for RF_Open
    main.o(i.main) refers to printf5.o(i.__0printf$5) for __2printf
    main.o(i.main) refers to bsp_spi_ble.o(i.SPI_1BYT_SetRx) for SPI_1BYT_SetRx
    main.o(i.main) refers to main.o(i.DTM_Main_Loop) for DTM_Main_Loop
    main.o(i.spiGpioWriteReg) refers to bsp_misc.o(i.delay_us) for delay_us
    rf_phy.o(i.BleTxFIFOAddr_Get) refers to rf_phy.o(.data) for addr_TxFIFO
    rf_phy.o(i.Ble_SW_Init) refers to rf_phy.o(i.RF_Tmr_Periodic_initial) for RF_Tmr_Periodic_initial
    rf_phy.o(i.Ble_SW_Init) refers to rf_phy.o(i.RF_WTR_intOn) for RF_WTR_intOn
    rf_phy.o(i.Ble_SW_Init) refers to rf_phy.o(.data) for .data
    rf_phy.o(i.ChipId_Get) refers to rf_phy.o(.data) for ChipVer
    rf_phy.o(i.RF_CCM_AES_Mode_set) refers to bsp_spi_ble.o(i.SPI_1BYT_SetTx_Isr) for SPI_1BYT_SetTx_Isr
    rf_phy.o(i.RF_Enter_DeepSleep) refers to bsp_spi_ble.o(i.SPI_1BYT_SetTx) for SPI_1BYT_SetTx
[...]
    Removing hal_bkp.o(i.exBKP_Init), (28 bytes).
    Removing hal_crc.o(.rev16_text), (4 bytes).
    Removing hal_crc.o(.revsh_text), (4 bytes).
    Removing hal_crc.o(i.CRC_CalcBlockCRC), (28 bytes).
    Removing hal_crc.o(i.CRC_CalcCRC), (16 bytes).
    Removing hal_crc.o(i.CRC_GetCRC), (12 bytes).
    Removing hal_crc.o(i.CRC_GetIDRegister), (12 bytes).
    Removing hal_crc.o(i.CRC_ResetDR), (12 bytes).
    Removing hal_crc.o(i.CRC_SetIDRegister), (12 bytes).
    Removing hal_dbg.o(.rev16_text), (4 bytes).
    Removing hal_dbg.o(.revsh_text), (4 bytes).
    Removing hal_dbg.o(i.DBGMCU_Configure), (24 bytes).
    Removing hal_dma.o(.rev16_text), (4 bytes).
    Removing hal_dma.o(.revsh_text), (4 bytes).
    Removing hal_dma.o(i.DMA_ClearFlag), (12 bytes).
    Removing hal_dma.o(i.DMA_GetCurrDataCounter), (6 bytes).
    Removing hal_dma.o(i.DMA_GetFlagStatus), (20 bytes).
    Removing hal_dma.o(i.exDMA_ClearITPendingBit), (36 bytes).
    Removing hal_dma.o(i.exDMA_SetMemoryAddress), (4 bytes).
    Removing hal_dma.o(i.exDMA_SetPeripheralAddress), (4 bytes).
    Removing hal_dma.o(i.exDMA_SetTransmitLen), (4 bytes).
    Removing hal_exti.o(.rev16_text), (4 bytes).
    Removing hal_exti.o(.revsh_text), (4 bytes).
    Removing hal_exti.o(i.EXTI_ClearFlag), (12 bytes).
    Removing hal_exti.o(i.EXTI_DMAChannelRemapConfig), (24 bytes).
    Removing hal_exti.o(i.EXTI_DeInit), (36 bytes).
    Removing hal_exti.o(i.EXTI_GenerateSWInterrupt), (16 bytes).
    Removing hal_exti.o(i.EXTI_GetFlagStatus), (20 bytes).
    Removing hal_exti.o(i.EXTI_MemoryRemapConfig), (20 bytes).
    Removing hal_exti.o(i.EXTI_StructInit), (14 bytes).
    Removing hal_exti.o(i.exEXTI_GetAllFlagStatus), (12 bytes).
    Removing hal_flash.o(.rev16_text), (4 bytes).
    Removing hal_flash.o(.revsh_text), (4 bytes).
    Removing hal_flash.o(i.FLASH_ClearFlag), (12 bytes).
    Removing hal_flash.o(i.FLASH_EnableWriteProtection), (44 bytes).
    Removing hal_flash.o(i.FLASH_EraseAllPages), (36 bytes).
    Removing hal_flash.o(i.FLASH_EraseOptionBytes), (40 bytes).
    Removing hal_flash.o(i.FLASH_ErasePage), (40 bytes).
    Removing hal_flash.o(i.FLASH_EraseProtect), (40 bytes).
    Removing hal_flash.o(i.FLASH_GetFlagStatus), (36 bytes).
    Removing hal_flash.o(i.FLASH_GetPrefetchBufferStatus), (16 bytes).
    Removing hal_flash.o(i.FLASH_GetStatus), (40 bytes).
    Removing hal_flash.o(i.FLASH_GetUserOptionByte), (12 bytes).
    Removing hal_flash.o(i.FLASH_GetWriteProtectionOptionByte), (12 bytes).
    Removing hal_flash.o(i.FLASH_HalfCycleAccessCmd), (24 bytes).
    Removing hal_flash.o(i.FLASH_ITConfig), (24 bytes).
    Removing hal_flash.o(i.FLASH_Lock), (16 bytes).
    Removing hal_flash.o(i.FLASH_OPTB_Enable), (24 bytes).
    Removing hal_flash.o(i.FLASH_PrefetchBufferCmd), (24 bytes).
    Removing hal_flash.o(i.FLASH_ProgramHalfWord), (28 bytes).
    Removing hal_flash.o(i.FLASH_ProgramOptionByteData), (36 bytes).
    Removing hal_flash.o(i.FLASH_ProgramOptionHalfWord), (36 bytes).
    Removing hal_flash.o(i.FLASH_ProgramProtect), (8 bytes).
    Removing hal_flash.o(i.FLASH_ProgramWord), (26 bytes).
    Removing hal_flash.o(i.FLASH_SetLatency), (20 bytes).
    Removing hal_flash.o(i.FLASH_Unlock), (24 bytes).
    Removing hal_flash.o(i.FLASH_UserOptionByteConfig), (60 bytes).
    Removing hal_flash.o(i.FLASH_WaitForLastOperation), (48 bytes).
    Removing hal_flash.o(i.exFLASH_EraseEE), (20 bytes).
    Removing hal_flash.o(i.exFLASH_FindEmpty), (40 bytes).
    Removing hal_flash.o(i.exFLASH_Locate), (60 bytes).
    Removing hal_flash.o(i.exFLASH_ProgramEE), (42 bytes).
    Removing hal_flash.o(i.exFLASH_ReadEE), (20 bytes).
    Removing hal_flash.o(i.exFLASH_WriteEE), (96 bytes).
    Removing hal_iwdg.o(.rev16_text), (4 bytes).
    Removing hal_iwdg.o(.revsh_text), (4 bytes).
    Removing hal_iwdg.o(i.IWDG_ClearIT), (16 bytes).
    Removing hal_iwdg.o(i.IWDG_ClearITPendingBit), (16 bytes).
    Removing hal_iwdg.o(i.IWDG_Enable), (16 bytes).
    Removing hal_iwdg.o(i.IWDG_EnableIT), (16 bytes).
    Removing hal_iwdg.o(i.IWDG_GetFlagStatus), (20 bytes).
    Removing hal_iwdg.o(i.IWDG_GetReload), (12 bytes).
    Removing hal_iwdg.o(i.IWDG_OverflowConfig), (24 bytes).
    Removing hal_iwdg.o(i.IWDG_ReloadCounter), (16 bytes).
    Removing hal_iwdg.o(i.IWDG_Reset), (16 bytes).
    Removing hal_iwdg.o(i.IWDG_SetPrescaler), (16 bytes).
    Removing hal_iwdg.o(i.IWDG_SetReload), (16 bytes).
    Removing hal_iwdg.o(i.IWDG_WriteAccessCmd), (12 bytes).
    Removing hal_iwdg.o(i.PVU_CheckStatus), (14 bytes).
    Removing hal_iwdg.o(i.RVU_CheckStatus), (14 bytes).
    Removing hal_misc.o(.rev16_text), (4 bytes).
    Removing hal_misc.o(.revsh_text), (4 bytes).
    Removing hal_misc.o(i.NVIC_SystemLPConfig), (24 bytes).
    Removing hal_misc.o(i.SysTick_CLKSourceConfig), (24 bytes).
    Removing hal_misc.o(i.exNVIC_Init), (80 bytes).
    Removing hal_pwr.o(.rev16_text), (4 bytes).
    Removing hal_pwr.o(.revsh_text), (4 bytes).
    Removing hal_pwr.o(i.PWR_BackupAccessCmd), (24 bytes).
    Removing hal_pwr.o(i.PWR_ClearFlag), (16 bytes).
    Removing hal_pwr.o(i.PWR_DeInit), (12 bytes).
    Removing hal_pwr.o(i.PWR_EnterSTANDBYMode), (32 bytes).
    Removing hal_pwr.o(i.PWR_EnterSTOPMode), (40 bytes).
    Removing hal_pwr.o(i.PWR_GetFlagStatus), (16 bytes).
    Removing hal_pwr.o(i.PWR_PVDCmd), (24 bytes).
    Removing hal_pwr.o(i.PWR_PVDLevelConfig), (20 bytes).
    Removing hal_pwr.o(i.PWR_WakeUpPinCmd), (24 bytes).
    Removing hal_pwr.o(i.exPWR_EnterLowPowerMode), (48 bytes).
    Removing hal_rtc.o(.rev16_text), (4 bytes).
    Removing hal_rtc.o(.revsh_text), (4 bytes).
    Removing hal_rtc.o(i.RTC_ClearFlag), (16 bytes).
    Removing hal_rtc.o(i.RTC_ClearITPendingBit), (16 bytes).
    Removing hal_rtc.o(i.RTC_EnterConfigMode), (16 bytes).
    Removing hal_rtc.o(i.RTC_ExitConfigMode), (24 bytes).
    Removing hal_rtc.o(i.RTC_GetCounter), (16 bytes).
    Removing hal_rtc.o(i.RTC_GetDivider), (20 bytes).
    Removing hal_rtc.o(i.RTC_GetFlagStatus), (12 bytes).
    Removing hal_rtc.o(i.RTC_GetITStatus), (12 bytes).
    Removing hal_rtc.o(i.RTC_ITConfig), (28 bytes).
    Removing hal_rtc.o(i.RTC_SetAlarm), (28 bytes).
    Removing hal_rtc.o(i.RTC_SetCounter), (28 bytes).
    Removing hal_rtc.o(i.RTC_SetPrescaler), (28 bytes).
    Removing hal_rtc.o(i.RTC_WaitForLastTask), (16 bytes).
    Removing hal_rtc.o(i.RTC_WaitForSynchro), (24 bytes).
    Removing hal_rtc.o(.data), (1 bytes).
    Removing hal_spi.o(.rev16_text), (4 bytes).
    Removing hal_spi.o(.revsh_text), (4 bytes).
    Removing hal_spi.o(i.SPI_ClearITPendingBit), (8 bytes).
    Removing hal_spi.o(i.SPI_DataSizeConfig), (22 bytes).
    Removing hal_spi.o(i.SPI_DeInit), (60 bytes).
    Removing hal_spi.o(i.SPI_FifoTrigger), (16 bytes).
    Removing hal_spi.o(i.SPI_GetFlagStatus), (10 bytes).
    Removing hal_spi.o(i.SPI_GetITStatus), (10 bytes).
    Removing hal_spi.o(i.SPI_ITConfig), (34 bytes).
    Removing hal_spi.o(i.SPI_NSSInternalSoftwareConfig), (20 bytes).
    Removing hal_spi.o(i.SPI_ReceiveData), (52 bytes).
    Removing hal_spi.o(i.SPI_RxBytes), (4 bytes).
    Removing hal_spi.o(i.SPI_SendData), (44 bytes).
    Removing hal_spi.o(i.SPI_SlaveAdjust), (18 bytes).
    Removing hal_spi.o(i.exSPI_CSInternalSelected), (20 bytes).
    Removing hal_spi.o(i.exSPI_DMACmd), (20 bytes).
    Removing hal_spi.o(i.exSPI_DataEdgeAdjust), (30 bytes).
    Removing hal_spi.o(i.exSPI_ITCmd), (18 bytes).
    Removing hal_spi.o(i.exSPI_ITConfig), (16 bytes).
    Removing hal_uart.o(.rev16_text), (4 bytes).
    Removing hal_uart.o(.revsh_text), (4 bytes).
    Removing hal_uart.o(i.UART_DMACmd), (14 bytes).
    Removing hal_uart.o(i.UART_DeInit), (44 bytes).
    Removing hal_uart.o(i.UART_Enable9bit), (16 bytes).
    Removing hal_uart.o(i.UART_GetITStatus), (10 bytes).
    Removing hal_uart.o(i.UART_HalfDuplexCmd), (16 bytes).
    Removing hal_uart.o(i.UART_ITConfig), (16 bytes).
    Removing hal_uart.o(i.UART_ReceiverWakeUpCmd), (16 bytes).
    Removing hal_uart.o(i.UART_SendBreak), (10 bytes).
    Removing hal_uart.o(i.UART_Set9bitAutomaticToggle), (16 bytes).
    Removing hal_uart.o(i.UART_Set9bitLevel), (16 bytes).
    Removing hal_uart.o(i.UART_Set9bitPolarity), (14 bytes).
    Removing hal_uart.o(i.UART_SetGuardTime), (16 bytes).
    Removing hal_uart.o(i.UART_SetRXAddress), (12 bytes).
    Removing hal_uart.o(i.UART_SetRXMASK), (12 bytes).
    Removing hal_uart.o(i.UART_SmartCardCmd), (12 bytes).
    Removing hal_uart.o(i.UART_SmartCardNACKCmd), (14 bytes).
    Removing hal_uart.o(i.UART_WakeUpConfig), (14 bytes).
    Removing hal_uid.o(.rev16_text), (4 bytes).
    Removing hal_uid.o(.revsh_text), (4 bytes).
    Removing hal_uid.o(i.GetChipUID), (28 bytes).
    Removing hal_uid.o(.bss), (12 bytes).
    Removing hal_wwdg.o(.rev16_text), (4 bytes).
    Removing hal_wwdg.o(.revsh_text), (4 bytes).
    Removing hal_wwdg.o(i.WWDG_ClearFlag), (16 bytes).
    Removing hal_wwdg.o(i.WWDG_DeInit), (12 bytes).
    Removing hal_wwdg.o(i.WWDG_Enable), (16 bytes).
    Removing hal_wwdg.o(i.WWDG_EnableIT), (16 bytes).
    Removing hal_wwdg.o(i.WWDG_GetCounter), (16 bytes).
    Removing hal_wwdg.o(i.WWDG_GetFlagStatus), (16 bytes).
    Removing hal_wwdg.o(i.WWDG_SetCounter), (16 bytes).
    Removing hal_wwdg.o(i.WWDG_SetPrescaler), (20 bytes).
    Removing hal_wwdg.o(i.WWDG_SetWindowValue), (24 bytes).
    Removing dadd.o(.text), (360 bytes).
    Removing dmul.o(.text), (208 bytes).
    Removing ddiv.o(.text), (240 bytes).
    Removing dfixul.o(.text), (64 bytes).
    Removing cdrcmple.o(.text), (40 bytes).
    Removing depilogue.o(.text), (190 bytes).
    Removing depilogue.o(i.__ARM_clz), (46 bytes).

454 unused section(s) (total 15514 bytes) removed from the image.

==============================================================================

Image Symbol Table

    Local Symbols

    Symbol Name                              Value     Ov Type        Size  Object(Section)

    ../clib/../cmprslib/zerorunl2.c          0x00000000   Number         0  __dczerorl2.o ABSOLUTE
    ../clib/microlib/division.c              0x00000000   Number         0  uldiv.o ABSOLUTE
    ../clib/microlib/division.c              0x00000000   Number         0  uidiv.o ABSOLUTE
    ../clib/microlib/division.c              0x00000000   Number         0  idiv.o ABSOLUTE
    ../clib/microlib/init/entry.s            0x00000000   Number         0  entry12a.o ABSOLUTE
    ../clib/microlib/init/entry.s            0x00000000   Number         0  entry8b.o ABSOLUTE
    ../clib/microlib/init/entry.s            0x00000000   Number         0  entry8a.o ABSOLUTE
    ../clib/microlib/init/entry.s            0x00000000   Number         0  entry10a.o ABSOLUTE
    ../clib/microlib/init/entry.s            0x00000000   Number         0  entry7b.o ABSOLUTE
    ../clib/microlib/init/entry.s            0x00000000   Number         0  entry.o ABSOLUTE
    ../clib/microlib/init/entry.s            0x00000000   Number         0  entry7a.o ABSOLUTE
    ../clib/microlib/init/entry.s            0x00000000   Number         0  entry9b.o ABSOLUTE
    ../clib/microlib/init/entry.s            0x00000000   Number         0  entry5.o ABSOLUTE
    ../clib/microlib/init/entry.s            0x00000000   Number         0  entry10b.o ABSOLUTE
    ../clib/microlib/init/entry.s            0x00000000   Number         0  entry2.o ABSOLUTE
    ../clib/microlib/init/entry.s            0x00000000   Number         0  entry11b.o ABSOLUTE
    ../clib/microlib/init/entry.s            0x00000000   Number         0  entry9a.o ABSOLUTE
    ../clib/microlib/init/entry.s            0x00000000   Number         0  entry12b.o ABSOLUTE
    ../clib/microlib/init/entry.s            0x00000000   Number         0  entry11a.o ABSOLUTE
    ../clib/microlib/longlong.c              0x00000000   Number         0  llushr.o ABSOLUTE
    ../clib/microlib/longlong.c              0x00000000   Number         0  llsshr.o ABSOLUTE
    ../clib/microlib/longlong.c              0x00000000   Number         0  llshl.o ABSOLUTE
    ../clib/microlib/printf/printf.c         0x00000000   Number         0  printf2.o ABSOLUTE
    ../clib/microlib/printf/printf.c         0x00000000   Number         0  printfb.o ABSOLUTE
    ../clib/microlib/printf/printf.c         0x00000000   Number         0  printf1.o ABSOLUTE
    ../clib/microlib/printf/printf.c         0x00000000   Number         0  printf8.o ABSOLUTE
    ../clib/microlib/printf/printf.c         0x00000000   Number         0  printf6.o ABSOLUTE
    ../clib/microlib/printf/printf.c         0x00000000   Number         0  printf5.o ABSOLUTE
    ../clib/microlib/printf/printf.c         0x00000000   Number         0  printf4.o ABSOLUTE
    ../clib/microlib/printf/printf.c         0x00000000   Number         0  printf7.o ABSOLUTE
    ../clib/microlib/printf/printf.c         0x00000000   Number         0  printfa.o ABSOLUTE
    ../clib/microlib/printf/printf.c         0x00000000   Number         0  printf0.o ABSOLUTE
    ../clib/microlib/printf/printf.c         0x00000000   Number         0  printf3.o ABSOLUTE
    ../clib/microlib/printf/stubs.s          0x00000000   Number         0  stubs.o ABSOLUTE
    ../clib/microlib/stdio/streams.c         0x00000000   Number         0  stdout.o ABSOLUTE
    ../clib/microlib/stdlib/rand.c           0x00000000   Number         0  rand.o ABSOLUTE
    ../clib/microlib/string/memcmp.c         0x00000000   Number         0  memcmp.o ABSOLUTE
    ../clib/microlib/string/memcpy.c         0x00000000   Number         0  memcpyb.o ABSOLUTE
    ../clib/microlib/string/memcpy.c         0x00000000   Number         0  memcpya.o ABSOLUTE
    ../clib/microlib/string/memset.c         0x00000000   Number         0  memseta.o ABSOLUTE
    ../clib/microlib/stubs.s                 0x00000000   Number         0  iusefp.o ABSOLUTE
    ../fplib/microlib/fpadd.c                0x00000000   Number         0  dadd.o ABSOLUTE
    ../fplib/microlib/fpdiv.c                0x00000000   Number         0  ddiv.o ABSOLUTE
    ../fplib/microlib/fpepilogue.c           0x00000000   Number         0  depilogue.o ABSOLUTE
    ../fplib/microlib/fpfix.c                0x00000000   Number         0  dfixul.o ABSOLUTE
    ../fplib/microlib/fpmul.c                0x00000000   Number         0  dmul.o ABSOLUTE
    ..\..\..\2_Device\MM32F032xx_s\HAL_lib\src\HAL_adc.c 0x00000000   Number         0  hal_adc.o ABSOLUTE
    ..\..\..\2_Device\MM32F032xx_s\HAL_lib\src\HAL_bkp.c 0x00000000   Number         0  hal_bkp.o ABSOLUTE
    ..\..\..\2_Device\MM32F032xx_s\HAL_lib\src\HAL_crc.c 0x00000000   Number         0  hal_crc.o ABSOLUTE
    ..\..\..\2_Device\MM32F032xx_s\HAL_lib\src\HAL_dbg.c 0x00000000   Number         0  hal_dbg.o ABSOLUTE
    ..\..\..\2_Device\MM32F032xx_s\HAL_lib\src\HAL_dma.c 0x00000000   Number         0  hal_dma.o ABSOLUTE
    ..\..\..\2_Device\MM32F032xx_s\HAL_lib\src\HAL_exti.c 0x00000000   Number         0  hal_exti.o ABSOLUTE
    ..\..\..\2_Device\MM32F032xx_s\HAL_lib\src\HAL_flash.c 0x00000000   Number         0  hal_flash.o ABSOLUTE
    ..\..\..\2_Device\MM32F032xx_s\HAL_lib\src\HAL_gpio.c 0x00000000   Number         0  hal_gpio.o ABSOLUTE
    ..\..\..\2_Device\MM32F032xx_s\HAL_lib\src\HAL_i2c.c 0x00000000   Number         0  hal_i2c.o ABSOLUTE
    ..\..\..\2_Device\MM32F032xx_s\HAL_lib\src\HAL_iwdg.c 0x00000000   Number         0  hal_iwdg.o ABSOLUTE
    ..\..\..\2_Device\MM32F032xx_s\HAL_lib\src\HAL_misc.c 0x00000000   Number         0  hal_misc.o ABSOLUTE
    ..\..\..\2_Device\MM32F032xx_s\HAL_lib\src\HAL_pwr.c 0x00000000   Number         0  hal_pwr.o ABSOLUTE
    ..\..\..\2_Device\MM32F032xx_s\HAL_lib\src\HAL_rcc.c 0x00000000   Number         0  hal_rcc.o ABSOLUTE
    ..\..\..\2_Device\MM32F032xx_s\HAL_lib\src\HAL_rtc.c 0x00000000   Number         0  hal_rtc.o ABSOLUTE
    ..\..\..\2_Device\MM32F032xx_s\HAL_lib\src\HAL_spi.c 0x00000000   Number         0  hal_spi.o ABSOLUTE
    ..\..\..\2_Device\MM32F032xx_s\HAL_lib\src\HAL_tim.c 0x00000000   Number         0  hal_tim.o ABSOLUTE
    ..\..\..\2_Device\MM32F032xx_s\HAL_lib\src\HAL_uart.c 0x00000000   Number         0  hal_uart.o ABSOLUTE
    ..\..\..\2_Device\MM32F032xx_s\HAL_lib\src\HAL_uid.c 0x00000000   Number         0  hal_uid.o ABSOLUTE
    ..\..\..\2_Device\MM32F032xx_s\HAL_lib\src\HAL_ver.c 0x00000000   Number         0  hal_ver.o ABSOLUTE
    ..\..\..\2_Device\MM32F032xx_s\HAL_lib\src\HAL_wwdg.c 0x00000000   Number         0  hal_wwdg.o ABSOLUTE
    ..\..\..\2_Device\MM32F032xx_s\Source\KEIL_StartAsm\startup_MM32F032xx_s_KEIL.s 0x00000000   Number         0  startup_mm32f032xx_s_keil.o ABSOLUTE
    ..\..\..\2_Device\MM32F032xx_s\Source\system_MM32F032xx_s.c 0x00000000   Number         0  system_mm32f032xx_s.o ABSOLUTE
    ..\APP\main.c                            0x00000000   Number         0  main.o ABSOLUTE
    ..\APP\rf_source\ble_dtm.c               0x00000000   Number         0  ble_dtm.o ABSOLUTE
    ..\APP\rf_source\rf_phy.c                0x00000000   Number         0  rf_phy.o ABSOLUTE
    ..\BSP\bsp_misc.c                        0x00000000   Number         0  bsp_misc.o ABSOLUTE
    ..\BSP\bsp_spi_ble.c                     0x00000000   Number         0  bsp_spi_ble.o ABSOLUTE
    ..\Peripheral\flash.c                    0x00000000   Number         0  flash.o ABSOLUTE
    ..\Peripheral\spi.c                      0x00000000   Number         0  spi.o ABSOLUTE
    ..\Peripheral\systick.c                  0x00000000   Number         0  systick.o ABSOLUTE
    ..\Peripheral\uart.c                     0x00000000   Number         0  uart.o ABSOLUTE
    ..\\..\\..\\2_Device\\MM32F032xx_s\\HAL_lib\\src\\HAL_adc.c 0x00000000   Number         0  hal_adc.o ABSOLUTE
    ..\\..\\..\\2_Device\\MM32F032xx_s\\HAL_lib\\src\\HAL_bkp.c 0x00000000   Number         0  hal_bkp.o ABSOLUTE
    ..\\..\\..\\2_Device\\MM32F032xx_s\\HAL_lib\\src\\HAL_crc.c 0x00000000   Number         0  hal_crc.o ABSOLUTE
    ..\\..\\..\\2_Device\\MM32F032xx_s\\HAL_lib\\src\\HAL_dbg.c 0x00000000   Number         0  hal_dbg.o ABSOLUTE
    ..\\..\\..\\2_Device\\MM32F032xx_s\\HAL_lib\\src\\HAL_dma.c 0x00000000   Number         0  hal_dma.o ABSOLUTE
    ..\\..\\..\\2_Device\\MM32F032xx_s\\HAL_lib\\src\\HAL_exti.c 0x00000000   Number         0  hal_exti.o ABSOLUTE
    ..\\..\\..\\2_Device\\MM32F032xx_s\\HAL_lib\\src\\HAL_flash.c 0x00000000   Number         0  hal_flash.o ABSOLUTE
    ..\\..\\..\\2_Device\\MM32F032xx_s\\HAL_lib\\src\\HAL_gpio.c 0x00000000   Number         0  hal_gpio.o ABSOLUTE
    ..\\..\\..\\2_Device\\MM32F032xx_s\\HAL_lib\\src\\HAL_i2c.c 0x00000000   Number         0  hal_i2c.o ABSOLUTE
    ..\\..\\..\\2_Device\\MM32F032xx_s\\HAL_lib\\src\\HAL_iwdg.c 0x00000000   Number         0  hal_iwdg.o ABSOLUTE
    ..\\..\\..\\2_Device\\MM32F032xx_s\\HAL_lib\\src\\HAL_misc.c 0x00000000   Number         0  hal_misc.o ABSOLUTE
    ..\\..\\..\\2_Device\\MM32F032xx_s\\HAL_lib\\src\\HAL_pwr.c 0x00000000   Number         0  hal_pwr.o ABSOLUTE
    ..\\..\\..\\2_Device\\MM32F032xx_s\\HAL_lib\\src\\HAL_rcc.c 0x00000000   Number         0  hal_rcc.o ABSOLUTE
    ..\\..\\..\\2_Device\\MM32F032xx_s\\HAL_lib\\src\\HAL_rtc.c 0x00000000   Number         0  hal_rtc.o ABSOLUTE
    ..\\..\\..\\2_Device\\MM32F032xx_s\\HAL_lib\\src\\HAL_spi.c 0x00000000   Number         0  hal_spi.o ABSOLUTE
    ..\\..\\..\\2_Device\\MM32F032xx_s\\HAL_lib\\src\\HAL_tim.c 0x00000000   Number         0  hal_tim.o ABSOLUTE
    ..\\..\\..\\2_Device\\MM32F032xx_s\\HAL_lib\\src\\HAL_uart.c 0x00000000   Number         0  hal_uart.o ABSOLUTE
    ..\\..\\..\\2_Device\\MM32F032xx_s\\HAL_lib\\src\\HAL_uid.c 0x00000000   Number         0  hal_uid.o ABSOLUTE
    ..\\..\\..\\2_Device\\MM32F032xx_s\\HAL_lib\\src\\HAL_ver.c 0x00000000   Number         0  hal_ver.o ABSOLUTE
    ..\\..\\..\\2_Device\\MM32F032xx_s\\HAL_lib\\src\\HAL_wwdg.c 0x00000000   Number         0  hal_wwdg.o ABSOLUTE
    ..\\..\\..\\2_Device\\MM32F032xx_s\\Source\\system_MM32F032xx_s.c 0x00000000   Number         0  system_mm32f032xx_s.o ABSOLUTE
    ..\\APP\\main.c                          0x00000000   Number         0  main.o ABSOLUTE
    ..\\APP\\rf_source\\ble_dtm.c            0x00000000   Number         0  ble_dtm.o ABSOLUTE
    ..\\APP\\rf_source\\rf_phy.c             0x00000000   Number         0  rf_phy.o ABSOLUTE
    ..\\BSP\\bsp_misc.c                      0x00000000   Number         0  bsp_misc.o ABSOLUTE
    ..\\BSP\\bsp_spi_ble.c                   0x00000000   Number         0  bsp_spi_ble.o ABSOLUTE
    ..\\Peripheral\\flash.c                  0x00000000   Number         0  flash.o ABSOLUTE
    ..\\Peripheral\\spi.c                    0x00000000   Number         0  spi.o ABSOLUTE
    ..\\Peripheral\\systick.c                0x00000000   Number         0  systick.o ABSOLUTE
    ..\\Peripheral\\uart.c                   0x00000000   Number         0  uart.o ABSOLUTE
    cdrcmple.s                               0x00000000   Number         0  cdrcmple.o ABSOLUTE
    dc.s                                     0x00000000   Number         0  dc.o ABSOLUTE
    handlers.s                               0x00000000   Number         0  handlers.o ABSOLUTE
    init.s                                   0x00000000   Number         0  init.o ABSOLUTE
    RESET                                    0x08000000   Section      192  startup_mm32f032xx_s_keil.o(RESET)
    .ARM.Collect$$$$00000000                 0x080000c0   Section        0  entry.o(.ARM.Collect$$$$00000000)
    .ARM.Collect$$$$00000001                 0x080000c0   Section        4  entry2.o(.ARM.Collect$$$$00000001)
    .ARM.Collect$$$$00000004                 0x080000c4   Section        4  entry5.o(.ARM.Collect$$$$00000004)
    .ARM.Collect$$$$00000008                 0x080000c8   Section        0  entry7b.o(.ARM.Collect$$$$00000008)
    .ARM.Collect$$$$0000000A                 0x080000c8   Section        0  entry8b.o(.ARM.Collect$$$$0000000A)
    .ARM.Collect$$$$0000000B                 0x080000c8   Section        8  entry9a.o(.ARM.Collect$$$$0000000B)
    .ARM.Collect$$$$0000000E                 0x080000d0   Section        4  entry12b.o(.ARM.Collect$$$$0000000E)
    .ARM.Collect$$$$0000000F                 0x080000d4   Section        0  entry10a.o(.ARM.Collect$$$$0000000F)
    .ARM.Collect$$$$00000011                 0x080000d4   Section        0  entry11a.o(.ARM.Collect$$$$00000011)
    .ARM.Collect$$$$00002712                 0x080000d4   Section        4  entry2.o(.ARM.Collect$$$$00002712)
    __lit__00000000                          0x080000d4   Data           4  entry2.o(.ARM.Collect$$$$00002712)
    .emb_text                                0x080000d8   Section        6  bsp_misc.o(.emb_text)
    .text                                    0x080000e0   Section       88  startup_mm32f032xx_s_keil.o(.text)
    .text                                    0x08000138   Section        0  uidiv.o(.text)
    .text                                    0x08000164   Section        0  idiv.o(.text)
    .text                                    0x0800018c   Section        0  rand.o(.text)
    .text                                    0x080001b0   Section        0  memcpya.o(.text)
    .text                                    0x080001d4   Section        0  memseta.o(.text)
    .text                                    0x080001f8   Section        0  memcmp.o(.text)
    .text                                    0x08000212   Section        0  uldiv.o(.text)
    .text                                    0x08000274   Section       36  init.o(.text)
    .text                                    0x08000298   Section        0  llshl.o(.text)
    .text                                    0x080002b8   Section        0  llushr.o(.text)
    .text                                    0x080002da   Section        0  __dczerorl2.o(.text)
    i.BSP_SPI_BLE_Init                       0x08000330   Section        0  bsp_spi_ble.o(i.BSP_SPI_BLE_Init)
    i.BleTxFIFOAddr_Get                      0x0800038c   Section        0  rf_phy.o(i.BleTxFIFOAddr_Get)
    i.Ble_SW_Init                            0x08000398   Section        0  rf_phy.o(i.Ble_SW_Init)
    i.DMA1_Channel2_3_IRQHandler             0x080003b8   Section        0  spi.o(i.DMA1_Channel2_3_IRQHandler)
    i.DMA1_Channel4_5_IRQHandler             0x080003ec   Section        0  spi.o(i.DMA1_Channel4_5_IRQHandler)
    i.DMA_ClearITPendingBit                  0x08000424   Section        0  hal_dma.o(i.DMA_ClearITPendingBit)
    i.DMA_Cmd                                0x08000430   Section        0  hal_dma.o(i.DMA_Cmd)
    i.DMA_DeInit                             0x0800043c   Section        0  hal_dma.o(i.DMA_DeInit)
    i.DMA_GetITStatus                        0x0800046c   Section        0  hal_dma.o(i.DMA_GetITStatus)
    i.DMA_ITConfig                           0x08000480   Section        0  hal_dma.o(i.DMA_ITConfig)
    i.DMA_Init                               0x08000490   Section        0  hal_dma.o(i.DMA_Init)
    i.DMA_StructInit                         0x080004dc   Section        0  hal_dma.o(i.DMA_StructInit)
    i.DTM_Isr                                0x080004f8   Section        0  ble_dtm.o(i.DTM_Isr)
    i.DTM_Main_Loop                          0x08000614   Section        0  main.o(i.DTM_Main_Loop)
    i.EXTI4_15_IRQHandler                    0x080006c8   Section        0  bsp_misc.o(i.EXTI4_15_IRQHandler)
    i.EXTI_ClearITPendingBit                 0x08000700   Section        0  hal_exti.o(i.EXTI_ClearITPendingBit)
    i.EXTI_GetITStatus                       0x0800070c   Section        0  hal_exti.o(i.EXTI_GetITStatus)
    i.EXTI_Init                              0x08000728   Section        0  hal_exti.o(i.EXTI_Init)
    i.EXTI_LineConfig                        0x08000780   Section        0  hal_exti.o(i.EXTI_LineConfig)
    i.GPIO_Init                              0x080007a8   Section        0  hal_gpio.o(i.GPIO_Init)
    i.GPIO_PinAFConfig                       0x0800082e   Section        0  hal_gpio.o(i.GPIO_PinAFConfig)
    i.GPIO_ReadInputDataBit                  0x0800084e   Section        0  hal_gpio.o(i.GPIO_ReadInputDataBit)
    i.GPIO_ResetBits                         0x08000858   Section        0  hal_gpio.o(i.GPIO_ResetBits)
    i.GPIO_SetBits                           0x0800085c   Section        0  hal_gpio.o(i.GPIO_SetBits)
    i.GPIO_StructInit                        0x08000860   Section        0  hal_gpio.o(i.GPIO_StructInit)
    i.MCU_GpioIntDisable                     0x08000870   Section        0  bsp_misc.o(i.MCU_GpioIntDisable)
    i.MCU_GpioIntEnable                      0x080008aa   Section        0  bsp_misc.o(i.MCU_GpioIntEnable)
    i.MCU_GpioPinInit                        0x080008e8   Section        0  bsp_misc.o(i.MCU_GpioPinInit)
    i.NVIC_Init                              0x08000914   Section        0  hal_misc.o(i.NVIC_Init)
    i.NVIC_SetPriority                       0x08000964   Section        0  systick.o(i.NVIC_SetPriority)
    NVIC_SetPriority                         0x08000965   Thumb Code    60  systick.o(i.NVIC_SetPriority)
    i.RCC_AHBPeriphClockCmd                  0x080009a8   Section        0  hal_rcc.o(i.RCC_AHBPeriphClockCmd)
    i.RCC_APB1PeriphClockCmd                 0x080009c0   Section        0  hal_rcc.o(i.RCC_APB1PeriphClockCmd)
    i.RCC_APB2PeriphClockCmd                 0x080009d8   Section        0  hal_rcc.o(i.RCC_APB2PeriphClockCmd)
    i.RCC_GetHCLKFreq                        0x080009f0   Section        0  hal_rcc.o(i.RCC_GetHCLKFreq)
    i.RCC_GetPCLK1Freq                       0x08000a10   Section        0  hal_rcc.o(i.RCC_GetPCLK1Freq)
    i.RCC_GetPCLK2Freq                       0x08000a30   Section        0  hal_rcc.o(i.RCC_GetPCLK2Freq)
    i.RCC_GetSysClockFreq                    0x08000a50   Section        0  hal_rcc.o(i.RCC_GetSysClockFreq)
    i.RF_Enter_DeepSleep                     0x08000a98   Section        0  rf_phy.o(i.RF_Enter_DeepSleep)
    i.RF_Init                                0x08000ac8   Section        0  rf_phy.o(i.RF_Init)
    i.RF_LE_HeaderStsLen_Tx                  0x08000bec   Section        0  rf_phy.o(i.RF_LE_HeaderStsLen_Tx)
    i.RF_Open                                0x08000c04   Section        0  main.o(i.RF_Open)
    RF_Open                                  0x08000c05   Thumb Code    98  main.o(i.RF_Open)
    i.RF_PLL_VCO_Bank_set                    0x08000c6c   Section        0  rf_phy.o(i.RF_PLL_VCO_Bank_set)
    i.RF_RxFIFOrst                           0x08000c84   Section        0  rf_phy.o(i.RF_RxFIFOrst)
    i.RF_RxLengthLimit                       0x08000c98   Section        0  rf_phy.o(i.RF_RxLengthLimit)
    i.RF_Set_TxPowerLevel_Isr                0x08000ca4   Section        0  rf_phy.o(i.RF_Set_TxPowerLevel_Isr)
    i.RF_SpiIoMapping                        0x08000cfc   Section        0  main.o(i.RF_SpiIoMapping)
    i.RF_SymbolRate_set                      0x08000d98   Section        0  rf_phy.o(i.RF_SymbolRate_set)
    i.RF_Tmr_Periodic_initial                0x08000dbc   Section        0  rf_phy.o(i.RF_Tmr_Periodic_initial)
    i.RF_Tmr_Periodic_set_ISR                0x08000e84   Section        0  rf_phy.o(i.RF_Tmr_Periodic_set_ISR)
    i.RF_TxFIFO_OriginAddr_set               0x08000ec4   Section        0  rf_phy.o(i.RF_TxFIFO_OriginAddr_set)
    i.RF_Voltage_Det                         0x08000ed8   Section        0  rf_phy.o(i.RF_Voltage_Det)
    i.RF_WTR_intOn                           0x08000f3c   Section        0  rf_phy.o(i.RF_WTR_intOn)
    i.RT568_tx_rf_continuous_mode            0x08000f54   Section        0  rf_phy.o(i.RT568_tx_rf_continuous_mode)
    i.SPI_1BYT_SetRx                         0x08000fa0   Section        0  bsp_spi_ble.o(i.SPI_1BYT_SetRx)
    i.SPI_1BYT_SetRx_Isr                     0x08000fec   Section        0  bsp_spi_ble.o(i.SPI_1BYT_SetRx_Isr)
    i.SPI_1BYT_SetTx                         0x08001040   Section        0  bsp_spi_ble.o(i.SPI_1BYT_SetTx)
    i.SPI_1BYT_SetTx_Isr                     0x08001088   Section        0  bsp_spi_ble.o(i.SPI_1BYT_SetTx_Isr)
    i.SPI_2BYT_SetTx_Isr                     0x080010cc   Section        0  bsp_spi_ble.o(i.SPI_2BYT_SetTx_Isr)
    i.SPI_BiDirectionalLineConfig            0x08001130   Section        0  hal_spi.o(i.SPI_BiDirectionalLineConfig)
    i.SPI_CSInternalSelected                 0x0800115e   Section        0  hal_spi.o(i.SPI_CSInternalSelected)
    i.SPI_Cmd                                0x08001172   Section        0  hal_spi.o(i.SPI_Cmd)
    i.SPI_DMACmd                             0x08001186   Section        0  hal_spi.o(i.SPI_DMACmd)
    i.SPI_GPIO_Init                          0x0800119c   Section        0  main.o(i.SPI_GPIO_Init)
    i.SPI_Init                               0x080011d4   Section        0  hal_spi.o(i.SPI_Init)
    i.SPI_PDMA_SetRx_Isr                     0x08001242   Section        0  bsp_spi_ble.o(i.SPI_PDMA_SetRx_Isr)
    i.SPI_PDMA_SetRx_Isr_Old                 0x0800124c   Section        0  bsp_spi_ble.o(i.SPI_PDMA_SetRx_Isr_Old)
    i.SPI_PDMA_SetTx                         0x080012a8   Section        0  bsp_spi_ble.o(i.SPI_PDMA_SetTx)
    i.SPI_PDMA_SetTx_Old                     0x080012b4   Section        0  bsp_spi_ble.o(i.SPI_PDMA_SetTx_Old)
    i.SPI_PDMA_waitFinish                    0x08001318   Section        0  bsp_spi_ble.o(i.SPI_PDMA_waitFinish)
    i.SPI_StructInit                         0x0800131c   Section        0  hal_spi.o(i.SPI_StructInit)
    i.SPIx_Configure                         0x08001338   Section        0  spi.o(i.SPIx_Configure)
    i.SPIx_DMA_Configure                     0x0800149c   Section        0  spi.o(i.SPIx_DMA_Configure)
    i.SPIx_DMA_InterruptConfigure            0x080015bc   Section        0  spi.o(i.SPIx_DMA_InterruptConfigure)
    i.SPIx_DMA_RxData                        0x080015ec   Section        0  spi.o(i.SPIx_DMA_RxData)
    i.SPIx_DMA_TxData                        0x080016c4   Section        0  spi.o(i.SPIx_DMA_TxData)
    i.SPIx_ReadWriteByte                     0x08001790   Section        0  spi.o(i.SPIx_ReadWriteByte)
    i.SetSysClockTo48                        0x080017c4   Section        0  system_mm32f032xx_s.o(i.SetSysClockTo48)
    SetSysClockTo48                          0x080017c5   Thumb Code   194  system_mm32f032xx_s.o(i.SetSysClockTo48)
    i.SysTick_DelayMs                        0x08001894   Section        0  systick.o(i.SysTick_DelayMs)
    i.SysTick_Handler                        0x080018a4   Section        0  systick.o(i.SysTick_Handler)
    i.SysTick_Init                           0x080018b8   Section        0  systick.o(i.SysTick_Init)
    i.SystemInit                             0x08001900   Section        0  system_mm32f032xx_s.o(i.SystemInit)
    i.TIM16_IRQHandler                       0x08001954   Section        0  ble_dtm.o(i.TIM16_IRQHandler)
    i.TIM17_IRQHandler                       0x080019dc   Section        0  ble_dtm.o(i.TIM17_IRQHandler)
    i.TIMER_DisableInt                       0x08001a04   Section        0  bsp_misc.o(i.TIMER_DisableInt)
    i.TIMER_EnableInt                        0x08001a10   Section        0  bsp_misc.o(i.TIMER_EnableInt)
    i.TIMER_Open                             0x08001a1c   Section        0  bsp_misc.o(i.TIMER_Open)
    i.TIMER_Start                            0x08001a68   Section        0  bsp_misc.o(i.TIMER_Start)
    i.TIMER_Stop                             0x08001a72   Section        0  bsp_misc.o(i.TIMER_Stop)
    i.TIM_ClearFlag                          0x08001a86   Section        0  hal_tim.o(i.TIM_ClearFlag)
    i.TIM_ClearITPendingBit                  0x08001a8e   Section        0  hal_tim.o(i.TIM_ClearITPendingBit)
    i.TIM_Cmd                                0x08001a96   Section        0  hal_tim.o(i.TIM_Cmd)
    i.TIM_DeInit                             0x08001aac   Section        0  hal_tim.o(i.TIM_DeInit)
    i.TIM_GetITStatus                        0x08001b04   Section        0  hal_tim.o(i.TIM_GetITStatus)
    i.TIM_ITConfig                           0x08001b18   Section        0  hal_tim.o(i.TIM_ITConfig)
    i.TIM_SetCounter                         0x08001b28   Section        0  hal_tim.o(i.TIM_SetCounter)
    i.TIM_TimeBaseInit                       0x08001b38   Section        0  hal_tim.o(i.TIM_TimeBaseInit)
    i.TIM_TimeBaseStructInit                 0x08001bac   Section        0  hal_tim.o(i.TIM_TimeBaseStructInit)
    i.UART_ClearITPendingBit                 0x08001bbe   Section        0  hal_uart.o(i.UART_ClearITPendingBit)
    i.UART_Cmd                               0x08001bc2   Section        0  hal_uart.o(i.UART_Cmd)
    i.UART_GetFlagStatus                     0x08001bce   Section        0  hal_uart.o(i.UART_GetFlagStatus)
    i.UART_Init                              0x08001bd8   Section        0  hal_uart.o(i.UART_Init)
    i.UART_ReceiveData                       0x08001c48   Section        0  hal_uart.o(i.UART_ReceiveData)
    i.UART_SendData                          0x08001c4e   Section        0  hal_uart.o(i.UART_SendData)
    i.UART_StructInit                        0x08001c54   Section        0  hal_uart.o(i.UART_StructInit)
    i.UARTx_Configure                        0x08001c6c   Section        0  uart.o(i.UARTx_Configure)
    i.__0printf$5                            0x08001d98   Section        0  printf5.o(i.__0printf$5)
    i.__scatterload_copy                     0x08001db8   Section       14  handlers.o(i.__scatterload_copy)
    i.__scatterload_null                     0x08001dc6   Section        2  handlers.o(i.__scatterload_null)
    i.__scatterload_zeroinit                 0x08001dc8   Section       14  handlers.o(i.__scatterload_zeroinit)
    i._printf_core                           0x08001dd8   Section        0  printf5.o(i._printf_core)
    _printf_core                             0x08001dd9   Thumb Code   680  printf5.o(i._printf_core)
    i.check_pdu                              0x080020ac   Section        0  ble_dtm.o(i.check_pdu)
    check_pdu                                0x080020ad   Thumb Code   104  ble_dtm.o(i.check_pdu)
    i.delay_us                               0x0800211c   Section        0  bsp_misc.o(i.delay_us)
    i.dtm_cmd                                0x0800213c   Section        0  ble_dtm.o(i.dtm_cmd)
    i.dtm_cmd_put                            0x08002394   Section        0  ble_dtm.o(i.dtm_cmd_put)
    i.dtm_event_get                          0x080023ac   Section        0  ble_dtm.o(i.dtm_event_get)
    i.dtm_init                               0x080023c0   Section        0  ble_dtm.o(i.dtm_init)
    i.dtm_test_done                          0x0800244c   Section        0  ble_dtm.o(i.dtm_test_done)
    dtm_test_done                            0x0800244d   Thumb Code    14  ble_dtm.o(i.dtm_test_done)
    i.dtm_wait                               0x08002460   Section        0  ble_dtm.o(i.dtm_wait)
    i.exEXTI_LineDisable                     0x080024c8   Section        0  hal_exti.o(i.exEXTI_LineDisable)
    i.exRCC_APB1PeriphReset                  0x080024e8   Section        0  hal_rcc.o(i.exRCC_APB1PeriphReset)
    i.exRCC_APB2PeriphReset                  0x080024fc   Section        0  hal_rcc.o(i.exRCC_APB2PeriphReset)
    i.fputc                                  0x08002510   Section        0  uart.o(i.fputc)
    i.main                                   0x08002534   Section        0  main.o(i.main)
    i.radio_init                             0x08002608   Section        0  ble_dtm.o(i.radio_init)
    radio_init                               0x08002609   Thumb Code    14  ble_dtm.o(i.radio_init)
    i.radio_prepare_rt568                    0x08002618   Section        0  ble_dtm.o(i.radio_prepare_rt568)
    radio_prepare_rt568                      0x08002619   Thumb Code   420  ble_dtm.o(i.radio_prepare_rt568)
    i.radio_reset                            0x080027cc   Section        0  ble_dtm.o(i.radio_reset)
    radio_reset                              0x080027cd   Thumb Code    14  ble_dtm.o(i.radio_reset)
    i.rafael_pll_bank_get                    0x080027e0   Section        0  rf_phy.o(i.rafael_pll_bank_get)
    i.rafael_pll_calibration                 0x08002848   Section        0  rf_phy.o(i.rafael_pll_calibration)
    i.rafael_reset_phy_fsm                   0x08002974   Section        0  rf_phy.o(i.rafael_reset_phy_fsm)
    i.rafael_reset_phy_fsm_Isr               0x080029ac   Section        0  rf_phy.o(i.rafael_reset_phy_fsm_Isr)
    i.rafael_spi_clear_fifo                  0x080029cc   Section        0  rf_phy.o(i.rafael_spi_clear_fifo)
    i.rafael_spi_clear_tx_fifo_cnt           0x080029f8   Section        0  rf_phy.o(i.rafael_spi_clear_tx_fifo_cnt)
    i.setChannel_BLE                         0x08002a24   Section        0  rf_phy.o(i.setChannel_BLE)
    i.spiGpioWriteReg                        0x08002a44   Section        0  main.o(i.spiGpioWriteReg)
    .constdata                               0x08002b34   Section        8  spi.o(.constdata)
    .constdata                               0x08002b3c   Section       22  bsp_spi_ble.o(.constdata)
    .data                                    0x20000000   Section        4  system_mm32f032xx_s.o(.data)
    .data                                    0x20000004   Section      370  rf_phy.o(.data)
    pll_cal_done_flag                        0x20000008   Data           1  rf_phy.o(.data)
    pll_freq_mhz                             0x2000016c   Data          10  rf_phy.o(.data)
    .data                                    0x20000178   Section      303  ble_dtm.o(.data)
    m_state                                  0x20000178   Data           1  ble_dtm.o(.data)
    m_phys_tx_ch_random_flag                 0x20000179   Data           1  ble_dtm.o(.data)
    ch_random_min                            0x2000017a   Data           1  ble_dtm.o(.data)
    ch_random_max                            0x2000017b   Data           1  ble_dtm.o(.data)
    m_phys_tx_package_number_by_user_flag    0x2000017c   Data           1  ble_dtm.o(.data)
    m_radio_mode                             0x2000017d   Data           1  ble_dtm.o(.data)
    m_rxcomplete_event                       0x2000017e   Data           1  ble_dtm.o(.data)
    m_crc_status                             0x2000017f   Data           1  ble_dtm.o(.data)
    tx_continuous_mode_flag                  0x20000180   Data           1  ble_dtm.o(.data)
    gui_get_rssi_flag                        0x20000181   Data           1  ble_dtm.o(.data)
    m_new_event                              0x20000182   Data           1  ble_dtm.o(.data)
    tx_user_defined_package_number_target    0x20000184   Data           2  ble_dtm.o(.data)
    tx_user_defined_package_number_real      0x20000186   Data           2  ble_dtm.o(.data)
    m_timer_event                            0x20000188   Data           2  ble_dtm.o(.data)
    m_rx_pkt_count                           0x2000018a   Data           2  ble_dtm.o(.data)
    m_event                                  0x2000018c   Data           2  ble_dtm.o(.data)
    m_current_time                           0x20000190   Data           4  ble_dtm.o(.data)
    ch_random_val                            0x20000194   Data           4  ble_dtm.o(.data)
    m_txIntervaluS                           0x20000198   Data           4  ble_dtm.o(.data)
    m_packet_length                          0x2000019c   Data           4  ble_dtm.o(.data)
    m_packet_type                            0x200001a0   Data           4  ble_dtm.o(.data)
    m_phys_ch                                0x200001a4   Data           4  ble_dtm.o(.data)
    m_prbs_content                           0x200001a8   Data         255  ble_dtm.o(.data)
    .data                                    0x200002a7   Section        2  spi.o(.data)
    .data                                    0x200002ac   Section        4  systick.o(.data)
    .data                                    0x200002b0   Section       16  hal_rcc.o(.data)
    .data                                    0x200002c0   Section        4  rand.o(.data)
    _rand_state                              0x200002c0   Data           4  rand.o(.data)
    .data                                    0x200002c4   Section        4  stdout.o(.data)
    .bss                                     0x200002c8   Section       54  rf_phy.o(.bss)
    .bss                                     0x200002fe   Section      795  ble_dtm.o(.bss)
    m_pdu                                    0x200002fe   Data         257  ble_dtm.o(.bss)
    m_air_tx_packet                          0x200003ff   Data         269  ble_dtm.o(.bss)
    m_air_rx_packet                          0x2000050c   Data         269  ble_dtm.o(.bss)
    STACK                                    0x20000620   Section     1024  startup_mm32f032xx_s_keil.o(STACK)

    Global Symbols

    Symbol Name                              Value     Ov Type        Size  Object(Section)

    BuildAttributes$$THM_ISAv3M$S$PE$A:L22$X:L11$S22$IEEE1$IW$USESV6$~STKCKD$USESV7$~SHL$OSPACE$ROPI$EBA8$MICROLIB$REQ8$PRES8$EABIv2 0x00000000   Number         0  anon$$obj.o ABSOLUTE
    __ARM_use_no_argv                        0x00000000   Number         0  main.o ABSOLUTE
    _printf_a                                0x00000000   Number         0  stubs.o ABSOLUTE
    _printf_c                                0x00000000   Number         0  stubs.o ABSOLUTE
    _printf_charcount                        0x00000000   Number         0  stubs.o ABSOLUTE
    _printf_d                                0x00000000   Number         0  stubs.o ABSOLUTE
    _printf_e                                0x00000000   Number         0  stubs.o ABSOLUTE
    _printf_f                                0x00000000   Number         0  stubs.o ABSOLUTE
    _printf_flags                            0x00000000   Number         0  stubs.o ABSOLUTE
    _printf_fp_dec                           0x00000000   Number         0  stubs.o ABSOLUTE
    _printf_fp_hex                           0x00000000   Number         0  stubs.o ABSOLUTE
    _printf_g                                0x00000000   Number         0  stubs.o ABSOLUTE
    _printf_i                                0x00000000   Number         0  stubs.o ABSOLUTE
    _printf_int_dec                          0x00000000   Number         0  stubs.o ABSOLUTE
    _printf_l                                0x00000000   Number         0  stubs.o ABSOLUTE
    _printf_lc                               0x00000000   Number         0  stubs.o ABSOLUTE
    _printf_ll                               0x00000000   Number         0  stubs.o ABSOLUTE
    _printf_lld                              0x00000000   Number         0  stubs.o ABSOLUTE
    _printf_lli                              0x00000000   Number         0  stubs.o ABSOLUTE
    _printf_llo                              0x00000000   Number         0  stubs.o ABSOLUTE
    _printf_llu                              0x00000000   Number         0  stubs.o ABSOLUTE
    _printf_llx                              0x00000000   Number         0  stubs.o ABSOLUTE
    _printf_longlong_dec                     0x00000000   Number         0  stubs.o ABSOLUTE
    _printf_longlong_hex                     0x00000000   Number         0  stubs.o ABSOLUTE
    _printf_longlong_oct                     0x00000000   Number         0  stubs.o ABSOLUTE
    _printf_ls                               0x00000000   Number         0  stubs.o ABSOLUTE
    _printf_mbtowc                           0x00000000   Number         0  stubs.o ABSOLUTE
    _printf_n                                0x00000000   Number         0  stubs.o ABSOLUTE
    _printf_o                                0x00000000   Number         0  stubs.o ABSOLUTE
    _printf_p                                0x00000000   Number         0  stubs.o ABSOLUTE
    _printf_percent                          0x00000000   Number         0  stubs.o ABSOLUTE
    _printf_pre_padding                      0x00000000   Number         0  stubs.o ABSOLUTE
    _printf_return_value                     0x00000000   Number         0  stubs.o ABSOLUTE
    _printf_s                                0x00000000   Number         0  stubs.o ABSOLUTE
    _printf_sizespec                         0x00000000   Number         0  stubs.o ABSOLUTE
    _printf_str                              0x00000000   Number         0  stubs.o ABSOLUTE
    _printf_truncate_signed                  0x00000000   Number         0  stubs.o ABSOLUTE
    _printf_truncate_unsigned                0x00000000   Number         0  stubs.o ABSOLUTE
    _printf_u                                0x00000000   Number         0  stubs.o ABSOLUTE
    _printf_wc                               0x00000000   Number         0  stubs.o ABSOLUTE
    _printf_wctomb                           0x00000000   Number         0  stubs.o ABSOLUTE
    _printf_widthprec                        0x00000000   Number         0  stubs.o ABSOLUTE
    _printf_x                                0x00000000   Number         0  stubs.o ABSOLUTE
    __arm_fini_                               - Undefined Weak Reference
    __cpp_initialize__aeabi_                  - Undefined Weak Reference
    __cxa_finalize                            - Undefined Weak Reference
    _clock_init                               - Undefined Weak Reference
    _microlib_exit                            - Undefined Weak Reference
    __Vectors_Size                           0x000000c0   Number         0  startup_mm32f032xx_s_keil.o ABSOLUTE
    __Vectors                                0x08000000   Data           4  startup_mm32f032xx_s_keil.o(RESET)
    __Vectors_End                            0x080000c0   Data           0  startup_mm32f032xx_s_keil.o(RESET)
    __main                                   0x080000c1   Thumb Code     0  entry.o(.ARM.Collect$$$$00000000)
    _main_stk                                0x080000c1   Thumb Code     0  entry2.o(.ARM.Collect$$$$00000001)
    _main_scatterload                        0x080000c5   Thumb Code     0  entry5.o(.ARM.Collect$$$$00000004)
    __main_after_scatterload                 0x080000c9   Thumb Code     0  entry5.o(.ARM.Collect$$$$00000004)
    _main_clock                              0x080000c9   Thumb Code     0  entry7b.o(.ARM.Collect$$$$00000008)
    _main_cpp_init                           0x080000c9   Thumb Code     0  entry8b.o(.ARM.Collect$$$$0000000A)
    _main_init                               0x080000c9   Thumb Code     0  entry9a.o(.ARM.Collect$$$$0000000B)
    __rt_lib_shutdown_fini                   0x080000d1   Thumb Code     0  entry12b.o(.ARM.Collect$$$$0000000E)
    __rt_final_cpp                           0x080000d5   Thumb Code     0  entry10a.o(.ARM.Collect$$$$0000000F)
    __rt_final_exit                          0x080000d5   Thumb Code     0  entry11a.o(.ARM.Collect$$$$00000011)
    SysCtlDelay                              0x080000d9   Thumb Code     6  bsp_misc.o(.emb_text)
    Reset_Handler                            0x080000e1   Thumb Code    38  startup_mm32f032xx_s_keil.o(.text)
    NMI_Handler                              0x08000107   Thumb Code     2  startup_mm32f032xx_s_keil.o(.text)
    HardFault_Handler                        0x08000109   Thumb Code     2  startup_mm32f032xx_s_keil.o(.text)
    SVC_Handler                              0x0800010b   Thumb Code     2  startup_mm32f032xx_s_keil.o(.text)
    PendSV_Handler                           0x0800010d   Thumb Code     2  startup_mm32f032xx_s_keil.o(.text)
    ADC1_COMP_IRQHandler                     0x08000111   Thumb Code     0  startup_mm32f032xx_s_keil.o(.text)
    CAN_IRQHandler                           0x08000111   Thumb Code     0  startup_mm32f032xx_s_keil.o(.text)
    DMA1_Channel1_IRQHandler                 0x08000111   Thumb Code     0  startup_mm32f032xx_s_keil.o(.text)
    EXTI0_1_IRQHandler                       0x08000111   Thumb Code     0  startup_mm32f032xx_s_keil.o(.text)
    EXTI2_3_IRQHandler                       0x08000111   Thumb Code     0  startup_mm32f032xx_s_keil.o(.text)
    FLASH_IRQHandler                         0x08000111   Thumb Code     0  startup_mm32f032xx_s_keil.o(.text)
    I2C1_IRQHandler                          0x08000111   Thumb Code     0  startup_mm32f032xx_s_keil.o(.text)
    PVD_IRQHandler                           0x08000111   Thumb Code     0  startup_mm32f032xx_s_keil.o(.text)
    RCC_CRS_IRQHandler                       0x08000111   Thumb Code     0  startup_mm32f032xx_s_keil.o(.text)
    RTC_BKP_IRQHandler                       0x08000111   Thumb Code     0  startup_mm32f032xx_s_keil.o(.text)
    SPI1_IRQHandler                          0x08000111   Thumb Code     0  startup_mm32f032xx_s_keil.o(.text)
    SPI2_IRQHandler                          0x08000111   Thumb Code     0  startup_mm32f032xx_s_keil.o(.text)
    TIM14_IRQHandler                         0x08000111   Thumb Code     0  startup_mm32f032xx_s_keil.o(.text)
    TIM1_BRK_UP_TRG_COM_IRQHandler           0x08000111   Thumb Code     0  startup_mm32f032xx_s_keil.o(.text)
    TIM1_CC_IRQHandler                       0x08000111   Thumb Code     0  startup_mm32f032xx_s_keil.o(.text)
    TIM2_IRQHandler                          0x08000111   Thumb Code     0  startup_mm32f032xx_s_keil.o(.text)
    TIM3_IRQHandler                          0x08000111   Thumb Code     0  startup_mm32f032xx_s_keil.o(.text)
    UART1_IRQHandler                         0x08000111   Thumb Code     0  startup_mm32f032xx_s_keil.o(.text)
    UART2_IRQHandler                         0x08000111   Thumb Code     0  startup_mm32f032xx_s_keil.o(.text)
    USB_IRQHandler                           0x08000111   Thumb Code     0  startup_mm32f032xx_s_keil.o(.text)
    WWDG_IRQHandler                          0x08000111   Thumb Code     0  startup_mm32f032xx_s_keil.o(.text)
    __aeabi_uidiv                            0x08000139   Thumb Code     0  uidiv.o(.text)
    __aeabi_uidivmod                         0x08000139   Thumb Code    44  uidiv.o(.text)
    __aeabi_idiv                             0x08000165   Thumb Code     0  idiv.o(.text)
    __aeabi_idivmod                          0x08000165   Thumb Code    40  idiv.o(.text)
    rand                                     0x0800018d   Thumb Code    18  rand.o(.text)
    srand                                    0x0800019f   Thumb Code     6  rand.o(.text)
    __aeabi_memcpy                           0x080001b1   Thumb Code    36  memcpya.o(.text)
    __aeabi_memcpy4                          0x080001b1   Thumb Code     0  memcpya.o(.text)
    __aeabi_memcpy8                          0x080001b1   Thumb Code     0  memcpya.o(.text)
    __aeabi_memset                           0x080001d5   Thumb Code    14  memseta.o(.text)
    __aeabi_memset4                          0x080001d5   Thumb Code     0  memseta.o(.text)
    __aeabi_memset8                          0x080001d5   Thumb Code     0  memseta.o(.text)
    __aeabi_memclr                           0x080001e3   Thumb Code     4  memseta.o(.text)
    __aeabi_memclr4                          0x080001e3   Thumb Code     0  memseta.o(.text)
    __aeabi_memclr8                          0x080001e3   Thumb Code     0  memseta.o(.text)
    _memset$wrapper                          0x080001e7   Thumb Code    18  memseta.o(.text)
    memcmp                                   0x080001f9   Thumb Code    26  memcmp.o(.text)
    __aeabi_uldivmod                         0x08000213   Thumb Code    96  uldiv.o(.text)
    __scatterload                            0x08000275   Thumb Code    28  init.o(.text)
    __scatterload_rt2                        0x08000275   Thumb Code     0  init.o(.text)
    __aeabi_llsl                             0x08000299   Thumb Code    32  llshl.o(.text)
    _ll_shift_l                              0x08000299   Thumb Code     0  llshl.o(.text)
    __aeabi_llsr                             0x080002b9   Thumb Code    34  llushr.o(.text)
    _ll_ushift_r                             0x080002b9   Thumb Code     0  llushr.o(.text)
    __decompress                             0x080002db   Thumb Code     0  __dczerorl2.o(.text)
    __decompress1                            0x080002db   Thumb Code    86  __dczerorl2.o(.text)
    BSP_SPI_BLE_Init                         0x08000331   Thumb Code    78  bsp_spi_ble.o(i.BSP_SPI_BLE_Init)
    BleTxFIFOAddr_Get                        0x0800038d   Thumb Code     6  rf_phy.o(i.BleTxFIFOAddr_Get)
    Ble_SW_Init                              0x08000399   Thumb Code    28  rf_phy.o(i.Ble_SW_Init)
    DMA1_Channel2_3_IRQHandler               0x080003b9   Thumb Code    48  spi.o(i.DMA1_Channel2_3_IRQHandler)
    DMA1_Channel4_5_IRQHandler               0x080003ed   Thumb Code    52  spi.o(i.DMA1_Channel4_5_IRQHandler)
    DMA_ClearITPendingBit                    0x08000425   Thumb Code     6  hal_dma.o(i.DMA_ClearITPendingBit)
    DMA_Cmd                                  0x08000431   Thumb Code    12  hal_dma.o(i.DMA_Cmd)
    DMA_DeInit                               0x0800043d   Thumb Code    44  hal_dma.o(i.DMA_DeInit)
    DMA_GetITStatus                          0x0800046d   Thumb Code    16  hal_dma.o(i.DMA_GetITStatus)
    DMA_ITConfig                             0x08000481   Thumb Code    16  hal_dma.o(i.DMA_ITConfig)
    DMA_Init                                 0x08000491   Thumb Code    70  hal_dma.o(i.DMA_Init)
    DMA_StructInit                           0x080004dd   Thumb Code    28  hal_dma.o(i.DMA_StructInit)
    DTM_Isr                                  0x080004f9   Thumb Code   268  ble_dtm.o(i.DTM_Isr)
    DTM_Main_Loop                            0x08000615   Thumb Code   166  main.o(i.DTM_Main_Loop)
    EXTI4_15_IRQHandler                      0x080006c9   Thumb Code    50  bsp_misc.o(i.EXTI4_15_IRQHandler)
    EXTI_ClearITPendingBit                   0x08000701   Thumb Code     6  hal_exti.o(i.EXTI_ClearITPendingBit)
    EXTI_GetITStatus                         0x0800070d   Thumb Code    22  hal_exti.o(i.EXTI_GetITStatus)
    EXTI_Init                                0x08000729   Thumb Code    82  hal_exti.o(i.EXTI_Init)
    EXTI_LineConfig                          0x08000781   Thumb Code    34  hal_exti.o(i.EXTI_LineConfig)
    GPIO_Init                                0x080007a9   Thumb Code   134  hal_gpio.o(i.GPIO_Init)
    GPIO_PinAFConfig                         0x0800082f   Thumb Code    32  hal_gpio.o(i.GPIO_PinAFConfig)
    GPIO_ReadInputDataBit                    0x0800084f   Thumb Code    10  hal_gpio.o(i.GPIO_ReadInputDataBit)
    GPIO_ResetBits                           0x08000859   Thumb Code     4  hal_gpio.o(i.GPIO_ResetBits)
    GPIO_SetBits                             0x0800085d   Thumb Code     4  hal_gpio.o(i.GPIO_SetBits)
    GPIO_StructInit                          0x08000861   Thumb Code    16  hal_gpio.o(i.GPIO_StructInit)
    MCU_GpioIntDisable                       0x08000871   Thumb Code    58  bsp_misc.o(i.MCU_GpioIntDisable)
    MCU_GpioIntEnable                        0x080008ab   Thumb Code    62  bsp_misc.o(i.MCU_GpioIntEnable)
    MCU_GpioPinInit                          0x080008e9   Thumb Code    40  bsp_misc.o(i.MCU_GpioPinInit)
    NVIC_Init                                0x08000915   Thumb Code    70  hal_misc.o(i.NVIC_Init)
    RCC_AHBPeriphClockCmd                    0x080009a9   Thumb Code    18  hal_rcc.o(i.RCC_AHBPeriphClockCmd)
    RCC_APB1PeriphClockCmd                   0x080009c1   Thumb Code    18  hal_rcc.o(i.RCC_APB1PeriphClockCmd)
    RCC_APB2PeriphClockCmd                   0x080009d9   Thumb Code    18  hal_rcc.o(i.RCC_APB2PeriphClockCmd)
    RCC_GetHCLKFreq                          0x080009f1   Thumb Code    22  hal_rcc.o(i.RCC_GetHCLKFreq)
    RCC_GetPCLK1Freq                         0x08000a11   Thumb Code    22  hal_rcc.o(i.RCC_GetPCLK1Freq)
    RCC_GetPCLK2Freq                         0x08000a31   Thumb Code    22  hal_rcc.o(i.RCC_GetPCLK2Freq)
    RCC_GetSysClockFreq                      0x08000a51   Thumb Code    60  hal_rcc.o(i.RCC_GetSysClockFreq)
    RF_Enter_DeepSleep                       0x08000a99   Thumb Code    44  rf_phy.o(i.RF_Enter_DeepSleep)
    RF_Init                                  0x08000ac9   Thumb Code   270  rf_phy.o(i.RF_Init)
    RF_LE_HeaderStsLen_Tx                    0x08000bed   Thumb Code    18  rf_phy.o(i.RF_LE_HeaderStsLen_Tx)
    RF_PLL_VCO_Bank_set                      0x08000c6d   Thumb Code    20  rf_phy.o(i.RF_PLL_VCO_Bank_set)
    RF_RxFIFOrst                             0x08000c85   Thumb Code    20  rf_phy.o(i.RF_RxFIFOrst)
    RF_RxLengthLimit                         0x08000c99   Thumb Code    12  rf_phy.o(i.RF_RxLengthLimit)
    RF_Set_TxPowerLevel_Isr                  0x08000ca5   Thumb Code    72  rf_phy.o(i.RF_Set_TxPowerLevel_Isr)
    RF_SpiIoMapping                          0x08000cfd   Thumb Code   150  main.o(i.RF_SpiIoMapping)
    RF_SymbolRate_set                        0x08000d99   Thumb Code    30  rf_phy.o(i.RF_SymbolRate_set)
    RF_Tmr_Periodic_initial                  0x08000dbd   Thumb Code   192  rf_phy.o(i.RF_Tmr_Periodic_initial)
    RF_Tmr_Periodic_set_ISR                  0x08000e85   Thumb Code    56  rf_phy.o(i.RF_Tmr_Periodic_set_ISR)
    RF_TxFIFO_OriginAddr_set                 0x08000ec5   Thumb Code    20  rf_phy.o(i.RF_TxFIFO_OriginAddr_set)
    RF_Voltage_Det                           0x08000ed9   Thumb Code    92  rf_phy.o(i.RF_Voltage_Det)
    RF_WTR_intOn                             0x08000f3d   Thumb Code    20  rf_phy.o(i.RF_WTR_intOn)
    RT568_tx_rf_continuous_mode              0x08000f55   Thumb Code    72  rf_phy.o(i.RT568_tx_rf_continuous_mode)
    SPI_1BYT_SetRx                           0x08000fa1   Thumb Code    72  bsp_spi_ble.o(i.SPI_1BYT_SetRx)
    SPI_1BYT_SetRx_Isr                       0x08000fed   Thumb Code    80  bsp_spi_ble.o(i.SPI_1BYT_SetRx_Isr)
    SPI_1BYT_SetTx                           0x08001041   Thumb Code    66  bsp_spi_ble.o(i.SPI_1BYT_SetTx)
    SPI_1BYT_SetTx_Isr                       0x08001089   Thumb Code    62  bsp_spi_ble.o(i.SPI_1BYT_SetTx_Isr)
    SPI_2BYT_SetTx_Isr                       0x080010cd   Thumb Code    96  bsp_spi_ble.o(i.SPI_2BYT_SetTx_Isr)
    SPI_BiDirectionalLineConfig              0x08001131   Thumb Code    46  hal_spi.o(i.SPI_BiDirectionalLineConfig)
    SPI_CSInternalSelected                   0x0800115f   Thumb Code    20  hal_spi.o(i.SPI_CSInternalSelected)
    SPI_Cmd                                  0x08001173   Thumb Code    20  hal_spi.o(i.SPI_Cmd)
    SPI_DMACmd                               0x08001187   Thumb Code    20  hal_spi.o(i.SPI_DMACmd)
    SPI_GPIO_Init                            0x0800119d   Thumb Code    50  main.o(i.SPI_GPIO_Init)
    SPI_Init                                 0x080011d5   Thumb Code   110  hal_spi.o(i.SPI_Init)
    SPI_PDMA_SetRx_Isr                       0x08001243   Thumb Code    10  bsp_spi_ble.o(i.SPI_PDMA_SetRx_Isr)
    SPI_PDMA_SetRx_Isr_Old                   0x0800124d   Thumb Code    86  bsp_spi_ble.o(i.SPI_PDMA_SetRx_Isr_Old)
    SPI_PDMA_SetTx                           0x080012a9   Thumb Code    10  bsp_spi_ble.o(i.SPI_PDMA_SetTx)
    SPI_PDMA_SetTx_Old                       0x080012b5   Thumb Code    94  bsp_spi_ble.o(i.SPI_PDMA_SetTx_Old)
    SPI_PDMA_waitFinish                      0x08001319   Thumb Code     4  bsp_spi_ble.o(i.SPI_PDMA_waitFinish)
    SPI_StructInit                           0x0800131d   Thumb Code    26  hal_spi.o(i.SPI_StructInit)
    SPIx_Configure                           0x08001339   Thumb Code   342  spi.o(i.SPIx_Configure)
    SPIx_DMA_Configure                       0x0800149d   Thumb Code   274  spi.o(i.SPIx_DMA_Configure)
    SPIx_DMA_InterruptConfigure              0x080015bd   Thumb Code    40  spi.o(i.SPIx_DMA_InterruptConfigure)
    SPIx_DMA_RxData                          0x080015ed   Thumb Code   194  spi.o(i.SPIx_DMA_RxData)
    SPIx_DMA_TxData                          0x080016c5   Thumb Code   188  spi.o(i.SPIx_DMA_TxData)
    SPIx_ReadWriteByte                       0x08001791   Thumb Code    46  spi.o(i.SPIx_ReadWriteByte)
    SysTick_DelayMs                          0x08001895   Thumb Code    12  systick.o(i.SysTick_DelayMs)
    SysTick_Handler                          0x080018a5   Thumb Code    16  systick.o(i.SysTick_Handler)
    SysTick_Init                             0x080018b9   Thumb Code    64  systick.o(i.SysTick_Init)
    SystemInit                               0x08001901   Thumb Code    68  system_mm32f032xx_s.o(i.SystemInit)
    TIM16_IRQHandler                         0x08001955   Thumb Code   118  ble_dtm.o(i.TIM16_IRQHandler)
    TIM17_IRQHandler                         0x080019dd   Thumb Code    32  ble_dtm.o(i.TIM17_IRQHandler)
    TIMER_DisableInt                         0x08001a05   Thumb Code    12  bsp_misc.o(i.TIMER_DisableInt)
    TIMER_EnableInt                          0x08001a11   Thumb Code    12  bsp_misc.o(i.TIMER_EnableInt)
    TIMER_Open                               0x08001a1d   Thumb Code    72  bsp_misc.o(i.TIMER_Open)
    TIMER_Start                              0x08001a69   Thumb Code    10  bsp_misc.o(i.TIMER_Start)
    TIMER_Stop                               0x08001a73   Thumb Code    20  bsp_misc.o(i.TIMER_Stop)
    TIM_ClearFlag                            0x08001a87   Thumb Code     8  hal_tim.o(i.TIM_ClearFlag)
    TIM_ClearITPendingBit                    0x08001a8f   Thumb Code     8  hal_tim.o(i.TIM_ClearITPendingBit)
    TIM_Cmd                                  0x08001a97   Thumb Code    20  hal_tim.o(i.TIM_Cmd)
    TIM_DeInit                               0x08001aad   Thumb Code    80  hal_tim.o(i.TIM_DeInit)
    TIM_GetITStatus                          0x08001b05   Thumb Code    20  hal_tim.o(i.TIM_GetITStatus)
    TIM_ITConfig                             0x08001b19   Thumb Code    16  hal_tim.o(i.TIM_ITConfig)
    TIM_SetCounter                           0x08001b29   Thumb Code    14  hal_tim.o(i.TIM_SetCounter)
    TIM_TimeBaseInit                         0x08001b39   Thumb Code    98  hal_tim.o(i.TIM_TimeBaseInit)
    TIM_TimeBaseStructInit                   0x08001bad   Thumb Code    18  hal_tim.o(i.TIM_TimeBaseStructInit)
    UART_ClearITPendingBit                   0x08001bbf   Thumb Code     4  hal_uart.o(i.UART_ClearITPendingBit)
    UART_Cmd                                 0x08001bc3   Thumb Code    12  hal_uart.o(i.UART_Cmd)
    UART_GetFlagStatus                       0x08001bcf   Thumb Code    10  hal_uart.o(i.UART_GetFlagStatus)
    UART_Init                                0x08001bd9   Thumb Code   108  hal_uart.o(i.UART_Init)
    UART_ReceiveData                         0x08001c49   Thumb Code     6  hal_uart.o(i.UART_ReceiveData)
    UART_SendData                            0x08001c4f   Thumb Code     6  hal_uart.o(i.UART_SendData)
    UART_StructInit                          0x08001c55   Thumb Code    24  hal_uart.o(i.UART_StructInit)
    UARTx_Configure                          0x08001c6d   Thumb Code   290  uart.o(i.UARTx_Configure)
    __0printf$5                              0x08001d99   Thumb Code    24  printf5.o(i.__0printf$5)
    __1printf$5                              0x08001d99   Thumb Code     0  printf5.o(i.__0printf$5)
    __2printf                                0x08001d99   Thumb Code     0  printf5.o(i.__0printf$5)
    __scatterload_copy                       0x08001db9   Thumb Code    14  handlers.o(i.__scatterload_copy)
    __scatterload_null                       0x08001dc7   Thumb Code     2  handlers.o(i.__scatterload_null)
    __scatterload_zeroinit                   0x08001dc9   Thumb Code    14  handlers.o(i.__scatterload_zeroinit)
    delay_us                                 0x0800211d   Thumb Code    22  bsp_misc.o(i.delay_us)
    dtm_cmd                                  0x0800213d   Thumb Code   570  ble_dtm.o(i.dtm_cmd)
    dtm_cmd_put                              0x08002395   Thumb Code    24  ble_dtm.o(i.dtm_cmd_put)
    dtm_event_get                            0x080023ad   Thumb Code    16  ble_dtm.o(i.dtm_event_get)
    dtm_init                                 0x080023c1   Thumb Code   120  ble_dtm.o(i.dtm_init)
    dtm_wait                                 0x08002461   Thumb Code    92  ble_dtm.o(i.dtm_wait)
    exEXTI_LineDisable                       0x080024c9   Thumb Code    28  hal_exti.o(i.exEXTI_LineDisable)
    exRCC_APB1PeriphReset                    0x080024e9   Thumb Code    16  hal_rcc.o(i.exRCC_APB1PeriphReset)
    exRCC_APB2PeriphReset                    0x080024fd   Thumb Code    16  hal_rcc.o(i.exRCC_APB2PeriphReset)
    fputc                                    0x08002511   Thumb Code    30  uart.o(i.fputc)
    main                                     0x08002535   Thumb Code    78  main.o(i.main)
    rafael_pll_bank_get                      0x080027e1   Thumb Code    94  rf_phy.o(i.rafael_pll_bank_get)
    rafael_pll_calibration                   0x08002849   Thumb Code   288  rf_phy.o(i.rafael_pll_calibration)
    rafael_reset_phy_fsm                     0x08002975   Thumb Code    52  rf_phy.o(i.rafael_reset_phy_fsm)
    rafael_reset_phy_fsm_Isr                 0x080029ad   Thumb Code    28  rf_phy.o(i.rafael_reset_phy_fsm_Isr)
    rafael_spi_clear_fifo                    0x080029cd   Thumb Code    38  rf_phy.o(i.rafael_spi_clear_fifo)
    rafael_spi_clear_tx_fifo_cnt             0x080029f9   Thumb Code    38  rf_phy.o(i.rafael_spi_clear_tx_fifo_cnt)
    setChannel_BLE                           0x08002a25   Thumb Code    28  rf_phy.o(i.setChannel_BLE)
    spiGpioWriteReg                          0x08002a45   Thumb Code   236  main.o(i.spiGpioWriteReg)
    Region$$Table$$Base                      0x08002b54   Number         0  anon$$obj.o(Region$$Table)
    Region$$Table$$Limit                     0x08002b74   Number         0  anon$$obj.o(Region$$Table)
    SystemCoreClock                          0x20000000   Data           4  system_mm32f032xx_s.o(.data)
    ChipVer                                  0x20000004   Data           1  rf_phy.o(.data)
    RfVolt_new                               0x20000005   Data           1  rf_phy.o(.data)
    Init_flag                                0x20000006   Data           1  rf_phy.o(.data)
    rssiOffsetValue                          0x20000007   Data           1  rf_phy.o(.data)
    Content_ioInt                            0x20000009   Data           1  rf_phy.o(.data)
    Tmr16Interval                            0x2000000a   Data           2  rf_phy.o(.data)
    Timeline24                               0x2000000c   Data           4  rf_phy.o(.data)
    txpower_0dbm_reg                         0x20000010   Data           4  rf_phy.o(.data)
    txpower_4dbm_reg                         0x20000014   Data           4  rf_phy.o(.data)
    txpower_8dbm_reg                         0x20000018   Data           4  rf_phy.o(.data)
    txpower_10dbm_reg                        0x2000001c   Data           4  rf_phy.o(.data)
    addr_TxFIFO                              0x20000020   Data           4  rf_phy.o(.data)
    Phy_pll_bank_freqIdx                     0x20000024   Data           5  rf_phy.o(.data)
    Phy_pll_bank                             0x20000029   Data           5  rf_phy.o(.data)
    RFIP_init_reg                            0x2000002e   Data         128  rf_phy.o(.data)
    RFIP_REG_IDX                             0x200000ae   Data          14  rf_phy.o(.data)
    CH_SEL_TABLE_INV                         0x200000bc   Data          40  rf_phy.o(.data)
    R568_lna_agc                             0x200000e4   Data          32  rf_phy.o(.data)
    R568_tia_agc                             0x20000104   Data          32  rf_phy.o(.data)
    R568_vga_agc                             0x20000124   Data          32  rf_phy.o(.data)
    RFIP_PLL_Reg_R34                         0x20000144   Data          40  rf_phy.o(.data)
    SPI_DMATxFlag                            0x200002a7   Data           1  spi.o(.data)
    SPI_DMARxFlag                            0x200002a8   Data           1  spi.o(.data)
    SysTick_DelayTicks                       0x200002ac   Data           4  systick.o(.data)
    tbPresc                                  0x200002b0   Data          16  hal_rcc.o(.data)
    __stdout                                 0x200002c4   Data           4  stdout.o(.data)
    RFIP_reg_MEM                             0x200002c8   Data          14  rf_phy.o(.bss)
    CH_PLL_bank_Table                        0x200002d6   Data          40  rf_phy.o(.bss)
    __initial_sp                             0x20000a20   Data           0  startup_mm32f032xx_s_keil.o(STACK)



==============================================================================

Memory Map of the image

  Image Entry point : 0x080000c1

  Load Region LR_IROM1 (Base: 0x08000000, Size: 0x00002e3c, Max: 0x00010000, ABSOLUTE, COMPRESSED[0x00002dc4])

    Execution Region ER_IROM1 (Exec base: 0x08000000, Load base: 0x08000000, Size: 0x00002b74, Max: 0x00010000, ABSOLUTE)

    Exec Addr    Load Addr    Size         Type   Attr      Idx    E Section Name        Object

    0x08000000   0x08000000   0x000000c0   Data   RO           68    RESET               startup_mm32f032xx_s_keil.o
    0x080000c0   0x080000c0   0x00000000   Code   RO         3739  * .ARM.Collect$$$$00000000  mc_p.l(entry.o)
    0x080000c0   0x080000c0   0x00000004   Code   RO         4018    .ARM.Collect$$$$00000001  mc_p.l(entry2.o)
    0x080000c4   0x080000c4   0x00000004   Code   RO         4021    .ARM.Collect$$$$00000004  mc_p.l(entry5.o)
    0x080000c8   0x080000c8   0x00000000   Code   RO         4023    .ARM.Collect$$$$00000008  mc_p.l(entry7b.o)
    0x080000c8   0x080000c8   0x00000000   Code   RO         4025    .ARM.Collect$$$$0000000A  mc_p.l(entry8b.o)
    0x080000c8   0x080000c8   0x00000008   Code   RO         4026    .ARM.Collect$$$$0000000B  mc_p.l(entry9a.o)
    0x080000d0   0x080000d0   0x00000004   Code   RO         4033    .ARM.Collect$$$$0000000E  mc_p.l(entry12b.o)
    0x080000d4   0x080000d4   0x00000000   Code   RO         4028    .ARM.Collect$$$$0000000F  mc_p.l(entry10a.o)
    0x080000d4   0x080000d4   0x00000000   Code   RO         4030    .ARM.Collect$$$$00000011  mc_p.l(entry11a.o)
    0x080000d4   0x080000d4   0x00000004   Code   RO         4019    .ARM.Collect$$$$00002712  mc_p.l(entry2.o)
    0x080000d8   0x080000d8   0x00000006   Code   RO          953    .emb_text           bsp_misc.o
    0x080000de   0x080000de   0x00000002   PAD
    0x080000e0   0x080000e0   0x00000058   Code   RO           69    .text               startup_mm32f032xx_s_keil.o
    0x08000138   0x08000138   0x0000002c   Code   RO         3742    .text               mc_p.l(uidiv.o)
    0x08000164   0x08000164   0x00000028   Code   RO         3744    .text               mc_p.l(idiv.o)
    0x0800018c   0x0800018c   0x00000024   Code   RO         3746    .text               mc_p.l(rand.o)
    0x080001b0   0x080001b0   0x00000024   Code   RO         3749    .text               mc_p.l(memcpya.o)
    0x080001d4   0x080001d4   0x00000024   Code   RO         3751    .text               mc_p.l(memseta.o)
    0x080001f8   0x080001f8   0x0000001a   Code   RO         3753    .text               mc_p.l(memcmp.o)
    0x08000212   0x08000212   0x00000060   Code   RO         4035    .text               mc_p.l(uldiv.o)
    0x08000272   0x08000272   0x00000002   PAD
    0x08000274   0x08000274   0x00000024   Code   RO         4048    .text               mc_p.l(init.o)
    0x08000298   0x08000298   0x00000020   Code   RO         4050    .text               mc_p.l(llshl.o)
    0x080002b8   0x080002b8   0x00000022   Code   RO         4052    .text               mc_p.l(llushr.o)
    0x080002da   0x080002da   0x00000056   Code   RO         4068    .text               mc_p.l(__dczerorl2.o)
    0x08000330   0x08000330   0x0000005c   Code   RO          868    i.BSP_SPI_BLE_Init  bsp_spi_ble.o
    0x0800038c   0x0800038c   0x0000000c   Code   RO          254    i.BleTxFIFOAddr_Get  rf_phy.o
    0x08000398   0x08000398   0x00000020   Code   RO          255    i.Ble_SW_Init       rf_phy.o
    0x080003b8   0x080003b8   0x00000034   Code   RO          672    i.DMA1_Channel2_3_IRQHandler  spi.o
    0x080003ec   0x080003ec   0x00000038   Code   RO          673    i.DMA1_Channel4_5_IRQHandler  spi.o
    0x08000424   0x08000424   0x0000000c   Code   RO         2618    i.DMA_ClearITPendingBit  hal_dma.o
    0x08000430   0x08000430   0x0000000c   Code   RO         2619    i.DMA_Cmd           hal_dma.o
    0x0800043c   0x0800043c   0x00000030   Code   RO         2620    i.DMA_DeInit        hal_dma.o
    0x0800046c   0x0800046c   0x00000014   Code   RO         2623    i.DMA_GetITStatus   hal_dma.o
    0x08000480   0x08000480   0x00000010   Code   RO         2624    i.DMA_ITConfig      hal_dma.o
    0x08000490   0x08000490   0x0000004c   Code   RO         2625    i.DMA_Init          hal_dma.o
    0x080004dc   0x080004dc   0x0000001c   Code   RO         2626    i.DMA_StructInit    hal_dma.o
    0x080004f8   0x080004f8   0x0000011c   Code   RO          570    i.DTM_Isr           ble_dtm.o
    0x08000614   0x08000614   0x000000b4   Code   RO           76    i.DTM_Main_Loop     main.o
    0x080006c8   0x080006c8   0x00000038   Code   RO          954    i.EXTI4_15_IRQHandler  bsp_misc.o
    0x08000700   0x08000700   0x0000000c   Code   RO         2719    i.EXTI_ClearITPendingBit  hal_exti.o
    0x0800070c   0x0800070c   0x0000001c   Code   RO         2724    i.EXTI_GetITStatus  hal_exti.o
    0x08000728   0x08000728   0x00000058   Code   RO         2725    i.EXTI_Init         hal_exti.o
    0x08000780   0x08000780   0x00000028   Code   RO         2726    i.EXTI_LineConfig   hal_exti.o
    0x080007a8   0x080007a8   0x00000086   Code   RO         1479    i.GPIO_Init         hal_gpio.o
    0x0800082e   0x0800082e   0x00000020   Code   RO         1480    i.GPIO_PinAFConfig  hal_gpio.o
    0x0800084e   0x0800084e   0x0000000a   Code   RO         1484    i.GPIO_ReadInputDataBit  hal_gpio.o
    0x08000858   0x08000858   0x00000004   Code   RO         1487    i.GPIO_ResetBits    hal_gpio.o
    0x0800085c   0x0800085c   0x00000004   Code   RO         1488    i.GPIO_SetBits      hal_gpio.o
    0x08000860   0x08000860   0x00000010   Code   RO         1489    i.GPIO_StructInit   hal_gpio.o
    0x08000870   0x08000870   0x0000003a   Code   RO          955    i.MCU_GpioIntDisable  bsp_misc.o
    0x080008aa   0x080008aa   0x0000003e   Code   RO          956    i.MCU_GpioIntEnable  bsp_misc.o
    0x080008e8   0x080008e8   0x0000002c   Code   RO          957    i.MCU_GpioPinInit   bsp_misc.o
    0x08000914   0x08000914   0x00000050   Code   RO         3107    i.NVIC_Init         hal_misc.o
    0x08000964   0x08000964   0x00000044   Code   RO          770    i.NVIC_SetPriority  systick.o
    0x080009a8   0x080009a8   0x00000018   Code   RO         2160    i.RCC_AHBPeriphClockCmd  hal_rcc.o
    0x080009c0   0x080009c0   0x00000018   Code   RO         2162    i.RCC_APB1PeriphClockCmd  hal_rcc.o
    0x080009d8   0x080009d8   0x00000018   Code   RO         2164    i.RCC_APB2PeriphClockCmd  hal_rcc.o
    0x080009f0   0x080009f0   0x00000020   Code   RO         2173    i.RCC_GetHCLKFreq   hal_rcc.o
    0x08000a10   0x08000a10   0x00000020   Code   RO         2175    i.RCC_GetPCLK1Freq  hal_rcc.o
    0x08000a30   0x08000a30   0x00000020   Code   RO         2176    i.RCC_GetPCLK2Freq  hal_rcc.o
    0x08000a50   0x08000a50   0x00000048   Code   RO         2178    i.RCC_GetSysClockFreq  hal_rcc.o
    0x08000a98   0x08000a98   0x00000030   Code   RO          258    i.RF_Enter_DeepSleep  rf_phy.o
    0x08000ac8   0x08000ac8   0x00000124   Code   RO          263    i.RF_Init           rf_phy.o
    0x08000bec   0x08000bec   0x00000018   Code   RO          265    i.RF_LE_HeaderStsLen_Tx  rf_phy.o
    0x08000c04   0x08000c04   0x00000068   Code   RO           77    i.RF_Open           main.o
    0x08000c6c   0x08000c6c   0x00000018   Code   RO          266    i.RF_PLL_VCO_Bank_set  rf_phy.o
    0x08000c84   0x08000c84   0x00000014   Code   RO          271    i.RF_RxFIFOrst      rf_phy.o
    0x08000c98   0x08000c98   0x0000000c   Code   RO          272    i.RF_RxLengthLimit  rf_phy.o
    0x08000ca4   0x08000ca4   0x00000058   Code   RO          273    i.RF_Set_TxPowerLevel_Isr  rf_phy.o
    0x08000cfc   0x08000cfc   0x0000009c   Code   RO           78    i.RF_SpiIoMapping   main.o
    0x08000d98   0x08000d98   0x00000024   Code   RO          275    i.RF_SymbolRate_set  rf_phy.o
    0x08000dbc   0x08000dbc   0x000000c8   Code   RO          279    i.RF_Tmr_Periodic_initial  rf_phy.o
    0x08000e84   0x08000e84   0x00000040   Code   RO          280    i.RF_Tmr_Periodic_set_ISR  rf_phy.o
    0x08000ec4   0x08000ec4   0x00000014   Code   RO          284    i.RF_TxFIFO_OriginAddr_set  rf_phy.o
    0x08000ed8   0x08000ed8   0x00000064   Code   RO          285    i.RF_Voltage_Det    rf_phy.o
    0x08000f3c   0x08000f3c   0x00000018   Code   RO          289    i.RF_WTR_intOn      rf_phy.o
    0x08000f54   0x08000f54   0x0000004c   Code   RO          290    i.RT568_tx_rf_continuous_mode  rf_phy.o
    0x08000fa0   0x08000fa0   0x0000004c   Code   RO          869    i.SPI_1BYT_SetRx    bsp_spi_ble.o
    0x08000fec   0x08000fec   0x00000054   Code   RO          870    i.SPI_1BYT_SetRx_Isr  bsp_spi_ble.o
    0x08001040   0x08001040   0x00000048   Code   RO          871    i.SPI_1BYT_SetTx    bsp_spi_ble.o
    0x08001088   0x08001088   0x00000044   Code   RO          872    i.SPI_1BYT_SetTx_Isr  bsp_spi_ble.o
    0x080010cc   0x080010cc   0x00000064   Code   RO          873    i.SPI_2BYT_SetTx_Isr  bsp_spi_ble.o
    0x08001130   0x08001130   0x0000002e   Code   RO         3325    i.SPI_BiDirectionalLineConfig  hal_spi.o
    0x0800115e   0x0800115e   0x00000014   Code   RO         3326    i.SPI_CSInternalSelected  hal_spi.o
    0x08001172   0x08001172   0x00000014   Code   RO         3328    i.SPI_Cmd           hal_spi.o
    0x08001186   0x08001186   0x00000014   Code   RO         3329    i.SPI_DMACmd        hal_spi.o
    0x0800119a   0x0800119a   0x00000002   PAD
    0x0800119c   0x0800119c   0x00000038   Code   RO           79    i.SPI_GPIO_Init     main.o
    0x080011d4   0x080011d4   0x0000006e   Code   RO         3336    i.SPI_Init          hal_spi.o
    0x08001242   0x08001242   0x0000000a   Code   RO          874    i.SPI_PDMA_SetRx_Isr  bsp_spi_ble.o
    0x0800124c   0x0800124c   0x0000005c   Code   RO          875    i.SPI_PDMA_SetRx_Isr_Old  bsp_spi_ble.o
    0x080012a8   0x080012a8   0x0000000a   Code   RO          876    i.SPI_PDMA_SetTx    bsp_spi_ble.o
    0x080012b2   0x080012b2   0x00000002   PAD
    0x080012b4   0x080012b4   0x00000064   Code   RO          877    i.SPI_PDMA_SetTx_Old  bsp_spi_ble.o
    0x08001318   0x08001318   0x00000004   Code   RO          878    i.SPI_PDMA_waitFinish  bsp_spi_ble.o
    0x0800131c   0x0800131c   0x0000001a   Code   RO         3342    i.SPI_StructInit    hal_spi.o
    0x08001336   0x08001336   0x00000002   PAD
    0x08001338   0x08001338   0x00000164   Code   RO          678    i.SPIx_Configure    spi.o
    0x0800149c   0x0800149c   0x00000120   Code   RO          679    i.SPIx_DMA_Configure  spi.o
    0x080015bc   0x080015bc   0x00000030   Code   RO          680    i.SPIx_DMA_InterruptConfigure  spi.o
    0x080015ec   0x080015ec   0x000000d8   Code   RO          681    i.SPIx_DMA_RxData   spi.o
    0x080016c4   0x080016c4   0x000000cc   Code   RO          682    i.SPIx_DMA_TxData   spi.o
    0x08001790   0x08001790   0x00000034   Code   RO          683    i.SPIx_ReadWriteByte  spi.o
    0x080017c4   0x080017c4   0x000000d0   Code   RO            4    i.SetSysClockTo48   system_mm32f032xx_s.o
    0x08001894   0x08001894   0x00000010   Code   RO          771    i.SysTick_DelayMs   systick.o
    0x080018a4   0x080018a4   0x00000014   Code   RO          772    i.SysTick_Handler   systick.o
    0x080018b8   0x080018b8   0x00000048   Code   RO          773    i.SysTick_Init      systick.o
    0x08001900   0x08001900   0x00000054   Code   RO            5    i.SystemInit        system_mm32f032xx_s.o
    0x08001954   0x08001954   0x00000088   Code   RO          571    i.TIM16_IRQHandler  ble_dtm.o
    0x080019dc   0x080019dc   0x00000028   Code   RO          572    i.TIM17_IRQHandler  ble_dtm.o
    0x08001a04   0x08001a04   0x0000000c   Code   RO          960    i.TIMER_DisableInt  bsp_misc.o
    0x08001a10   0x08001a10   0x0000000c   Code   RO          961    i.TIMER_EnableInt   bsp_misc.o
    0x08001a1c   0x08001a1c   0x0000004c   Code   RO          962    i.TIMER_Open        bsp_misc.o
    0x08001a68   0x08001a68   0x0000000a   Code   RO          963    i.TIMER_Start       bsp_misc.o
    0x08001a72   0x08001a72   0x00000014   Code   RO          964    i.TIMER_Stop        bsp_misc.o
    0x08001a86   0x08001a86   0x00000008   Code   RO         1598    i.TIM_ClearFlag     hal_tim.o
    0x08001a8e   0x08001a8e   0x00000008   Code   RO         1599    i.TIM_ClearITPendingBit  hal_tim.o
    0x08001a96   0x08001a96   0x00000014   Code   RO         1604    i.TIM_Cmd           hal_tim.o
    0x08001aaa   0x08001aaa   0x00000002   PAD
    0x08001aac   0x08001aac   0x00000058   Code   RO         1609    i.TIM_DeInit        hal_tim.o
    0x08001b04   0x08001b04   0x00000014   Code   RO         1625    i.TIM_GetITStatus   hal_tim.o
    0x08001b18   0x08001b18   0x00000010   Code   RO         1629    i.TIM_ITConfig      hal_tim.o
    0x08001b28   0x08001b28   0x0000000e   Code   RO         1669    i.TIM_SetCounter    hal_tim.o
    0x08001b36   0x08001b36   0x00000002   PAD
    0x08001b38   0x08001b38   0x00000074   Code   RO         1675    i.TIM_TimeBaseInit  hal_tim.o
    0x08001bac   0x08001bac   0x00000012   Code   RO         1676    i.TIM_TimeBaseStructInit  hal_tim.o
    0x08001bbe   0x08001bbe   0x00000004   Code   RO         3480    i.UART_ClearITPendingBit  hal_uart.o
    0x08001bc2   0x08001bc2   0x0000000c   Code   RO         3481    i.UART_Cmd          hal_uart.o
    0x08001bce   0x08001bce   0x0000000a   Code   RO         3485    i.UART_GetFlagStatus  hal_uart.o
    0x08001bd8   0x08001bd8   0x00000070   Code   RO         3489    i.UART_Init         hal_uart.o
    0x08001c48   0x08001c48   0x00000006   Code   RO         3490    i.UART_ReceiveData  hal_uart.o
    0x08001c4e   0x08001c4e   0x00000006   Code   RO         3493    i.UART_SendData     hal_uart.o
    0x08001c54   0x08001c54   0x00000018   Code   RO         3502    i.UART_StructInit   hal_uart.o
    0x08001c6c   0x08001c6c   0x0000012c   Code   RO          816    i.UARTx_Configure   uart.o
    0x08001d98   0x08001d98   0x00000020   Code   RO         3890    i.__0printf$5       mc_p.l(printf5.o)
    0x08001db8   0x08001db8   0x0000000e   Code   RO         4062    i.__scatterload_copy  mc_p.l(handlers.o)
    0x08001dc6   0x08001dc6   0x00000002   Code   RO         4063    i.__scatterload_null  mc_p.l(handlers.o)
    0x08001dc8   0x08001dc8   0x0000000e   Code   RO         4064    i.__scatterload_zeroinit  mc_p.l(handlers.o)
    0x08001dd6   0x08001dd6   0x00000002   PAD
    0x08001dd8   0x08001dd8   0x000002d4   Code   RO         3897    i._printf_core      mc_p.l(printf5.o)
    0x080020ac   0x080020ac   0x00000070   Code   RO          573    i.check_pdu         ble_dtm.o
    0x0800211c   0x0800211c   0x00000020   Code   RO          967    i.delay_us          bsp_misc.o
    0x0800213c   0x0800213c   0x00000258   Code   RO          574    i.dtm_cmd           ble_dtm.o
    0x08002394   0x08002394   0x00000018   Code   RO          575    i.dtm_cmd_put       ble_dtm.o
    0x080023ac   0x080023ac   0x00000014   Code   RO          576    i.dtm_event_get     ble_dtm.o
    0x080023c0   0x080023c0   0x0000008c   Code   RO          578    i.dtm_init          ble_dtm.o
    0x0800244c   0x0800244c   0x00000014   Code   RO          579    i.dtm_test_done     ble_dtm.o
    0x08002460   0x08002460   0x00000068   Code   RO          580    i.dtm_wait          ble_dtm.o
    0x080024c8   0x080024c8   0x00000020   Code   RO         2730    i.exEXTI_LineDisable  hal_exti.o
    0x080024e8   0x080024e8   0x00000014   Code   RO         2196    i.exRCC_APB1PeriphReset  hal_rcc.o
    0x080024fc   0x080024fc   0x00000014   Code   RO         2197    i.exRCC_APB2PeriphReset  hal_rcc.o
    0x08002510   0x08002510   0x00000024   Code   RO          817    i.fputc             uart.o
    0x08002534   0x08002534   0x000000d4   Code   RO           80    i.main              main.o
    0x08002608   0x08002608   0x0000000e   Code   RO          581    i.radio_init        ble_dtm.o
    0x08002616   0x08002616   0x00000002   PAD
    0x08002618   0x08002618   0x000001b4   Code   RO          582    i.radio_prepare_rt568  ble_dtm.o
    0x080027cc   0x080027cc   0x00000014   Code   RO          583    i.radio_reset       ble_dtm.o
    0x080027e0   0x080027e0   0x00000068   Code   RO          292    i.rafael_pll_bank_get  rf_phy.o
    0x08002848   0x08002848   0x0000012c   Code   RO          293    i.rafael_pll_calibration  rf_phy.o
    0x08002974   0x08002974   0x00000038   Code   RO          294    i.rafael_reset_phy_fsm  rf_phy.o
    0x080029ac   0x080029ac   0x00000020   Code   RO          295    i.rafael_reset_phy_fsm_Isr  rf_phy.o
    0x080029cc   0x080029cc   0x0000002c   Code   RO          296    i.rafael_spi_clear_fifo  rf_phy.o
    0x080029f8   0x080029f8   0x0000002c   Code   RO          297    i.rafael_spi_clear_tx_fifo_cnt  rf_phy.o
    0x08002a24   0x08002a24   0x00000020   Code   RO          298    i.setChannel_BLE    rf_phy.o
    0x08002a44   0x08002a44   0x000000f0   Code   RO           81    i.spiGpioWriteReg   main.o
    0x08002b34   0x08002b34   0x00000008   Data   RO          685    .constdata          spi.o
    0x08002b3c   0x08002b3c   0x00000016   Data   RO          880    .constdata          bsp_spi_ble.o
    0x08002b52   0x08002b52   0x00000002   PAD
    0x08002b54   0x08002b54   0x00000020   Data   RO         4060    Region$$Table       anon$$obj.o


    Execution Region RW_IRAM1 (Exec base: 0x20000000, Load base: 0x08002b74, Size: 0x00000a20, Max: 0x00004000, ABSOLUTE, COMPRESSED[0x00000250])

    Exec Addr    Load Addr    Size         Type   Attr      Idx    E Section Name        Object

    0x20000000   COMPRESSED   0x00000004   Data   RW            6    .data               system_mm32f032xx_s.o
    0x20000004   COMPRESSED   0x00000172   Data   RW          301    .data               rf_phy.o
    0x20000176   COMPRESSED   0x00000002   PAD
    0x20000178   COMPRESSED   0x0000012f   Data   RW          586    .data               ble_dtm.o
    0x200002a7   COMPRESSED   0x00000002   Data   RW          686    .data               spi.o
    0x200002a9   COMPRESSED   0x00000003   PAD
    0x200002ac   COMPRESSED   0x00000004   Data   RW          774    .data               systick.o
    0x200002b0   COMPRESSED   0x00000010   Data   RW         2201    .data               hal_rcc.o
    0x200002c0   COMPRESSED   0x00000004   Data   RW         3747    .data               mc_p.l(rand.o)
    0x200002c4   COMPRESSED   0x00000004   Data   RW         4034    .data               mc_p.l(stdout.o)
    0x200002c8        -       0x00000036   Zero   RW          300    .bss                rf_phy.o
    0x200002fe        -       0x0000031b   Zero   RW          584    .bss                ble_dtm.o
    0x20000619   COMPRESSED   0x00000007   PAD
    0x20000620        -       0x00000400   Zero   RW           66    STACK               startup_mm32f032xx_s_keil.o


==============================================================================

Image component sizes


      Code (inc. data)   RO Data    RW Data    ZI Data      Debug   Object Name

      1950        144          0        303        795      13449   ble_dtm.o
       388         24          0          0          0       6103   bsp_misc.o
       708         50         22          0          0       7329   bsp_spi_ble.o
       212         20          0          0          0       6288   hal_dma.o
       200         28          0          0          0       5847   hal_exti.o
       200          0          0          0          0       6549   hal_gpio.o
        80         10          0          0          0       2196   hal_misc.o
       280         68          0         16          0       8760   hal_rcc.o
       242          0          0          0          0       7390   hal_spi.o
       308         26          0          0          0      13110   hal_tim.o
       174          4          0          0          0       5970   hal_uart.o
       948        170          0          0          0      25333   main.o
      1684        146          0        370         54      16512   rf_phy.o
      1272         88          8          2          0       6569   spi.o
        88         38        192          0       1024        752   startup_mm32f032xx_s_keil.o
       292         30          0          4          0     132869   system_mm32f032xx_s.o
       176         24          0          4          0       8440   systick.o
       336         16          0          0          0       1914   uart.o

    ----------------------------------------------------------------------
      9552        886        256        704       1880     275380   Object Totals
         0          0         32          0          0          0   (incl. Generated)
        14          0          2          5          7          0   (incl. Padding)

    ----------------------------------------------------------------------

      Code (inc. data)   RO Data    RW Data    ZI Data      Debug   Library Member Name

        86          0          0          0          0          0   __dczerorl2.o
         0          0          0          0          0          0   entry.o
         0          0          0          0          0          0   entry10a.o
         0          0          0          0          0          0   entry11a.o
         4          0          0          0          0          0   entry12b.o
         8          4          0          0          0          0   entry2.o
         4          0          0          0          0          0   entry5.o
         0          0          0          0          0          0   entry7b.o
         0          0          0          0          0          0   entry8b.o
         8          4          0          0          0          0   entry9a.o
        30          0          0          0          0          0   handlers.o
        40          0          0          0          0         72   idiv.o
        36          8          0          0          0         68   init.o
        32          0          0          0          0         68   llshl.o
        34          0          0          0          0         68   llushr.o
        26          0          0          0          0         72   memcmp.o
        36          0          0          0          0         60   memcpya.o
        36          0          0          0          0        100   memseta.o
       756         52          0          0          0        168   printf5.o
        36         12          0          4          0        120   rand.o
         0          0          0          4          0          0   stdout.o
        44          0          0          0          0         72   uidiv.o
        96          0          0          0          0         84   uldiv.o

    ----------------------------------------------------------------------
      1316         80          0          8          0        952   Library Totals
         4          0          0          0          0          0   (incl. Padding)

    ----------------------------------------------------------------------

      Code (inc. data)   RO Data    RW Data    ZI Data      Debug   Library Name

      1312         80          0          8          0        952   mc_p.l

    ----------------------------------------------------------------------
      1316         80          0          8          0        952   Library Totals

    ----------------------------------------------------------------------

==============================================================================


      Code (inc. data)   RO Data    RW Data    ZI Data      Debug   

     10868        966        256        712       1880     270564   Grand Totals
     10868        966        256        592       1880     270564   ELF Image Totals (compressed)
     10868        966        256        592          0          0   ROM Totals

==============================================================================

    Total RO  Size (Code + RO Data)                11124 (  10.86kB)
    Total RW  Size (RW Data + ZI Data)              2592 (   2.53kB)
    Total ROM Size (Code + RO Data + RW Data)      11716 (  11.44kB)

==============================================================================

