<html>
<body>
<pre>
<h1>礦ision Build Log</h1>
<h2>Tool Versions:</h2>
IDE-Version: μVision V5.33.0.0
Copyright (C) 2020 ARM Ltd and ARM Germany GmbH. All rights reserved.
License Information: 紫色的天空 紫色的天空, 紫色的天空, LIC=WHYH9-4BGR5-VEAHA-17S6E-BUKXT-D243M
 
Tool Versions:
Toolchain:       MDK-ARM Plus  Version: 5.33.0.0
Toolchain Path:  C:\Keil_v5\ARM\ARMCC\Bin
C Compiler:      Armcc.exe V5.06 update 7 (build 960)
Assembler:       Armasm.exe V5.06 update 7 (build 960)
Linker/Locator:  ArmLink.exe V5.06 update 7 (build 960)
Library Manager: ArmAr.exe V5.06 update 7 (build 960)
Hex Converter:   FromElf.exe V5.06 update 7 (build 960)
CPU DLL:         SARMCM3.DLL V5.33.0.0
Dialog DLL:      DARMCM1.DLL V1.19.4.0
Target DLL:      CMSIS_AGDI.dll V1.32.12.0
Dialog DLL:      TARMCM1.DLL V1.14.3.0
 
<h2>Project:</h2>
C:\Users\Administrator\Desktop\mm32_RTL568\1_SampleCode_HAL\Rafael_BLE_KeyBoard_DEMO\demo\MDK-ARM\Rafael_BLE_MM32F032xx_s.uvprojx
Project File Date:  12/16/2020

<h2>Output:</h2>
*** Using Compiler 'V5.06 update 7 (build 960)', folder: 'C:\Keil_v5\ARM\ARMCC\Bin'
Rebuild target 'Rafael_BLE_MM32F032xx_s'
assembling startup_MM32F032xx_s_KEIL.s...
compiling system_MM32F032xx_s.c...
..\..\..\..\2_Device\MM32F032xx_s\Source\system_MM32F032xx_s.c(464): warning:  #177-D: variable "plln"  was declared but never referenced
      uint8_t plln, pllm;
..\..\..\..\2_Device\MM32F032xx_s\Source\system_MM32F032xx_s.c(464): warning:  #177-D: variable "pllm"  was declared but never referenced
      uint8_t plln, pllm;
..\..\..\..\2_Device\MM32F032xx_s\Source\system_MM32F032xx_s.c: 2 warnings, 0 errors
compiling uart.c...
compiling spi.c...
compiling systick.c...
compiling user.c...
compiling main.c...
compiling porting_misc.c...
compiling porting_LLtimer.c...
compiling porting_spi.c...
compiling HAL_i2c.c...
compiling HAL_ver.c...
compiling HAL_adc.c...
compiling HAL_gpio.c...
compiling HAL_rcc.c...
compiling HAL_bkp.c...
compiling HAL_tim.c...
compiling HAL_crc.c...
compiling HAL_dbg.c...
compiling HAL_exti.c...
compiling HAL_dma.c...
compiling HAL_flash.c...
compiling HAL_iwdg.c...
compiling HAL_pwr.c...
compiling HAL_misc.c...
compiling HAL_rtc.c...
compiling HAL_spi.c...
compiling HAL_uart.c...
compiling HAL_uid.c...
compiling HAL_wwdg.c...
compiling bonding_storage.c...
compiling profile_tab.c...
linking...
Program Size: Code=39040 RO-data=3104 RW-data=1224 ZI-data=5048  
FromELF: creating hex file...
After Build - User command #1: fromelf --bin "C:\Users\Administrator\Desktop\mm32_RTL568\1_SampleCode_HAL\Rafael_BLE_KeyBoard_DEMO\demo\MDK-ARM\Objects\Rafael_BLE_MM32F032xx_s.axf" --output "C:\Users\Administrator\Desktop\mm32_RTL568\1_SampleCode_HAL\Rafael_BLE_KeyBoard_DEMO\demo\MDK-ARM\Objects\Rafael_BLE_MM32F032xx_s.bin"
After Build - User command #2: fromelf --text -c "C:\Users\Administrator\Desktop\mm32_RTL568\1_SampleCode_HAL\Rafael_BLE_KeyBoard_DEMO\demo\MDK-ARM\Objects\Rafael_BLE_MM32F032xx_s.axf" --output "C:\Users\Administrator\Desktop\mm32_RTL568\1_SampleCode_HAL\Rafael_BLE_KeyBoard_DEMO\demo\MDK-ARM\Objects\Rafael_BLE_MM32F032xx_s.txt"
".\Objects\Rafael_BLE_MM32F032xx_s.axf" - 0 Error(s), 2 Warning(s).

<h2>Software Packages used:</h2>

Package Vendor: MindMotion
                http://www.mindmotion.com.cn/Download/MDK_KEIL/MindMotion.MM32F032_DFP.1.0.2.pack
                MindMotion.MM32F032_DFP.1.0.2
                MindMotion MM32F032 Series Device Support, Drivers and Examples

<h2>Collection of Component include folders:</h2>

<h2>Collection of Component Files used:</h2>
Build Time Elapsed:  00:00:04
</pre>
</body>
</html>
