<!doctype html public "-//w3c//dtd html 4.0 transitional//en">
<html><head>
<title>Static Call Graph - [.\Objects\Rafael_BLE_F032S_ADV_DEMO.axf]</title></head>
<body><HR>
<H1>Static Call Graph for image .\Objects\Rafael_BLE_F032S_ADV_DEMO.axf</H1><HR>
<BR><P>#&#060CALLGRAPH&#062# ARM Linker, 5060960: Last Updated: Tue Dec 15 13:08:47 2020
<BR><P>
<H3>Maximum Stack Usage =        364 bytes + Unknown(Cycles, Untraceable Function Pointers)</H3><H3>
Call chain for Maximum Stack Depth:</H3>
main &rArr; RF_Open &rArr; RF_Init &rArr; Ble_SW_Init &rArr; RF_Tmr_Periodic_initial &rArr; RF_Tmr_Periodic_set_ISR &rArr; SPI_PDMA_SetTx &rArr; SPI_PDMA_SetTx_Old &rArr; SPIx_DMA_TxData &rArr; SPIx_DMA_Configure &rArr; DMA_DeInit &rArr; __aeabi_uidivmod
<P>
<H3>
Mutually Recursive functions
</H3> <LI><a href="#[1]">NMI_Handler</a>&nbsp;&nbsp;&nbsp;&rArr;&nbsp;&nbsp;&nbsp;<a href="#[1]">NMI_Handler</a><BR>
 <LI><a href="#[2]">HardFault_Handler</a>&nbsp;&nbsp;&nbsp;&rArr;&nbsp;&nbsp;&nbsp;<a href="#[2]">HardFault_Handler</a><BR>
 <LI><a href="#[3]">SVC_Handler</a>&nbsp;&nbsp;&nbsp;&rArr;&nbsp;&nbsp;&nbsp;<a href="#[3]">SVC_Handler</a><BR>
 <LI><a href="#[4]">PendSV_Handler</a>&nbsp;&nbsp;&nbsp;&rArr;&nbsp;&nbsp;&nbsp;<a href="#[4]">PendSV_Handler</a><BR>
 <LI><a href="#[11]">ADC1_COMP_IRQHandler</a>&nbsp;&nbsp;&nbsp;&rArr;&nbsp;&nbsp;&nbsp;<a href="#[11]">ADC1_COMP_IRQHandler</a><BR>
 <LI><a href="#[28]">SysCtlDelay</a>&nbsp;&nbsp;&nbsp;&rArr;&nbsp;&nbsp;&nbsp;<a href="#[28]">SysCtlDelay</a><BR>
</UL>
<P>
<H3>
Function Pointers
</H3><UL>
 <LI><a href="#[11]">ADC1_COMP_IRQHandler</a> from startup_mm32f032xx_s_keil.o(.text) referenced from startup_mm32f032xx_s_keil.o(RESET)
 <LI><a href="#[1e]">CAN_IRQHandler</a> from startup_mm32f032xx_s_keil.o(.text) referenced from startup_mm32f032xx_s_keil.o(RESET)
 <LI><a href="#[e]">DMA1_Channel1_IRQHandler</a> from startup_mm32f032xx_s_keil.o(.text) referenced from startup_mm32f032xx_s_keil.o(RESET)
 <LI><a href="#[f]">DMA1_Channel2_3_IRQHandler</a> from spi.o(i.DMA1_Channel2_3_IRQHandler) referenced from startup_mm32f032xx_s_keil.o(RESET)
 <LI><a href="#[10]">DMA1_Channel4_5_IRQHandler</a> from spi.o(i.DMA1_Channel4_5_IRQHandler) referenced from startup_mm32f032xx_s_keil.o(RESET)
 <LI><a href="#[b]">EXTI0_1_IRQHandler</a> from startup_mm32f032xx_s_keil.o(.text) referenced from startup_mm32f032xx_s_keil.o(RESET)
 <LI><a href="#[c]">EXTI2_3_IRQHandler</a> from startup_mm32f032xx_s_keil.o(.text) referenced from startup_mm32f032xx_s_keil.o(RESET)
 <LI><a href="#[d]">EXTI4_15_IRQHandler</a> from bsp_irq_gpio.o(i.EXTI4_15_IRQHandler) referenced from startup_mm32f032xx_s_keil.o(RESET)
 <LI><a href="#[9]">FLASH_IRQHandler</a> from startup_mm32f032xx_s_keil.o(.text) referenced from startup_mm32f032xx_s_keil.o(RESET)
 <LI><a href="#[2]">HardFault_Handler</a> from startup_mm32f032xx_s_keil.o(.text) referenced from startup_mm32f032xx_s_keil.o(RESET)
 <LI><a href="#[19]">I2C1_IRQHandler</a> from startup_mm32f032xx_s_keil.o(.text) referenced from startup_mm32f032xx_s_keil.o(RESET)
 <LI><a href="#[1]">NMI_Handler</a> from startup_mm32f032xx_s_keil.o(.text) referenced from startup_mm32f032xx_s_keil.o(RESET)
 <LI><a href="#[7]">PVD_IRQHandler</a> from startup_mm32f032xx_s_keil.o(.text) referenced from startup_mm32f032xx_s_keil.o(RESET)
 <LI><a href="#[4]">PendSV_Handler</a> from startup_mm32f032xx_s_keil.o(.text) referenced from startup_mm32f032xx_s_keil.o(RESET)
 <LI><a href="#[a]">RCC_CRS_IRQHandler</a> from startup_mm32f032xx_s_keil.o(.text) referenced from startup_mm32f032xx_s_keil.o(RESET)
 <LI><a href="#[8]">RTC_BKP_IRQHandler</a> from startup_mm32f032xx_s_keil.o(.text) referenced from startup_mm32f032xx_s_keil.o(RESET)
 <LI><a href="#[0]">Reset_Handler</a> from startup_mm32f032xx_s_keil.o(.text) referenced from startup_mm32f032xx_s_keil.o(RESET)
 <LI><a href="#[1a]">SPI1_IRQHandler</a> from startup_mm32f032xx_s_keil.o(.text) referenced from startup_mm32f032xx_s_keil.o(RESET)
 <LI><a href="#[1b]">SPI2_IRQHandler</a> from startup_mm32f032xx_s_keil.o(.text) referenced from startup_mm32f032xx_s_keil.o(RESET)
 <LI><a href="#[3]">SVC_Handler</a> from startup_mm32f032xx_s_keil.o(.text) referenced from startup_mm32f032xx_s_keil.o(RESET)
 <LI><a href="#[5]">SysTick_Handler</a> from systick.o(i.SysTick_Handler) referenced from startup_mm32f032xx_s_keil.o(RESET)
 <LI><a href="#[21]">SystemInit</a> from system_mm32f032xx_s.o(i.SystemInit) referenced from startup_mm32f032xx_s_keil.o(.text)
 <LI><a href="#[16]">TIM14_IRQHandler</a> from startup_mm32f032xx_s_keil.o(.text) referenced from startup_mm32f032xx_s_keil.o(RESET)
 <LI><a href="#[17]">TIM16_IRQHandler</a> from startup_mm32f032xx_s_keil.o(.text) referenced from startup_mm32f032xx_s_keil.o(RESET)
 <LI><a href="#[18]">TIM17_IRQHandler</a> from startup_mm32f032xx_s_keil.o(.text) referenced from startup_mm32f032xx_s_keil.o(RESET)
 <LI><a href="#[12]">TIM1_BRK_UP_TRG_COM_IRQHandler</a> from startup_mm32f032xx_s_keil.o(.text) referenced from startup_mm32f032xx_s_keil.o(RESET)
 <LI><a href="#[13]">TIM1_CC_IRQHandler</a> from startup_mm32f032xx_s_keil.o(.text) referenced from startup_mm32f032xx_s_keil.o(RESET)
 <LI><a href="#[14]">TIM2_IRQHandler</a> from startup_mm32f032xx_s_keil.o(.text) referenced from startup_mm32f032xx_s_keil.o(RESET)
 <LI><a href="#[15]">TIM3_IRQHandler</a> from startup_mm32f032xx_s_keil.o(.text) referenced from startup_mm32f032xx_s_keil.o(RESET)
 <LI><a href="#[1c]">UART1_IRQHandler</a> from startup_mm32f032xx_s_keil.o(.text) referenced from startup_mm32f032xx_s_keil.o(RESET)
 <LI><a href="#[1d]">UART2_IRQHandler</a> from startup_mm32f032xx_s_keil.o(.text) referenced from startup_mm32f032xx_s_keil.o(RESET)
 <LI><a href="#[1f]">USB_IRQHandler</a> from startup_mm32f032xx_s_keil.o(.text) referenced from startup_mm32f032xx_s_keil.o(RESET)
 <LI><a href="#[6]">WWDG_IRQHandler</a> from startup_mm32f032xx_s_keil.o(.text) referenced from startup_mm32f032xx_s_keil.o(RESET)
 <LI><a href="#[22]">__main</a> from entry.o(.ARM.Collect$$$$00000000) referenced from startup_mm32f032xx_s_keil.o(.text)
 <LI><a href="#[23]">fputc</a> from uart.o(i.fputc) referenced from printf5.o(i.__0printf$5)
 <LI><a href="#[20]">main</a> from main.o(i.main) referenced from entry9a.o(.ARM.Collect$$$$0000000B)
</UL>
<P>
<H3>
Global Symbols
</H3>
<P><STRONG><a name="[22]"></a>__main</STRONG> (Thumb, 0 bytes, Stack size unknown bytes, entry.o(.ARM.Collect$$$$00000000))
<BR>[Address Reference Count : 1]<UL><LI> startup_mm32f032xx_s_keil.o(.text)
</UL>
<P><STRONG><a name="[ac]"></a>_main_stk</STRONG> (Thumb, 0 bytes, Stack size unknown bytes, entry2.o(.ARM.Collect$$$$00000001))

<P><STRONG><a name="[24]"></a>_main_scatterload</STRONG> (Thumb, 0 bytes, Stack size unknown bytes, entry5.o(.ARM.Collect$$$$00000004))
<BR><BR>[Calls]<UL><LI><a href="#[25]">&gt;&gt;</a>&nbsp;&nbsp;&nbsp;__scatterload
</UL>

<P><STRONG><a name="[31]"></a>__main_after_scatterload</STRONG> (Thumb, 0 bytes, Stack size unknown bytes, entry5.o(.ARM.Collect$$$$00000004))
<BR><BR>[Called By]<UL><LI><a href="#[25]">&gt;&gt;</a>&nbsp;&nbsp;&nbsp;__scatterload
</UL>

<P><STRONG><a name="[ad]"></a>_main_clock</STRONG> (Thumb, 0 bytes, Stack size unknown bytes, entry7b.o(.ARM.Collect$$$$00000008))

<P><STRONG><a name="[ae]"></a>_main_cpp_init</STRONG> (Thumb, 0 bytes, Stack size unknown bytes, entry8b.o(.ARM.Collect$$$$0000000A))

<P><STRONG><a name="[af]"></a>_main_init</STRONG> (Thumb, 0 bytes, Stack size unknown bytes, entry9a.o(.ARM.Collect$$$$0000000B))

<P><STRONG><a name="[26]"></a>__rt_lib_shutdown_fini</STRONG> (Thumb, 0 bytes, Stack size unknown bytes, entry12b.o(.ARM.Collect$$$$0000000E))
<BR><BR>[Calls]<UL><LI><a href="#[27]">&gt;&gt;</a>&nbsp;&nbsp;&nbsp;__arm_fini_ (Weak Reference)
</UL>

<P><STRONG><a name="[b0]"></a>__rt_final_cpp</STRONG> (Thumb, 0 bytes, Stack size unknown bytes, entry10a.o(.ARM.Collect$$$$0000000F))

<P><STRONG><a name="[b1]"></a>__rt_final_exit</STRONG> (Thumb, 0 bytes, Stack size unknown bytes, entry11a.o(.ARM.Collect$$$$00000011))

<P><STRONG><a name="[28]"></a>SysCtlDelay</STRONG> (Thumb, 6 bytes, Stack size 0 bytes, main.o(.emb_text))
<BR><BR>[Calls]<UL><LI><a href="#[28]">&gt;&gt;</a>&nbsp;&nbsp;&nbsp;SysCtlDelay
</UL>
<BR>[Called By]<UL><LI><a href="#[45]">&gt;&gt;</a>&nbsp;&nbsp;&nbsp;delay_us
<LI><a href="#[28]">&gt;&gt;</a>&nbsp;&nbsp;&nbsp;SysCtlDelay
</UL>

<P><STRONG><a name="[0]"></a>Reset_Handler</STRONG> (Thumb, 38 bytes, Stack size 0 bytes, startup_mm32f032xx_s_keil.o(.text))
<BR>[Address Reference Count : 1]<UL><LI> startup_mm32f032xx_s_keil.o(RESET)
</UL>
<P><STRONG><a name="[1]"></a>NMI_Handler</STRONG> (Thumb, 2 bytes, Stack size 0 bytes, startup_mm32f032xx_s_keil.o(.text))
<BR><BR>[Calls]<UL><LI><a href="#[1]">&gt;&gt;</a>&nbsp;&nbsp;&nbsp;NMI_Handler
</UL>
<BR>[Called By]<UL><LI><a href="#[1]">&gt;&gt;</a>&nbsp;&nbsp;&nbsp;NMI_Handler
</UL>
<BR>[Address Reference Count : 1]<UL><LI> startup_mm32f032xx_s_keil.o(RESET)
</UL>
<P><STRONG><a name="[2]"></a>HardFault_Handler</STRONG> (Thumb, 2 bytes, Stack size 0 bytes, startup_mm32f032xx_s_keil.o(.text))
<BR><BR>[Calls]<UL><LI><a href="#[2]">&gt;&gt;</a>&nbsp;&nbsp;&nbsp;HardFault_Handler
</UL>
<BR>[Called By]<UL><LI><a href="#[2]">&gt;&gt;</a>&nbsp;&nbsp;&nbsp;HardFault_Handler
</UL>
<BR>[Address Reference Count : 1]<UL><LI> startup_mm32f032xx_s_keil.o(RESET)
</UL>
<P><STRONG><a name="[3]"></a>SVC_Handler</STRONG> (Thumb, 2 bytes, Stack size 0 bytes, startup_mm32f032xx_s_keil.o(.text))
<BR><BR>[Calls]<UL><LI><a href="#[3]">&gt;&gt;</a>&nbsp;&nbsp;&nbsp;SVC_Handler
</UL>
<BR>[Called By]<UL><LI><a href="#[3]">&gt;&gt;</a>&nbsp;&nbsp;&nbsp;SVC_Handler
</UL>
<BR>[Address Reference Count : 1]<UL><LI> startup_mm32f032xx_s_keil.o(RESET)
</UL>
<P><STRONG><a name="[4]"></a>PendSV_Handler</STRONG> (Thumb, 2 bytes, Stack size 0 bytes, startup_mm32f032xx_s_keil.o(.text))
<BR><BR>[Calls]<UL><LI><a href="#[4]">&gt;&gt;</a>&nbsp;&nbsp;&nbsp;PendSV_Handler
</UL>
<BR>[Called By]<UL><LI><a href="#[4]">&gt;&gt;</a>&nbsp;&nbsp;&nbsp;PendSV_Handler
</UL>
<BR>[Address Reference Count : 1]<UL><LI> startup_mm32f032xx_s_keil.o(RESET)
</UL>
<P><STRONG><a name="[11]"></a>ADC1_COMP_IRQHandler</STRONG> (Thumb, 0 bytes, Stack size 0 bytes, startup_mm32f032xx_s_keil.o(.text))
<BR><BR>[Calls]<UL><LI><a href="#[11]">&gt;&gt;</a>&nbsp;&nbsp;&nbsp;ADC1_COMP_IRQHandler
</UL>
<BR>[Called By]<UL><LI><a href="#[11]">&gt;&gt;</a>&nbsp;&nbsp;&nbsp;ADC1_COMP_IRQHandler
</UL>
<BR>[Address Reference Count : 1]<UL><LI> startup_mm32f032xx_s_keil.o(RESET)
</UL>
<P><STRONG><a name="[1e]"></a>CAN_IRQHandler</STRONG> (Thumb, 0 bytes, Stack size 0 bytes, startup_mm32f032xx_s_keil.o(.text))
<BR>[Address Reference Count : 1]<UL><LI> startup_mm32f032xx_s_keil.o(RESET)
</UL>
<P><STRONG><a name="[e]"></a>DMA1_Channel1_IRQHandler</STRONG> (Thumb, 0 bytes, Stack size 0 bytes, startup_mm32f032xx_s_keil.o(.text))
<BR>[Address Reference Count : 1]<UL><LI> startup_mm32f032xx_s_keil.o(RESET)
</UL>
<P><STRONG><a name="[b]"></a>EXTI0_1_IRQHandler</STRONG> (Thumb, 0 bytes, Stack size 0 bytes, startup_mm32f032xx_s_keil.o(.text))
<BR>[Address Reference Count : 1]<UL><LI> startup_mm32f032xx_s_keil.o(RESET)
</UL>
<P><STRONG><a name="[c]"></a>EXTI2_3_IRQHandler</STRONG> (Thumb, 0 bytes, Stack size 0 bytes, startup_mm32f032xx_s_keil.o(.text))
<BR>[Address Reference Count : 1]<UL><LI> startup_mm32f032xx_s_keil.o(RESET)
</UL>
<P><STRONG><a name="[9]"></a>FLASH_IRQHandler</STRONG> (Thumb, 0 bytes, Stack size 0 bytes, startup_mm32f032xx_s_keil.o(.text))
<BR>[Address Reference Count : 1]<UL><LI> startup_mm32f032xx_s_keil.o(RESET)
</UL>
<P><STRONG><a name="[19]"></a>I2C1_IRQHandler</STRONG> (Thumb, 0 bytes, Stack size 0 bytes, startup_mm32f032xx_s_keil.o(.text))
<BR>[Address Reference Count : 1]<UL><LI> startup_mm32f032xx_s_keil.o(RESET)
</UL>
<P><STRONG><a name="[7]"></a>PVD_IRQHandler</STRONG> (Thumb, 0 bytes, Stack size 0 bytes, startup_mm32f032xx_s_keil.o(.text))
<BR>[Address Reference Count : 1]<UL><LI> startup_mm32f032xx_s_keil.o(RESET)
</UL>
<P><STRONG><a name="[a]"></a>RCC_CRS_IRQHandler</STRONG> (Thumb, 0 bytes, Stack size 0 bytes, startup_mm32f032xx_s_keil.o(.text))
<BR>[Address Reference Count : 1]<UL><LI> startup_mm32f032xx_s_keil.o(RESET)
</UL>
<P><STRONG><a name="[8]"></a>RTC_BKP_IRQHandler</STRONG> (Thumb, 0 bytes, Stack size 0 bytes, startup_mm32f032xx_s_keil.o(.text))
<BR>[Address Reference Count : 1]<UL><LI> startup_mm32f032xx_s_keil.o(RESET)
</UL>
<P><STRONG><a name="[1a]"></a>SPI1_IRQHandler</STRONG> (Thumb, 0 bytes, Stack size 0 bytes, startup_mm32f032xx_s_keil.o(.text))
<BR>[Address Reference Count : 1]<UL><LI> startup_mm32f032xx_s_keil.o(RESET)
</UL>
<P><STRONG><a name="[1b]"></a>SPI2_IRQHandler</STRONG> (Thumb, 0 bytes, Stack size 0 bytes, startup_mm32f032xx_s_keil.o(.text))
<BR>[Address Reference Count : 1]<UL><LI> startup_mm32f032xx_s_keil.o(RESET)
</UL>
<P><STRONG><a name="[16]"></a>TIM14_IRQHandler</STRONG> (Thumb, 0 bytes, Stack size 0 bytes, startup_mm32f032xx_s_keil.o(.text))
<BR>[Address Reference Count : 1]<UL><LI> startup_mm32f032xx_s_keil.o(RESET)
</UL>
<P><STRONG><a name="[17]"></a>TIM16_IRQHandler</STRONG> (Thumb, 0 bytes, Stack size 0 bytes, startup_mm32f032xx_s_keil.o(.text))
<BR>[Address Reference Count : 1]<UL><LI> startup_mm32f032xx_s_keil.o(RESET)
</UL>
<P><STRONG><a name="[18]"></a>TIM17_IRQHandler</STRONG> (Thumb, 0 bytes, Stack size 0 bytes, startup_mm32f032xx_s_keil.o(.text))
<BR>[Address Reference Count : 1]<UL><LI> startup_mm32f032xx_s_keil.o(RESET)
</UL>
<P><STRONG><a name="[12]"></a>TIM1_BRK_UP_TRG_COM_IRQHandler</STRONG> (Thumb, 0 bytes, Stack size 0 bytes, startup_mm32f032xx_s_keil.o(.text))
<BR>[Address Reference Count : 1]<UL><LI> startup_mm32f032xx_s_keil.o(RESET)
</UL>
<P><STRONG><a name="[13]"></a>TIM1_CC_IRQHandler</STRONG> (Thumb, 0 bytes, Stack size 0 bytes, startup_mm32f032xx_s_keil.o(.text))
<BR>[Address Reference Count : 1]<UL><LI> startup_mm32f032xx_s_keil.o(RESET)
</UL>
<P><STRONG><a name="[14]"></a>TIM2_IRQHandler</STRONG> (Thumb, 0 bytes, Stack size 0 bytes, startup_mm32f032xx_s_keil.o(.text))
<BR>[Address Reference Count : 1]<UL><LI> startup_mm32f032xx_s_keil.o(RESET)
</UL>
<P><STRONG><a name="[15]"></a>TIM3_IRQHandler</STRONG> (Thumb, 0 bytes, Stack size 0 bytes, startup_mm32f032xx_s_keil.o(.text))
<BR>[Address Reference Count : 1]<UL><LI> startup_mm32f032xx_s_keil.o(RESET)
</UL>
<P><STRONG><a name="[1c]"></a>UART1_IRQHandler</STRONG> (Thumb, 0 bytes, Stack size 0 bytes, startup_mm32f032xx_s_keil.o(.text))
<BR>[Address Reference Count : 1]<UL><LI> startup_mm32f032xx_s_keil.o(RESET)
</UL>
<P><STRONG><a name="[1d]"></a>UART2_IRQHandler</STRONG> (Thumb, 0 bytes, Stack size 0 bytes, startup_mm32f032xx_s_keil.o(.text))
<BR>[Address Reference Count : 1]<UL><LI> startup_mm32f032xx_s_keil.o(RESET)
</UL>
<P><STRONG><a name="[1f]"></a>USB_IRQHandler</STRONG> (Thumb, 0 bytes, Stack size 0 bytes, startup_mm32f032xx_s_keil.o(.text))
<BR>[Address Reference Count : 1]<UL><LI> startup_mm32f032xx_s_keil.o(RESET)
</UL>
<P><STRONG><a name="[6]"></a>WWDG_IRQHandler</STRONG> (Thumb, 0 bytes, Stack size 0 bytes, startup_mm32f032xx_s_keil.o(.text))
<BR>[Address Reference Count : 1]<UL><LI> startup_mm32f032xx_s_keil.o(RESET)
</UL>
<P><STRONG><a name="[b2]"></a>__aeabi_uidiv</STRONG> (Thumb, 0 bytes, Stack size 12 bytes, uidiv.o(.text), UNUSED)

<P><STRONG><a name="[2a]"></a>__aeabi_uidivmod</STRONG> (Thumb, 44 bytes, Stack size 12 bytes, uidiv.o(.text))
<BR><BR>[Stack]<UL><LI>Max Depth = 12<LI>Call Chain = __aeabi_uidivmod
</UL>
<BR>[Called By]<UL><LI><a href="#[a0]">&gt;&gt;</a>&nbsp;&nbsp;&nbsp;SysTick_Init
<LI><a href="#[45]">&gt;&gt;</a>&nbsp;&nbsp;&nbsp;delay_us
<LI><a href="#[a3]">&gt;&gt;</a>&nbsp;&nbsp;&nbsp;UART_Init
<LI><a href="#[78]">&gt;&gt;</a>&nbsp;&nbsp;&nbsp;RCC_GetSysClockFreq
<LI><a href="#[41]">&gt;&gt;</a>&nbsp;&nbsp;&nbsp;DMA_DeInit
<LI><a href="#[ab]">&gt;&gt;</a>&nbsp;&nbsp;&nbsp;rafael_pll_bank_get
<LI><a href="#[29]">&gt;&gt;</a>&nbsp;&nbsp;&nbsp;__aeabi_idivmod
</UL>

<P><STRONG><a name="[b3]"></a>__aeabi_idiv</STRONG> (Thumb, 0 bytes, Stack size 16 bytes, idiv.o(.text), UNUSED)

<P><STRONG><a name="[29]"></a>__aeabi_idivmod</STRONG> (Thumb, 40 bytes, Stack size 16 bytes, idiv.o(.text))
<BR><BR>[Stack]<UL><LI>Max Depth = 28<LI>Call Chain = __aeabi_idivmod &rArr; __aeabi_uidivmod
</UL>
<BR>[Calls]<UL><LI><a href="#[2a]">&gt;&gt;</a>&nbsp;&nbsp;&nbsp;__aeabi_uidivmod
</UL>
<BR>[Called By]<UL><LI><a href="#[ab]">&gt;&gt;</a>&nbsp;&nbsp;&nbsp;rafael_pll_bank_get
</UL>

<P><STRONG><a name="[2c]"></a>__aeabi_memset</STRONG> (Thumb, 14 bytes, Stack size 0 bytes, memseta.o(.text), UNUSED)
<BR><BR>[Called By]<UL><LI><a href="#[2d]">&gt;&gt;</a>&nbsp;&nbsp;&nbsp;_memset$wrapper
<LI><a href="#[2b]">&gt;&gt;</a>&nbsp;&nbsp;&nbsp;__aeabi_memclr
</UL>

<P><STRONG><a name="[b4]"></a>__aeabi_memset4</STRONG> (Thumb, 0 bytes, Stack size 0 bytes, memseta.o(.text), UNUSED)

<P><STRONG><a name="[b5]"></a>__aeabi_memset8</STRONG> (Thumb, 0 bytes, Stack size 0 bytes, memseta.o(.text), UNUSED)

<P><STRONG><a name="[2b]"></a>__aeabi_memclr</STRONG> (Thumb, 4 bytes, Stack size 0 bytes, memseta.o(.text), UNUSED)
<BR><BR>[Calls]<UL><LI><a href="#[2c]">&gt;&gt;</a>&nbsp;&nbsp;&nbsp;__aeabi_memset
</UL>

<P><STRONG><a name="[7c]"></a>__aeabi_memclr4</STRONG> (Thumb, 0 bytes, Stack size 0 bytes, memseta.o(.text))
<BR><BR>[Called By]<UL><LI><a href="#[7b]">&gt;&gt;</a>&nbsp;&nbsp;&nbsp;RF_Init
</UL>

<P><STRONG><a name="[b6]"></a>__aeabi_memclr8</STRONG> (Thumb, 0 bytes, Stack size 0 bytes, memseta.o(.text), UNUSED)

<P><STRONG><a name="[2d]"></a>_memset$wrapper</STRONG> (Thumb, 18 bytes, Stack size 8 bytes, memseta.o(.text), UNUSED)
<BR><BR>[Calls]<UL><LI><a href="#[2c]">&gt;&gt;</a>&nbsp;&nbsp;&nbsp;__aeabi_memset
</UL>

<P><STRONG><a name="[2e]"></a>__aeabi_uldivmod</STRONG> (Thumb, 96 bytes, Stack size 48 bytes, uldiv.o(.text), UNUSED)
<BR><BR>[Calls]<UL><LI><a href="#[2f]">&gt;&gt;</a>&nbsp;&nbsp;&nbsp;__aeabi_llsr
<LI><a href="#[30]">&gt;&gt;</a>&nbsp;&nbsp;&nbsp;__aeabi_llsl
</UL>
<BR>[Called By]<UL><LI><a href="#[a8]">&gt;&gt;</a>&nbsp;&nbsp;&nbsp;_printf_core
</UL>

<P><STRONG><a name="[25]"></a>__scatterload</STRONG> (Thumb, 28 bytes, Stack size 0 bytes, init.o(.text))
<BR><BR>[Calls]<UL><LI><a href="#[31]">&gt;&gt;</a>&nbsp;&nbsp;&nbsp;__main_after_scatterload
</UL>
<BR>[Called By]<UL><LI><a href="#[24]">&gt;&gt;</a>&nbsp;&nbsp;&nbsp;_main_scatterload
</UL>

<P><STRONG><a name="[b7]"></a>__scatterload_rt2</STRONG> (Thumb, 0 bytes, Stack size 0 bytes, init.o(.text), UNUSED)

<P><STRONG><a name="[30]"></a>__aeabi_llsl</STRONG> (Thumb, 32 bytes, Stack size 8 bytes, llshl.o(.text), UNUSED)
<BR><BR>[Called By]<UL><LI><a href="#[2e]">&gt;&gt;</a>&nbsp;&nbsp;&nbsp;__aeabi_uldivmod
</UL>

<P><STRONG><a name="[b8]"></a>_ll_shift_l</STRONG> (Thumb, 0 bytes, Stack size 8 bytes, llshl.o(.text), UNUSED)

<P><STRONG><a name="[2f]"></a>__aeabi_llsr</STRONG> (Thumb, 34 bytes, Stack size 8 bytes, llushr.o(.text), UNUSED)
<BR><BR>[Called By]<UL><LI><a href="#[2e]">&gt;&gt;</a>&nbsp;&nbsp;&nbsp;__aeabi_uldivmod
</UL>

<P><STRONG><a name="[b9]"></a>_ll_ushift_r</STRONG> (Thumb, 0 bytes, Stack size 8 bytes, llushr.o(.text), UNUSED)

<P><STRONG><a name="[ba]"></a>__decompress</STRONG> (Thumb, 0 bytes, Stack size unknown bytes, __dczerorl2.o(.text), UNUSED)

<P><STRONG><a name="[bb]"></a>__decompress1</STRONG> (Thumb, 86 bytes, Stack size unknown bytes, __dczerorl2.o(.text), UNUSED)

<P><STRONG><a name="[32]"></a>BSP_SPI_BLE_Init</STRONG> (Thumb, 78 bytes, Stack size 32 bytes, bsp_spi_ble.o(i.BSP_SPI_BLE_Init))
<BR><BR>[Stack]<UL><LI>Max Depth = 108<LI>Call Chain = BSP_SPI_BLE_Init &rArr; SPIx_DMA_Configure &rArr; DMA_DeInit &rArr; __aeabi_uidivmod
</UL>
<BR>[Calls]<UL><LI><a href="#[33]">&gt;&gt;</a>&nbsp;&nbsp;&nbsp;SPI_CSInternalSelected
<LI><a href="#[35]">&gt;&gt;</a>&nbsp;&nbsp;&nbsp;SPI_BiDirectionalLineConfig
<LI><a href="#[36]">&gt;&gt;</a>&nbsp;&nbsp;&nbsp;SPIx_DMA_Configure
<LI><a href="#[34]">&gt;&gt;</a>&nbsp;&nbsp;&nbsp;SPIx_Configure
</UL>
<BR>[Called By]<UL><LI><a href="#[8a]">&gt;&gt;</a>&nbsp;&nbsp;&nbsp;RF_SpiIoMapping
</UL>

<P><STRONG><a name="[37]"></a>BleApp_Main</STRONG> (Thumb, 106 bytes, Stack size 16 bytes, main.o(i.BleApp_Main))
<BR><BR>[Stack]<UL><LI>Max Depth = 16<LI>Call Chain = BleApp_Main
</UL>
<BR>[Calls]<UL><LI><a href="#[38]">&gt;&gt;</a>&nbsp;&nbsp;&nbsp;Knl_CodeCpy
</UL>
<BR>[Called By]<UL><LI><a href="#[20]">&gt;&gt;</a>&nbsp;&nbsp;&nbsp;main
</UL>

<P><STRONG><a name="[90]"></a>BleTxFIFOAddr_Get</STRONG> (Thumb, 6 bytes, Stack size 0 bytes, rf_phy.o(i.BleTxFIFOAddr_Get))
<BR><BR>[Called By]<UL><LI><a href="#[93]">&gt;&gt;</a>&nbsp;&nbsp;&nbsp;SPI_PDMA_SetTx_Old
<LI><a href="#[85]">&gt;&gt;</a>&nbsp;&nbsp;&nbsp;SPI_2BYT_SetTx_Isr
</UL>

<P><STRONG><a name="[39]"></a>Ble_SW_Init</STRONG> (Thumb, 34 bytes, Stack size 8 bytes, rf_phy.o(i.Ble_SW_Init))
<BR><BR>[Stack]<UL><LI>Max Depth = 196<LI>Call Chain = Ble_SW_Init &rArr; RF_Tmr_Periodic_initial &rArr; RF_Tmr_Periodic_set_ISR &rArr; SPI_PDMA_SetTx &rArr; SPI_PDMA_SetTx_Old &rArr; SPIx_DMA_TxData &rArr; SPIx_DMA_Configure &rArr; DMA_DeInit &rArr; __aeabi_uidivmod
</UL>
<BR>[Calls]<UL><LI><a href="#[3e]">&gt;&gt;</a>&nbsp;&nbsp;&nbsp;RF_WTR_intOn
<LI><a href="#[3d]">&gt;&gt;</a>&nbsp;&nbsp;&nbsp;initLL
<LI><a href="#[3b]">&gt;&gt;</a>&nbsp;&nbsp;&nbsp;initInt
<LI><a href="#[3a]">&gt;&gt;</a>&nbsp;&nbsp;&nbsp;initBLEsw
<LI><a href="#[3c]">&gt;&gt;</a>&nbsp;&nbsp;&nbsp;RF_Tmr_Periodic_initial
</UL>
<BR>[Called By]<UL><LI><a href="#[7b]">&gt;&gt;</a>&nbsp;&nbsp;&nbsp;RF_Init
</UL>

<P><STRONG><a name="[f]"></a>DMA1_Channel2_3_IRQHandler</STRONG> (Thumb, 48 bytes, Stack size 16 bytes, spi.o(i.DMA1_Channel2_3_IRQHandler))
<BR><BR>[Stack]<UL><LI>Max Depth = 16<LI>Call Chain = DMA1_Channel2_3_IRQHandler
</UL>
<BR>[Calls]<UL><LI><a href="#[3f]">&gt;&gt;</a>&nbsp;&nbsp;&nbsp;DMA_GetITStatus
<LI><a href="#[40]">&gt;&gt;</a>&nbsp;&nbsp;&nbsp;DMA_ClearITPendingBit
</UL>
<BR>[Address Reference Count : 1]<UL><LI> startup_mm32f032xx_s_keil.o(RESET)
</UL>
<P><STRONG><a name="[10]"></a>DMA1_Channel4_5_IRQHandler</STRONG> (Thumb, 52 bytes, Stack size 16 bytes, spi.o(i.DMA1_Channel4_5_IRQHandler))
<BR><BR>[Stack]<UL><LI>Max Depth = 16<LI>Call Chain = DMA1_Channel4_5_IRQHandler
</UL>
<BR>[Calls]<UL><LI><a href="#[3f]">&gt;&gt;</a>&nbsp;&nbsp;&nbsp;DMA_GetITStatus
<LI><a href="#[40]">&gt;&gt;</a>&nbsp;&nbsp;&nbsp;DMA_ClearITPendingBit
</UL>
<BR>[Address Reference Count : 1]<UL><LI> startup_mm32f032xx_s_keil.o(RESET)
</UL>
<P><STRONG><a name="[40]"></a>DMA_ClearITPendingBit</STRONG> (Thumb, 6 bytes, Stack size 0 bytes, hal_dma.o(i.DMA_ClearITPendingBit))
<BR><BR>[Called By]<UL><LI><a href="#[10]">&gt;&gt;</a>&nbsp;&nbsp;&nbsp;DMA1_Channel4_5_IRQHandler
<LI><a href="#[f]">&gt;&gt;</a>&nbsp;&nbsp;&nbsp;DMA1_Channel2_3_IRQHandler
</UL>

<P><STRONG><a name="[9a]"></a>DMA_Cmd</STRONG> (Thumb, 12 bytes, Stack size 0 bytes, hal_dma.o(i.DMA_Cmd))
<BR><BR>[Called By]<UL><LI><a href="#[36]">&gt;&gt;</a>&nbsp;&nbsp;&nbsp;SPIx_DMA_Configure
</UL>

<P><STRONG><a name="[41]"></a>DMA_DeInit</STRONG> (Thumb, 44 bytes, Stack size 8 bytes, hal_dma.o(i.DMA_DeInit))
<BR><BR>[Stack]<UL><LI>Max Depth = 20<LI>Call Chain = DMA_DeInit &rArr; __aeabi_uidivmod
</UL>
<BR>[Calls]<UL><LI><a href="#[2a]">&gt;&gt;</a>&nbsp;&nbsp;&nbsp;__aeabi_uidivmod
</UL>
<BR>[Called By]<UL><LI><a href="#[36]">&gt;&gt;</a>&nbsp;&nbsp;&nbsp;SPIx_DMA_Configure
</UL>

<P><STRONG><a name="[3f]"></a>DMA_GetITStatus</STRONG> (Thumb, 16 bytes, Stack size 0 bytes, hal_dma.o(i.DMA_GetITStatus))
<BR><BR>[Called By]<UL><LI><a href="#[10]">&gt;&gt;</a>&nbsp;&nbsp;&nbsp;DMA1_Channel4_5_IRQHandler
<LI><a href="#[f]">&gt;&gt;</a>&nbsp;&nbsp;&nbsp;DMA1_Channel2_3_IRQHandler
</UL>

<P><STRONG><a name="[9d]"></a>DMA_ITConfig</STRONG> (Thumb, 16 bytes, Stack size 0 bytes, hal_dma.o(i.DMA_ITConfig))
<BR><BR>[Called By]<UL><LI><a href="#[36]">&gt;&gt;</a>&nbsp;&nbsp;&nbsp;SPIx_DMA_Configure
</UL>

<P><STRONG><a name="[9c]"></a>DMA_Init</STRONG> (Thumb, 70 bytes, Stack size 8 bytes, hal_dma.o(i.DMA_Init))
<BR><BR>[Stack]<UL><LI>Max Depth = 8<LI>Call Chain = DMA_Init
</UL>
<BR>[Called By]<UL><LI><a href="#[36]">&gt;&gt;</a>&nbsp;&nbsp;&nbsp;SPIx_DMA_Configure
</UL>

<P><STRONG><a name="[9b]"></a>DMA_StructInit</STRONG> (Thumb, 28 bytes, Stack size 0 bytes, hal_dma.o(i.DMA_StructInit))
<BR><BR>[Called By]<UL><LI><a href="#[36]">&gt;&gt;</a>&nbsp;&nbsp;&nbsp;SPIx_DMA_Configure
</UL>

<P><STRONG><a name="[d]"></a>EXTI4_15_IRQHandler</STRONG> (Thumb, 50 bytes, Stack size 16 bytes, bsp_irq_gpio.o(i.EXTI4_15_IRQHandler))
<BR><BR>[Stack]<UL><LI>Max Depth = 268<LI>Call Chain = EXTI4_15_IRQHandler &rArr; LL_GPIO_Isr &rArr; LLWTR_Isr &rArr; RF_TxFIFO_ADVaddr_set &rArr; SPI_PDMA_SetTx &rArr; SPI_PDMA_SetTx_Old &rArr; SPIx_DMA_TxData &rArr; SPIx_DMA_Configure &rArr; DMA_DeInit &rArr; __aeabi_uidivmod
</UL>
<BR>[Calls]<UL><LI><a href="#[44]">&gt;&gt;</a>&nbsp;&nbsp;&nbsp;LL_GPIO_Isr
<LI><a href="#[45]">&gt;&gt;</a>&nbsp;&nbsp;&nbsp;delay_us
<LI><a href="#[46]">&gt;&gt;</a>&nbsp;&nbsp;&nbsp;GPIO_ReadInputDataBit
<LI><a href="#[42]">&gt;&gt;</a>&nbsp;&nbsp;&nbsp;EXTI_GetITStatus
<LI><a href="#[43]">&gt;&gt;</a>&nbsp;&nbsp;&nbsp;EXTI_ClearITPendingBit
</UL>
<BR>[Address Reference Count : 1]<UL><LI> startup_mm32f032xx_s_keil.o(RESET)
</UL>
<P><STRONG><a name="[43]"></a>EXTI_ClearITPendingBit</STRONG> (Thumb, 6 bytes, Stack size 0 bytes, hal_exti.o(i.EXTI_ClearITPendingBit))
<BR><BR>[Called By]<UL><LI><a href="#[d]">&gt;&gt;</a>&nbsp;&nbsp;&nbsp;EXTI4_15_IRQHandler
</UL>

<P><STRONG><a name="[42]"></a>EXTI_GetITStatus</STRONG> (Thumb, 22 bytes, Stack size 0 bytes, hal_exti.o(i.EXTI_GetITStatus))
<BR><BR>[Called By]<UL><LI><a href="#[d]">&gt;&gt;</a>&nbsp;&nbsp;&nbsp;EXTI4_15_IRQHandler
</UL>

<P><STRONG><a name="[47]"></a>EXTI_Init</STRONG> (Thumb, 82 bytes, Stack size 4 bytes, hal_exti.o(i.EXTI_Init))
<BR><BR>[Stack]<UL><LI>Max Depth = 4<LI>Call Chain = EXTI_Init
</UL>
<BR>[Calls]<UL><LI><a href="#[48]">&gt;&gt;</a>&nbsp;&nbsp;&nbsp;exEXTI_LineDisable
</UL>
<BR>[Called By]<UL><LI><a href="#[72]">&gt;&gt;</a>&nbsp;&nbsp;&nbsp;MCU_GpioIntEnable
<LI><a href="#[6e]">&gt;&gt;</a>&nbsp;&nbsp;&nbsp;MCU_GpioIntDisable
</UL>

<P><STRONG><a name="[70]"></a>EXTI_LineConfig</STRONG> (Thumb, 34 bytes, Stack size 8 bytes, hal_exti.o(i.EXTI_LineConfig))
<BR><BR>[Stack]<UL><LI>Max Depth = 8<LI>Call Chain = EXTI_LineConfig
</UL>
<BR>[Called By]<UL><LI><a href="#[72]">&gt;&gt;</a>&nbsp;&nbsp;&nbsp;MCU_GpioIntEnable
<LI><a href="#[6e]">&gt;&gt;</a>&nbsp;&nbsp;&nbsp;MCU_GpioIntDisable
</UL>

<P><STRONG><a name="[5f]"></a>ErrorEntry</STRONG> (Thumb, 12 bytes, Stack size 0 bytes, kernel.o(i.ErrorEntry))
<BR><BR>[Called By]<UL><LI><a href="#[49]">&gt;&gt;</a>&nbsp;&nbsp;&nbsp;LLTimer_Isr
</UL>

<P><STRONG><a name="[76]"></a>GPIO_Init</STRONG> (Thumb, 134 bytes, Stack size 20 bytes, hal_gpio.o(i.GPIO_Init))
<BR><BR>[Stack]<UL><LI>Max Depth = 20<LI>Call Chain = GPIO_Init
</UL>
<BR>[Called By]<UL><LI><a href="#[a4]">&gt;&gt;</a>&nbsp;&nbsp;&nbsp;UARTx_Configure
<LI><a href="#[73]">&gt;&gt;</a>&nbsp;&nbsp;&nbsp;MCU_GpioPinInit
<LI><a href="#[8b]">&gt;&gt;</a>&nbsp;&nbsp;&nbsp;SPI_GPIO_Init
<LI><a href="#[86]">&gt;&gt;</a>&nbsp;&nbsp;&nbsp;RF_Open
<LI><a href="#[34]">&gt;&gt;</a>&nbsp;&nbsp;&nbsp;SPIx_Configure
</UL>

<P><STRONG><a name="[98]"></a>GPIO_PinAFConfig</STRONG> (Thumb, 32 bytes, Stack size 8 bytes, hal_gpio.o(i.GPIO_PinAFConfig))
<BR><BR>[Stack]<UL><LI>Max Depth = 8<LI>Call Chain = GPIO_PinAFConfig
</UL>
<BR>[Called By]<UL><LI><a href="#[a4]">&gt;&gt;</a>&nbsp;&nbsp;&nbsp;UARTx_Configure
<LI><a href="#[34]">&gt;&gt;</a>&nbsp;&nbsp;&nbsp;SPIx_Configure
</UL>

<P><STRONG><a name="[46]"></a>GPIO_ReadInputDataBit</STRONG> (Thumb, 10 bytes, Stack size 0 bytes, hal_gpio.o(i.GPIO_ReadInputDataBit))
<BR><BR>[Called By]<UL><LI><a href="#[d]">&gt;&gt;</a>&nbsp;&nbsp;&nbsp;EXTI4_15_IRQHandler
</UL>

<P><STRONG><a name="[89]"></a>GPIO_ResetBits</STRONG> (Thumb, 4 bytes, Stack size 0 bytes, hal_gpio.o(i.GPIO_ResetBits))
<BR><BR>[Called By]<UL><LI><a href="#[86]">&gt;&gt;</a>&nbsp;&nbsp;&nbsp;RF_Open
</UL>

<P><STRONG><a name="[88]"></a>GPIO_SetBits</STRONG> (Thumb, 4 bytes, Stack size 0 bytes, hal_gpio.o(i.GPIO_SetBits))
<BR><BR>[Called By]<UL><LI><a href="#[86]">&gt;&gt;</a>&nbsp;&nbsp;&nbsp;RF_Open
</UL>

<P><STRONG><a name="[75]"></a>GPIO_StructInit</STRONG> (Thumb, 16 bytes, Stack size 0 bytes, hal_gpio.o(i.GPIO_StructInit))
<BR><BR>[Called By]<UL><LI><a href="#[a4]">&gt;&gt;</a>&nbsp;&nbsp;&nbsp;UARTx_Configure
<LI><a href="#[73]">&gt;&gt;</a>&nbsp;&nbsp;&nbsp;MCU_GpioPinInit
<LI><a href="#[8b]">&gt;&gt;</a>&nbsp;&nbsp;&nbsp;SPI_GPIO_Init
<LI><a href="#[86]">&gt;&gt;</a>&nbsp;&nbsp;&nbsp;RF_Open
<LI><a href="#[34]">&gt;&gt;</a>&nbsp;&nbsp;&nbsp;SPIx_Configure
</UL>

<P><STRONG><a name="[38]"></a>Knl_CodeCpy</STRONG> (Thumb, 18 bytes, Stack size 0 bytes, kernel.o(i.Knl_CodeCpy))
<BR><BR>[Called By]<UL><LI><a href="#[3d]">&gt;&gt;</a>&nbsp;&nbsp;&nbsp;initLL
<LI><a href="#[6d]">&gt;&gt;</a>&nbsp;&nbsp;&nbsp;LL_ReleaseConnID
<LI><a href="#[37]">&gt;&gt;</a>&nbsp;&nbsp;&nbsp;BleApp_Main
</UL>

<P><STRONG><a name="[8e]"></a>Knl_MemComp_Isr</STRONG> (Thumb, 32 bytes, Stack size 8 bytes, kernel.o(i.Knl_MemComp_Isr))
<BR><BR>[Stack]<UL><LI>Max Depth = 8<LI>Call Chain = Knl_MemComp_Isr
</UL>
<BR>[Called By]<UL><LI><a href="#[67]">&gt;&gt;</a>&nbsp;&nbsp;&nbsp;RF_cmpFIFO_WhiteList
<LI><a href="#[68]">&gt;&gt;</a>&nbsp;&nbsp;&nbsp;RF_cmpFIFO_BDAddr
</UL>

<P><STRONG><a name="[49]"></a>LLTimer_Isr</STRONG> (Thumb, 1464 bytes, Stack size 24 bytes, ll_open.o(i.LLTimer_Isr))
<BR><BR>[Stack]<UL><LI>Max Depth = 180<LI>Call Chain = LLTimer_Isr &rArr; RF_Tmr_Periodic_set_ISR &rArr; SPI_PDMA_SetTx &rArr; SPI_PDMA_SetTx_Old &rArr; SPIx_DMA_TxData &rArr; SPIx_DMA_Configure &rArr; DMA_DeInit &rArr; __aeabi_uidivmod
</UL>
<BR>[Calls]<UL><LI><a href="#[55]">&gt;&gt;</a>&nbsp;&nbsp;&nbsp;setChannel_BLE
<LI><a href="#[4c]">&gt;&gt;</a>&nbsp;&nbsp;&nbsp;rafael_reset_phy_fsm_Isr
<LI><a href="#[4e]">&gt;&gt;</a>&nbsp;&nbsp;&nbsp;SPI_PDMA_SetTx
<LI><a href="#[4f]">&gt;&gt;</a>&nbsp;&nbsp;&nbsp;SPI_1BYT_SetTx_Isr
<LI><a href="#[3e]">&gt;&gt;</a>&nbsp;&nbsp;&nbsp;RF_WTR_intOn
<LI><a href="#[51]">&gt;&gt;</a>&nbsp;&nbsp;&nbsp;RF_WTR_intOff
<LI><a href="#[62]">&gt;&gt;</a>&nbsp;&nbsp;&nbsp;RF_WTR_EnChk
<LI><a href="#[58]">&gt;&gt;</a>&nbsp;&nbsp;&nbsp;RF_TxFIFO_ADVaddr_set
<LI><a href="#[5c]">&gt;&gt;</a>&nbsp;&nbsp;&nbsp;RF_TxFIFO_ADVData_set
<LI><a href="#[5b]">&gt;&gt;</a>&nbsp;&nbsp;&nbsp;RF_TxAutoAckOn
<LI><a href="#[5d]">&gt;&gt;</a>&nbsp;&nbsp;&nbsp;RF_TxAutoAckOff
<LI><a href="#[4a]">&gt;&gt;</a>&nbsp;&nbsp;&nbsp;RF_Tmr_Periodic_set_ISR
<LI><a href="#[59]">&gt;&gt;</a>&nbsp;&nbsp;&nbsp;RF_SymbolRate_Patch_1M_2M
<LI><a href="#[53]">&gt;&gt;</a>&nbsp;&nbsp;&nbsp;RF_Set_TxPowerLevel_Isr
<LI><a href="#[5a]">&gt;&gt;</a>&nbsp;&nbsp;&nbsp;RF_RxFIFOrst
<LI><a href="#[63]">&gt;&gt;</a>&nbsp;&nbsp;&nbsp;RF_PowerSaving_En_Isr
<LI><a href="#[56]">&gt;&gt;</a>&nbsp;&nbsp;&nbsp;RF_PLL_VCO_Bank_set
<LI><a href="#[57]">&gt;&gt;</a>&nbsp;&nbsp;&nbsp;RF_LE_HeaderStsLen_Tx
<LI><a href="#[4d]">&gt;&gt;</a>&nbsp;&nbsp;&nbsp;RF_CRCInit
<LI><a href="#[54]">&gt;&gt;</a>&nbsp;&nbsp;&nbsp;LL_TxEnter_Isr
<LI><a href="#[52]">&gt;&gt;</a>&nbsp;&nbsp;&nbsp;LL_TmrBlk_Rls_Pair
<LI><a href="#[61]">&gt;&gt;</a>&nbsp;&nbsp;&nbsp;LL_TmrBlk_Rls
<LI><a href="#[4b]">&gt;&gt;</a>&nbsp;&nbsp;&nbsp;LL_TmrBlk_Pt_PairRst
<LI><a href="#[50]">&gt;&gt;</a>&nbsp;&nbsp;&nbsp;LL_MsgBlk_LL_conn_Para_Rls
<LI><a href="#[60]">&gt;&gt;</a>&nbsp;&nbsp;&nbsp;LLTimer_TmrRefUpd_Isr
<LI><a href="#[5f]">&gt;&gt;</a>&nbsp;&nbsp;&nbsp;ErrorEntry
<LI><a href="#[5e]">&gt;&gt;</a>&nbsp;&nbsp;&nbsp;SPI_1BYT_SetTx
</UL>
<BR>[Called By]<UL><LI><a href="#[44]">&gt;&gt;</a>&nbsp;&nbsp;&nbsp;LL_GPIO_Isr
</UL>

<P><STRONG><a name="[60]"></a>LLTimer_TmrRefUpd_Isr</STRONG> (Thumb, 54 bytes, Stack size 4 bytes, ll.o(i.LLTimer_TmrRefUpd_Isr))
<BR><BR>[Stack]<UL><LI>Max Depth = 4<LI>Call Chain = LLTimer_TmrRefUpd_Isr
</UL>
<BR>[Called By]<UL><LI><a href="#[49]">&gt;&gt;</a>&nbsp;&nbsp;&nbsp;LLTimer_Isr
</UL>

<P><STRONG><a name="[64]"></a>LLWTR_Isr</STRONG> (Thumb, 232 bytes, Stack size 80 bytes, ll_open.o(i.LLWTR_Isr))
<BR><BR>[Stack]<UL><LI>Max Depth = 228<LI>Call Chain = LLWTR_Isr &rArr; RF_TxFIFO_ADVaddr_set &rArr; SPI_PDMA_SetTx &rArr; SPI_PDMA_SetTx_Old &rArr; SPIx_DMA_TxData &rArr; SPIx_DMA_Configure &rArr; DMA_DeInit &rArr; __aeabi_uidivmod
</UL>
<BR>[Calls]<UL><LI><a href="#[4c]">&gt;&gt;</a>&nbsp;&nbsp;&nbsp;rafael_reset_phy_fsm_Isr
<LI><a href="#[66]">&gt;&gt;</a>&nbsp;&nbsp;&nbsp;SPI_PDMA_SetRx_Isr
<LI><a href="#[58]">&gt;&gt;</a>&nbsp;&nbsp;&nbsp;RF_TxFIFO_ADVaddr_set
<LI><a href="#[5c]">&gt;&gt;</a>&nbsp;&nbsp;&nbsp;RF_TxFIFO_ADVData_set
<LI><a href="#[5a]">&gt;&gt;</a>&nbsp;&nbsp;&nbsp;RF_RxFIFOrst
<LI><a href="#[57]">&gt;&gt;</a>&nbsp;&nbsp;&nbsp;RF_LE_HeaderStsLen_Tx
<LI><a href="#[65]">&gt;&gt;</a>&nbsp;&nbsp;&nbsp;RF_CRCchk
<LI><a href="#[67]">&gt;&gt;</a>&nbsp;&nbsp;&nbsp;RF_cmpFIFO_WhiteList
<LI><a href="#[68]">&gt;&gt;</a>&nbsp;&nbsp;&nbsp;RF_cmpFIFO_BDAddr
</UL>
<BR>[Called By]<UL><LI><a href="#[44]">&gt;&gt;</a>&nbsp;&nbsp;&nbsp;LL_GPIO_Isr
</UL>

<P><STRONG><a name="[44]"></a>LL_GPIO_Isr</STRONG> (Thumb, 168 bytes, Stack size 24 bytes, ll_open.o(i.LL_GPIO_Isr))
<BR><BR>[Stack]<UL><LI>Max Depth = 252<LI>Call Chain = LL_GPIO_Isr &rArr; LLWTR_Isr &rArr; RF_TxFIFO_ADVaddr_set &rArr; SPI_PDMA_SetTx &rArr; SPI_PDMA_SetTx_Old &rArr; SPIx_DMA_TxData &rArr; SPIx_DMA_Configure &rArr; DMA_DeInit &rArr; __aeabi_uidivmod
</UL>
<BR>[Calls]<UL><LI><a href="#[6b]">&gt;&gt;</a>&nbsp;&nbsp;&nbsp;rafael_spi_clear_tx_fifo_cnt
<LI><a href="#[6c]">&gt;&gt;</a>&nbsp;&nbsp;&nbsp;SPI_PDMA_waitFinish
<LI><a href="#[4f]">&gt;&gt;</a>&nbsp;&nbsp;&nbsp;SPI_1BYT_SetTx_Isr
<LI><a href="#[6a]">&gt;&gt;</a>&nbsp;&nbsp;&nbsp;SPI_1BYT_SetRx_Isr
<LI><a href="#[69]">&gt;&gt;</a>&nbsp;&nbsp;&nbsp;RF_DC_Rstr_Isr
<LI><a href="#[64]">&gt;&gt;</a>&nbsp;&nbsp;&nbsp;LLWTR_Isr
<LI><a href="#[49]">&gt;&gt;</a>&nbsp;&nbsp;&nbsp;LLTimer_Isr
</UL>
<BR>[Called By]<UL><LI><a href="#[d]">&gt;&gt;</a>&nbsp;&nbsp;&nbsp;EXTI4_15_IRQHandler
</UL>

<P><STRONG><a name="[50]"></a>LL_MsgBlk_LL_conn_Para_Rls</STRONG> (Thumb, 2 bytes, Stack size 0 bytes, ll.o(i.LL_MsgBlk_LL_conn_Para_Rls))
<BR><BR>[Called By]<UL><LI><a href="#[49]">&gt;&gt;</a>&nbsp;&nbsp;&nbsp;LLTimer_Isr
</UL>

<P><STRONG><a name="[6d]"></a>LL_ReleaseConnID</STRONG> (Thumb, 50 bytes, Stack size 8 bytes, ll.o(i.LL_ReleaseConnID))
<BR><BR>[Stack]<UL><LI>Max Depth = 8<LI>Call Chain = LL_ReleaseConnID
</UL>
<BR>[Calls]<UL><LI><a href="#[38]">&gt;&gt;</a>&nbsp;&nbsp;&nbsp;Knl_CodeCpy
</UL>
<BR>[Called By]<UL><LI><a href="#[3d]">&gt;&gt;</a>&nbsp;&nbsp;&nbsp;initLL
</UL>

<P><STRONG><a name="[4b]"></a>LL_TmrBlk_Pt_PairRst</STRONG> (Thumb, 38 bytes, Stack size 0 bytes, ll.o(i.LL_TmrBlk_Pt_PairRst))
<BR><BR>[Called By]<UL><LI><a href="#[49]">&gt;&gt;</a>&nbsp;&nbsp;&nbsp;LLTimer_Isr
</UL>

<P><STRONG><a name="[61]"></a>LL_TmrBlk_Rls</STRONG> (Thumb, 50 bytes, Stack size 0 bytes, ll.o(i.LL_TmrBlk_Rls))
<BR><BR>[Called By]<UL><LI><a href="#[49]">&gt;&gt;</a>&nbsp;&nbsp;&nbsp;LLTimer_Isr
</UL>

<P><STRONG><a name="[52]"></a>LL_TmrBlk_Rls_Pair</STRONG> (Thumb, 68 bytes, Stack size 8 bytes, ll.o(i.LL_TmrBlk_Rls_Pair))
<BR><BR>[Stack]<UL><LI>Max Depth = 8<LI>Call Chain = LL_TmrBlk_Rls_Pair
</UL>
<BR>[Called By]<UL><LI><a href="#[49]">&gt;&gt;</a>&nbsp;&nbsp;&nbsp;LLTimer_Isr
</UL>

<P><STRONG><a name="[54]"></a>LL_TxEnter_Isr</STRONG> (Thumb, 72 bytes, Stack size 16 bytes, ll_open.o(i.LL_TxEnter_Isr))
<BR><BR>[Stack]<UL><LI>Max Depth = 156<LI>Call Chain = LL_TxEnter_Isr &rArr; SPI_PDMA_SetTx &rArr; SPI_PDMA_SetTx_Old &rArr; SPIx_DMA_TxData &rArr; SPIx_DMA_Configure &rArr; DMA_DeInit &rArr; __aeabi_uidivmod
</UL>
<BR>[Calls]<UL><LI><a href="#[4e]">&gt;&gt;</a>&nbsp;&nbsp;&nbsp;SPI_PDMA_SetTx
<LI><a href="#[4f]">&gt;&gt;</a>&nbsp;&nbsp;&nbsp;SPI_1BYT_SetTx_Isr
</UL>
<BR>[Called By]<UL><LI><a href="#[49]">&gt;&gt;</a>&nbsp;&nbsp;&nbsp;LLTimer_Isr
</UL>

<P><STRONG><a name="[6e]"></a>MCU_GpioIntDisable</STRONG> (Thumb, 58 bytes, Stack size 24 bytes, bsp_irq_gpio.o(i.MCU_GpioIntDisable))
<BR><BR>[Stack]<UL><LI>Max Depth = 36<LI>Call Chain = MCU_GpioIntDisable &rArr; NVIC_Init
</UL>
<BR>[Calls]<UL><LI><a href="#[70]">&gt;&gt;</a>&nbsp;&nbsp;&nbsp;EXTI_LineConfig
<LI><a href="#[47]">&gt;&gt;</a>&nbsp;&nbsp;&nbsp;EXTI_Init
<LI><a href="#[6f]">&gt;&gt;</a>&nbsp;&nbsp;&nbsp;RCC_APB2PeriphClockCmd
<LI><a href="#[71]">&gt;&gt;</a>&nbsp;&nbsp;&nbsp;NVIC_Init
</UL>
<BR>[Called By]<UL><LI><a href="#[7b]">&gt;&gt;</a>&nbsp;&nbsp;&nbsp;RF_Init
</UL>

<P><STRONG><a name="[72]"></a>MCU_GpioIntEnable</STRONG> (Thumb, 62 bytes, Stack size 24 bytes, bsp_irq_gpio.o(i.MCU_GpioIntEnable))
<BR><BR>[Stack]<UL><LI>Max Depth = 52<LI>Call Chain = MCU_GpioIntEnable &rArr; MCU_GpioPinInit &rArr; GPIO_Init
</UL>
<BR>[Calls]<UL><LI><a href="#[73]">&gt;&gt;</a>&nbsp;&nbsp;&nbsp;MCU_GpioPinInit
<LI><a href="#[70]">&gt;&gt;</a>&nbsp;&nbsp;&nbsp;EXTI_LineConfig
<LI><a href="#[47]">&gt;&gt;</a>&nbsp;&nbsp;&nbsp;EXTI_Init
<LI><a href="#[6f]">&gt;&gt;</a>&nbsp;&nbsp;&nbsp;RCC_APB2PeriphClockCmd
<LI><a href="#[71]">&gt;&gt;</a>&nbsp;&nbsp;&nbsp;NVIC_Init
</UL>
<BR>[Called By]<UL><LI><a href="#[7b]">&gt;&gt;</a>&nbsp;&nbsp;&nbsp;RF_Init
</UL>

<P><STRONG><a name="[73]"></a>MCU_GpioPinInit</STRONG> (Thumb, 40 bytes, Stack size 8 bytes, bsp_irq_gpio.o(i.MCU_GpioPinInit))
<BR><BR>[Stack]<UL><LI>Max Depth = 28<LI>Call Chain = MCU_GpioPinInit &rArr; GPIO_Init
</UL>
<BR>[Calls]<UL><LI><a href="#[74]">&gt;&gt;</a>&nbsp;&nbsp;&nbsp;RCC_AHBPeriphClockCmd
<LI><a href="#[75]">&gt;&gt;</a>&nbsp;&nbsp;&nbsp;GPIO_StructInit
<LI><a href="#[76]">&gt;&gt;</a>&nbsp;&nbsp;&nbsp;GPIO_Init
</UL>
<BR>[Called By]<UL><LI><a href="#[8a]">&gt;&gt;</a>&nbsp;&nbsp;&nbsp;RF_SpiIoMapping
<LI><a href="#[72]">&gt;&gt;</a>&nbsp;&nbsp;&nbsp;MCU_GpioIntEnable
</UL>

<P><STRONG><a name="[71]"></a>NVIC_Init</STRONG> (Thumb, 70 bytes, Stack size 12 bytes, hal_misc.o(i.NVIC_Init))
<BR><BR>[Stack]<UL><LI>Max Depth = 12<LI>Call Chain = NVIC_Init
</UL>
<BR>[Called By]<UL><LI><a href="#[9e]">&gt;&gt;</a>&nbsp;&nbsp;&nbsp;SPIx_DMA_InterruptConfigure
<LI><a href="#[72]">&gt;&gt;</a>&nbsp;&nbsp;&nbsp;MCU_GpioIntEnable
<LI><a href="#[6e]">&gt;&gt;</a>&nbsp;&nbsp;&nbsp;MCU_GpioIntDisable
</UL>

<P><STRONG><a name="[74]"></a>RCC_AHBPeriphClockCmd</STRONG> (Thumb, 18 bytes, Stack size 0 bytes, hal_rcc.o(i.RCC_AHBPeriphClockCmd))
<BR><BR>[Called By]<UL><LI><a href="#[a4]">&gt;&gt;</a>&nbsp;&nbsp;&nbsp;UARTx_Configure
<LI><a href="#[73]">&gt;&gt;</a>&nbsp;&nbsp;&nbsp;MCU_GpioPinInit
<LI><a href="#[8b]">&gt;&gt;</a>&nbsp;&nbsp;&nbsp;SPI_GPIO_Init
<LI><a href="#[86]">&gt;&gt;</a>&nbsp;&nbsp;&nbsp;RF_Open
<LI><a href="#[36]">&gt;&gt;</a>&nbsp;&nbsp;&nbsp;SPIx_DMA_Configure
<LI><a href="#[34]">&gt;&gt;</a>&nbsp;&nbsp;&nbsp;SPIx_Configure
</UL>

<P><STRONG><a name="[99]"></a>RCC_APB1PeriphClockCmd</STRONG> (Thumb, 18 bytes, Stack size 0 bytes, hal_rcc.o(i.RCC_APB1PeriphClockCmd))
<BR><BR>[Called By]<UL><LI><a href="#[a4]">&gt;&gt;</a>&nbsp;&nbsp;&nbsp;UARTx_Configure
<LI><a href="#[34]">&gt;&gt;</a>&nbsp;&nbsp;&nbsp;SPIx_Configure
</UL>

<P><STRONG><a name="[6f]"></a>RCC_APB2PeriphClockCmd</STRONG> (Thumb, 18 bytes, Stack size 0 bytes, hal_rcc.o(i.RCC_APB2PeriphClockCmd))
<BR><BR>[Called By]<UL><LI><a href="#[a4]">&gt;&gt;</a>&nbsp;&nbsp;&nbsp;UARTx_Configure
<LI><a href="#[34]">&gt;&gt;</a>&nbsp;&nbsp;&nbsp;SPIx_Configure
<LI><a href="#[72]">&gt;&gt;</a>&nbsp;&nbsp;&nbsp;MCU_GpioIntEnable
<LI><a href="#[6e]">&gt;&gt;</a>&nbsp;&nbsp;&nbsp;MCU_GpioIntDisable
</UL>

<P><STRONG><a name="[77]"></a>RCC_GetHCLKFreq</STRONG> (Thumb, 22 bytes, Stack size 8 bytes, hal_rcc.o(i.RCC_GetHCLKFreq))
<BR><BR>[Stack]<UL><LI>Max Depth = 28<LI>Call Chain = RCC_GetHCLKFreq &rArr; RCC_GetSysClockFreq &rArr; __aeabi_uidivmod
</UL>
<BR>[Calls]<UL><LI><a href="#[78]">&gt;&gt;</a>&nbsp;&nbsp;&nbsp;RCC_GetSysClockFreq
</UL>
<BR>[Called By]<UL><LI><a href="#[7a]">&gt;&gt;</a>&nbsp;&nbsp;&nbsp;RCC_GetPCLK2Freq
<LI><a href="#[79]">&gt;&gt;</a>&nbsp;&nbsp;&nbsp;RCC_GetPCLK1Freq
</UL>

<P><STRONG><a name="[79]"></a>RCC_GetPCLK1Freq</STRONG> (Thumb, 22 bytes, Stack size 8 bytes, hal_rcc.o(i.RCC_GetPCLK1Freq))
<BR><BR>[Stack]<UL><LI>Max Depth = 36<LI>Call Chain = RCC_GetPCLK1Freq &rArr; RCC_GetHCLKFreq &rArr; RCC_GetSysClockFreq &rArr; __aeabi_uidivmod
</UL>
<BR>[Calls]<UL><LI><a href="#[77]">&gt;&gt;</a>&nbsp;&nbsp;&nbsp;RCC_GetHCLKFreq
</UL>
<BR>[Called By]<UL><LI><a href="#[a3]">&gt;&gt;</a>&nbsp;&nbsp;&nbsp;UART_Init
</UL>

<P><STRONG><a name="[7a]"></a>RCC_GetPCLK2Freq</STRONG> (Thumb, 22 bytes, Stack size 8 bytes, hal_rcc.o(i.RCC_GetPCLK2Freq))
<BR><BR>[Stack]<UL><LI>Max Depth = 36<LI>Call Chain = RCC_GetPCLK2Freq &rArr; RCC_GetHCLKFreq &rArr; RCC_GetSysClockFreq &rArr; __aeabi_uidivmod
</UL>
<BR>[Calls]<UL><LI><a href="#[77]">&gt;&gt;</a>&nbsp;&nbsp;&nbsp;RCC_GetHCLKFreq
</UL>
<BR>[Called By]<UL><LI><a href="#[a3]">&gt;&gt;</a>&nbsp;&nbsp;&nbsp;UART_Init
</UL>

<P><STRONG><a name="[78]"></a>RCC_GetSysClockFreq</STRONG> (Thumb, 60 bytes, Stack size 8 bytes, hal_rcc.o(i.RCC_GetSysClockFreq))
<BR><BR>[Stack]<UL><LI>Max Depth = 20<LI>Call Chain = RCC_GetSysClockFreq &rArr; __aeabi_uidivmod
</UL>
<BR>[Calls]<UL><LI><a href="#[2a]">&gt;&gt;</a>&nbsp;&nbsp;&nbsp;__aeabi_uidivmod
</UL>
<BR>[Called By]<UL><LI><a href="#[a0]">&gt;&gt;</a>&nbsp;&nbsp;&nbsp;SysTick_Init
<LI><a href="#[77]">&gt;&gt;</a>&nbsp;&nbsp;&nbsp;RCC_GetHCLKFreq
</UL>

<P><STRONG><a name="[4d]"></a>RF_CRCInit</STRONG> (Thumb, 14 bytes, Stack size 8 bytes, rf_phy.o(i.RF_CRCInit))
<BR><BR>[Stack]<UL><LI>Max Depth = 148<LI>Call Chain = RF_CRCInit &rArr; SPI_PDMA_SetTx &rArr; SPI_PDMA_SetTx_Old &rArr; SPIx_DMA_TxData &rArr; SPIx_DMA_Configure &rArr; DMA_DeInit &rArr; __aeabi_uidivmod
</UL>
<BR>[Calls]<UL><LI><a href="#[4e]">&gt;&gt;</a>&nbsp;&nbsp;&nbsp;SPI_PDMA_SetTx
</UL>
<BR>[Called By]<UL><LI><a href="#[49]">&gt;&gt;</a>&nbsp;&nbsp;&nbsp;LLTimer_Isr
</UL>

<P><STRONG><a name="[65]"></a>RF_CRCchk</STRONG> (Thumb, 20 bytes, Stack size 8 bytes, rf_phy.o(i.RF_CRCchk))
<BR><BR>[Stack]<UL><LI>Max Depth = 24<LI>Call Chain = RF_CRCchk &rArr; SPI_1BYT_SetRx_Isr
</UL>
<BR>[Calls]<UL><LI><a href="#[6a]">&gt;&gt;</a>&nbsp;&nbsp;&nbsp;SPI_1BYT_SetRx_Isr
</UL>
<BR>[Called By]<UL><LI><a href="#[64]">&gt;&gt;</a>&nbsp;&nbsp;&nbsp;LLWTR_Isr
</UL>

<P><STRONG><a name="[69]"></a>RF_DC_Rstr_Isr</STRONG> (Thumb, 34 bytes, Stack size 16 bytes, rf_phy.o(i.RF_DC_Rstr_Isr))
<BR><BR>[Stack]<UL><LI>Max Depth = 32<LI>Call Chain = RF_DC_Rstr_Isr &rArr; SPI_1BYT_SetTx_Isr
</UL>
<BR>[Calls]<UL><LI><a href="#[4f]">&gt;&gt;</a>&nbsp;&nbsp;&nbsp;SPI_1BYT_SetTx_Isr
</UL>
<BR>[Called By]<UL><LI><a href="#[44]">&gt;&gt;</a>&nbsp;&nbsp;&nbsp;LL_GPIO_Isr
</UL>

<P><STRONG><a name="[7b]"></a>RF_Init</STRONG> (Thumb, 294 bytes, Stack size 144 bytes, rf_phy.o(i.RF_Init))
<BR><BR>[Stack]<UL><LI>Max Depth = 340<LI>Call Chain = RF_Init &rArr; Ble_SW_Init &rArr; RF_Tmr_Periodic_initial &rArr; RF_Tmr_Periodic_set_ISR &rArr; SPI_PDMA_SetTx &rArr; SPI_PDMA_SetTx_Old &rArr; SPIx_DMA_TxData &rArr; SPIx_DMA_Configure &rArr; DMA_DeInit &rArr; __aeabi_uidivmod
</UL>
<BR>[Calls]<UL><LI><a href="#[6b]">&gt;&gt;</a>&nbsp;&nbsp;&nbsp;rafael_spi_clear_tx_fifo_cnt
<LI><a href="#[4e]">&gt;&gt;</a>&nbsp;&nbsp;&nbsp;SPI_PDMA_SetTx
<LI><a href="#[5e]">&gt;&gt;</a>&nbsp;&nbsp;&nbsp;SPI_1BYT_SetTx
<LI><a href="#[7d]">&gt;&gt;</a>&nbsp;&nbsp;&nbsp;SPI_1BYT_SetRx
<LI><a href="#[72]">&gt;&gt;</a>&nbsp;&nbsp;&nbsp;MCU_GpioIntEnable
<LI><a href="#[6e]">&gt;&gt;</a>&nbsp;&nbsp;&nbsp;MCU_GpioIntDisable
<LI><a href="#[7f]">&gt;&gt;</a>&nbsp;&nbsp;&nbsp;rafael_spi_clear_fifo
<LI><a href="#[80]">&gt;&gt;</a>&nbsp;&nbsp;&nbsp;rafael_reset_phy_fsm
<LI><a href="#[82]">&gt;&gt;</a>&nbsp;&nbsp;&nbsp;rafael_pll_calibration
<LI><a href="#[83]">&gt;&gt;</a>&nbsp;&nbsp;&nbsp;RF_Voltage_Det
<LI><a href="#[81]">&gt;&gt;</a>&nbsp;&nbsp;&nbsp;RF_TxFIFO_OriginAddr_set
<LI><a href="#[7e]">&gt;&gt;</a>&nbsp;&nbsp;&nbsp;RF_RxLengthLimit
<LI><a href="#[39]">&gt;&gt;</a>&nbsp;&nbsp;&nbsp;Ble_SW_Init
<LI><a href="#[7c]">&gt;&gt;</a>&nbsp;&nbsp;&nbsp;__aeabi_memclr4
<LI><a href="#[84]">&gt;&gt;</a>&nbsp;&nbsp;&nbsp;__2printf
</UL>
<BR>[Called By]<UL><LI><a href="#[86]">&gt;&gt;</a>&nbsp;&nbsp;&nbsp;RF_Open
</UL>

<P><STRONG><a name="[57]"></a>RF_LE_HeaderStsLen_Tx</STRONG> (Thumb, 18 bytes, Stack size 8 bytes, rf_phy.o(i.RF_LE_HeaderStsLen_Tx))
<BR><BR>[Stack]<UL><LI>Max Depth = 24<LI>Call Chain = RF_LE_HeaderStsLen_Tx &rArr; SPI_2BYT_SetTx_Isr
</UL>
<BR>[Calls]<UL><LI><a href="#[85]">&gt;&gt;</a>&nbsp;&nbsp;&nbsp;SPI_2BYT_SetTx_Isr
</UL>
<BR>[Called By]<UL><LI><a href="#[64]">&gt;&gt;</a>&nbsp;&nbsp;&nbsp;LLWTR_Isr
<LI><a href="#[49]">&gt;&gt;</a>&nbsp;&nbsp;&nbsp;LLTimer_Isr
</UL>

<P><STRONG><a name="[56]"></a>RF_PLL_VCO_Bank_set</STRONG> (Thumb, 20 bytes, Stack size 8 bytes, rf_phy.o(i.RF_PLL_VCO_Bank_set))
<BR><BR>[Stack]<UL><LI>Max Depth = 24<LI>Call Chain = RF_PLL_VCO_Bank_set &rArr; SPI_1BYT_SetTx
</UL>
<BR>[Calls]<UL><LI><a href="#[5e]">&gt;&gt;</a>&nbsp;&nbsp;&nbsp;SPI_1BYT_SetTx
</UL>
<BR>[Called By]<UL><LI><a href="#[49]">&gt;&gt;</a>&nbsp;&nbsp;&nbsp;LLTimer_Isr
<LI><a href="#[82]">&gt;&gt;</a>&nbsp;&nbsp;&nbsp;rafael_pll_calibration
</UL>

<P><STRONG><a name="[63]"></a>RF_PowerSaving_En_Isr</STRONG> (Thumb, 54 bytes, Stack size 16 bytes, rf_phy.o(i.RF_PowerSaving_En_Isr))
<BR><BR>[Stack]<UL><LI>Max Depth = 52<LI>Call Chain = RF_PowerSaving_En_Isr &rArr; RF_Voltage_Det &rArr; delay_us &rArr; __aeabi_uidivmod
</UL>
<BR>[Calls]<UL><LI><a href="#[5e]">&gt;&gt;</a>&nbsp;&nbsp;&nbsp;SPI_1BYT_SetTx
<LI><a href="#[83]">&gt;&gt;</a>&nbsp;&nbsp;&nbsp;RF_Voltage_Det
</UL>
<BR>[Called By]<UL><LI><a href="#[49]">&gt;&gt;</a>&nbsp;&nbsp;&nbsp;LLTimer_Isr
</UL>

<P><STRONG><a name="[5a]"></a>RF_RxFIFOrst</STRONG> (Thumb, 12 bytes, Stack size 8 bytes, rf_phy.o(i.RF_RxFIFOrst))
<BR><BR>[Stack]<UL><LI>Max Depth = 24<LI>Call Chain = RF_RxFIFOrst &rArr; SPI_1BYT_SetTx_Isr
</UL>
<BR>[Calls]<UL><LI><a href="#[4f]">&gt;&gt;</a>&nbsp;&nbsp;&nbsp;SPI_1BYT_SetTx_Isr
</UL>
<BR>[Called By]<UL><LI><a href="#[64]">&gt;&gt;</a>&nbsp;&nbsp;&nbsp;LLWTR_Isr
<LI><a href="#[49]">&gt;&gt;</a>&nbsp;&nbsp;&nbsp;LLTimer_Isr
</UL>

<P><STRONG><a name="[7e]"></a>RF_RxLengthLimit</STRONG> (Thumb, 12 bytes, Stack size 8 bytes, rf_phy.o(i.RF_RxLengthLimit))
<BR><BR>[Stack]<UL><LI>Max Depth = 24<LI>Call Chain = RF_RxLengthLimit &rArr; SPI_1BYT_SetTx_Isr
</UL>
<BR>[Calls]<UL><LI><a href="#[4f]">&gt;&gt;</a>&nbsp;&nbsp;&nbsp;SPI_1BYT_SetTx_Isr
</UL>
<BR>[Called By]<UL><LI><a href="#[7b]">&gt;&gt;</a>&nbsp;&nbsp;&nbsp;RF_Init
</UL>

<P><STRONG><a name="[53]"></a>RF_Set_TxPowerLevel_Isr</STRONG> (Thumb, 72 bytes, Stack size 8 bytes, rf_phy.o(i.RF_Set_TxPowerLevel_Isr))
<BR><BR>[Stack]<UL><LI>Max Depth = 148<LI>Call Chain = RF_Set_TxPowerLevel_Isr &rArr; SPI_PDMA_SetTx &rArr; SPI_PDMA_SetTx_Old &rArr; SPIx_DMA_TxData &rArr; SPIx_DMA_Configure &rArr; DMA_DeInit &rArr; __aeabi_uidivmod
</UL>
<BR>[Calls]<UL><LI><a href="#[4e]">&gt;&gt;</a>&nbsp;&nbsp;&nbsp;SPI_PDMA_SetTx
</UL>
<BR>[Called By]<UL><LI><a href="#[49]">&gt;&gt;</a>&nbsp;&nbsp;&nbsp;LLTimer_Isr
</UL>

<P><STRONG><a name="[8a]"></a>RF_SpiIoMapping</STRONG> (Thumb, 150 bytes, Stack size 24 bytes, main.o(i.RF_SpiIoMapping))
<BR><BR>[Stack]<UL><LI>Max Depth = 132<LI>Call Chain = RF_SpiIoMapping &rArr; BSP_SPI_BLE_Init &rArr; SPIx_DMA_Configure &rArr; DMA_DeInit &rArr; __aeabi_uidivmod
</UL>
<BR>[Calls]<UL><LI><a href="#[87]">&gt;&gt;</a>&nbsp;&nbsp;&nbsp;SysTick_DelayMs
<LI><a href="#[5e]">&gt;&gt;</a>&nbsp;&nbsp;&nbsp;SPI_1BYT_SetTx
<LI><a href="#[73]">&gt;&gt;</a>&nbsp;&nbsp;&nbsp;MCU_GpioPinInit
<LI><a href="#[32]">&gt;&gt;</a>&nbsp;&nbsp;&nbsp;BSP_SPI_BLE_Init
<LI><a href="#[8c]">&gt;&gt;</a>&nbsp;&nbsp;&nbsp;spiGpioWriteReg
<LI><a href="#[45]">&gt;&gt;</a>&nbsp;&nbsp;&nbsp;delay_us
<LI><a href="#[8b]">&gt;&gt;</a>&nbsp;&nbsp;&nbsp;SPI_GPIO_Init
</UL>
<BR>[Called By]<UL><LI><a href="#[86]">&gt;&gt;</a>&nbsp;&nbsp;&nbsp;RF_Open
</UL>

<P><STRONG><a name="[59]"></a>RF_SymbolRate_Patch_1M_2M</STRONG> (Thumb, 36 bytes, Stack size 8 bytes, rf_phy.o(i.RF_SymbolRate_Patch_1M_2M))
<BR><BR>[Stack]<UL><LI>Max Depth = 24<LI>Call Chain = RF_SymbolRate_Patch_1M_2M &rArr; SPI_1BYT_SetTx_Isr
</UL>
<BR>[Calls]<UL><LI><a href="#[4f]">&gt;&gt;</a>&nbsp;&nbsp;&nbsp;SPI_1BYT_SetTx_Isr
</UL>
<BR>[Called By]<UL><LI><a href="#[49]">&gt;&gt;</a>&nbsp;&nbsp;&nbsp;LLTimer_Isr
</UL>

<P><STRONG><a name="[8d]"></a>RF_SymbolRate_set</STRONG> (Thumb, 30 bytes, Stack size 8 bytes, rf_phy.o(i.RF_SymbolRate_set))
<BR><BR>[Stack]<UL><LI>Max Depth = 24<LI>Call Chain = RF_SymbolRate_set &rArr; SPI_1BYT_SetTx_Isr
</UL>
<BR>[Calls]<UL><LI><a href="#[4f]">&gt;&gt;</a>&nbsp;&nbsp;&nbsp;SPI_1BYT_SetTx_Isr
</UL>
<BR>[Called By]<UL><LI><a href="#[82]">&gt;&gt;</a>&nbsp;&nbsp;&nbsp;rafael_pll_calibration
</UL>

<P><STRONG><a name="[3c]"></a>RF_Tmr_Periodic_initial</STRONG> (Thumb, 200 bytes, Stack size 32 bytes, rf_phy.o(i.RF_Tmr_Periodic_initial))
<BR><BR>[Stack]<UL><LI>Max Depth = 188<LI>Call Chain = RF_Tmr_Periodic_initial &rArr; RF_Tmr_Periodic_set_ISR &rArr; SPI_PDMA_SetTx &rArr; SPI_PDMA_SetTx_Old &rArr; SPIx_DMA_TxData &rArr; SPIx_DMA_Configure &rArr; DMA_DeInit &rArr; __aeabi_uidivmod
</UL>
<BR>[Calls]<UL><LI><a href="#[6c]">&gt;&gt;</a>&nbsp;&nbsp;&nbsp;SPI_PDMA_waitFinish
<LI><a href="#[4e]">&gt;&gt;</a>&nbsp;&nbsp;&nbsp;SPI_PDMA_SetTx
<LI><a href="#[4a]">&gt;&gt;</a>&nbsp;&nbsp;&nbsp;RF_Tmr_Periodic_set_ISR
<LI><a href="#[5e]">&gt;&gt;</a>&nbsp;&nbsp;&nbsp;SPI_1BYT_SetTx
</UL>
<BR>[Called By]<UL><LI><a href="#[39]">&gt;&gt;</a>&nbsp;&nbsp;&nbsp;Ble_SW_Init
</UL>

<P><STRONG><a name="[4a]"></a>RF_Tmr_Periodic_set_ISR</STRONG> (Thumb, 80 bytes, Stack size 16 bytes, rf_phy.o(i.RF_Tmr_Periodic_set_ISR))
<BR><BR>[Stack]<UL><LI>Max Depth = 156<LI>Call Chain = RF_Tmr_Periodic_set_ISR &rArr; SPI_PDMA_SetTx &rArr; SPI_PDMA_SetTx_Old &rArr; SPIx_DMA_TxData &rArr; SPIx_DMA_Configure &rArr; DMA_DeInit &rArr; __aeabi_uidivmod
</UL>
<BR>[Calls]<UL><LI><a href="#[6c]">&gt;&gt;</a>&nbsp;&nbsp;&nbsp;SPI_PDMA_waitFinish
<LI><a href="#[4e]">&gt;&gt;</a>&nbsp;&nbsp;&nbsp;SPI_PDMA_SetTx
</UL>
<BR>[Called By]<UL><LI><a href="#[49]">&gt;&gt;</a>&nbsp;&nbsp;&nbsp;LLTimer_Isr
<LI><a href="#[3c]">&gt;&gt;</a>&nbsp;&nbsp;&nbsp;RF_Tmr_Periodic_initial
</UL>

<P><STRONG><a name="[5d]"></a>RF_TxAutoAckOff</STRONG> (Thumb, 20 bytes, Stack size 8 bytes, rf_phy.o(i.RF_TxAutoAckOff))
<BR><BR>[Stack]<UL><LI>Max Depth = 24<LI>Call Chain = RF_TxAutoAckOff &rArr; SPI_1BYT_SetTx_Isr
</UL>
<BR>[Calls]<UL><LI><a href="#[4f]">&gt;&gt;</a>&nbsp;&nbsp;&nbsp;SPI_1BYT_SetTx_Isr
</UL>
<BR>[Called By]<UL><LI><a href="#[49]">&gt;&gt;</a>&nbsp;&nbsp;&nbsp;LLTimer_Isr
</UL>

<P><STRONG><a name="[5b]"></a>RF_TxAutoAckOn</STRONG> (Thumb, 20 bytes, Stack size 8 bytes, rf_phy.o(i.RF_TxAutoAckOn))
<BR><BR>[Stack]<UL><LI>Max Depth = 24<LI>Call Chain = RF_TxAutoAckOn &rArr; SPI_1BYT_SetTx_Isr
</UL>
<BR>[Calls]<UL><LI><a href="#[4f]">&gt;&gt;</a>&nbsp;&nbsp;&nbsp;SPI_1BYT_SetTx_Isr
</UL>
<BR>[Called By]<UL><LI><a href="#[49]">&gt;&gt;</a>&nbsp;&nbsp;&nbsp;LLTimer_Isr
</UL>

<P><STRONG><a name="[5c]"></a>RF_TxFIFO_ADVData_set</STRONG> (Thumb, 20 bytes, Stack size 8 bytes, rf_phy.o(i.RF_TxFIFO_ADVData_set))
<BR><BR>[Stack]<UL><LI>Max Depth = 148<LI>Call Chain = RF_TxFIFO_ADVData_set &rArr; SPI_PDMA_SetTx &rArr; SPI_PDMA_SetTx_Old &rArr; SPIx_DMA_TxData &rArr; SPIx_DMA_Configure &rArr; DMA_DeInit &rArr; __aeabi_uidivmod
</UL>
<BR>[Calls]<UL><LI><a href="#[4e]">&gt;&gt;</a>&nbsp;&nbsp;&nbsp;SPI_PDMA_SetTx
</UL>
<BR>[Called By]<UL><LI><a href="#[64]">&gt;&gt;</a>&nbsp;&nbsp;&nbsp;LLWTR_Isr
<LI><a href="#[49]">&gt;&gt;</a>&nbsp;&nbsp;&nbsp;LLTimer_Isr
</UL>

<P><STRONG><a name="[58]"></a>RF_TxFIFO_ADVaddr_set</STRONG> (Thumb, 20 bytes, Stack size 8 bytes, rf_phy.o(i.RF_TxFIFO_ADVaddr_set))
<BR><BR>[Stack]<UL><LI>Max Depth = 148<LI>Call Chain = RF_TxFIFO_ADVaddr_set &rArr; SPI_PDMA_SetTx &rArr; SPI_PDMA_SetTx_Old &rArr; SPIx_DMA_TxData &rArr; SPIx_DMA_Configure &rArr; DMA_DeInit &rArr; __aeabi_uidivmod
</UL>
<BR>[Calls]<UL><LI><a href="#[4e]">&gt;&gt;</a>&nbsp;&nbsp;&nbsp;SPI_PDMA_SetTx
</UL>
<BR>[Called By]<UL><LI><a href="#[64]">&gt;&gt;</a>&nbsp;&nbsp;&nbsp;LLWTR_Isr
<LI><a href="#[49]">&gt;&gt;</a>&nbsp;&nbsp;&nbsp;LLTimer_Isr
</UL>

<P><STRONG><a name="[81]"></a>RF_TxFIFO_OriginAddr_set</STRONG> (Thumb, 20 bytes, Stack size 8 bytes, rf_phy.o(i.RF_TxFIFO_OriginAddr_set))
<BR><BR>[Stack]<UL><LI>Max Depth = 24<LI>Call Chain = RF_TxFIFO_OriginAddr_set &rArr; SPI_2BYT_SetTx_Isr
</UL>
<BR>[Calls]<UL><LI><a href="#[85]">&gt;&gt;</a>&nbsp;&nbsp;&nbsp;SPI_2BYT_SetTx_Isr
</UL>
<BR>[Called By]<UL><LI><a href="#[7b]">&gt;&gt;</a>&nbsp;&nbsp;&nbsp;RF_Init
</UL>

<P><STRONG><a name="[83]"></a>RF_Voltage_Det</STRONG> (Thumb, 118 bytes, Stack size 16 bytes, rf_phy.o(i.RF_Voltage_Det))
<BR><BR>[Stack]<UL><LI>Max Depth = 36<LI>Call Chain = RF_Voltage_Det &rArr; delay_us &rArr; __aeabi_uidivmod
</UL>
<BR>[Calls]<UL><LI><a href="#[5e]">&gt;&gt;</a>&nbsp;&nbsp;&nbsp;SPI_1BYT_SetTx
<LI><a href="#[7d]">&gt;&gt;</a>&nbsp;&nbsp;&nbsp;SPI_1BYT_SetRx
<LI><a href="#[45]">&gt;&gt;</a>&nbsp;&nbsp;&nbsp;delay_us
</UL>
<BR>[Called By]<UL><LI><a href="#[63]">&gt;&gt;</a>&nbsp;&nbsp;&nbsp;RF_PowerSaving_En_Isr
<LI><a href="#[7b]">&gt;&gt;</a>&nbsp;&nbsp;&nbsp;RF_Init
</UL>

<P><STRONG><a name="[62]"></a>RF_WTR_EnChk</STRONG> (Thumb, 16 bytes, Stack size 0 bytes, rf_phy.o(i.RF_WTR_EnChk))
<BR><BR>[Called By]<UL><LI><a href="#[49]">&gt;&gt;</a>&nbsp;&nbsp;&nbsp;LLTimer_Isr
</UL>

<P><STRONG><a name="[51]"></a>RF_WTR_intOff</STRONG> (Thumb, 20 bytes, Stack size 8 bytes, rf_phy.o(i.RF_WTR_intOff))
<BR><BR>[Stack]<UL><LI>Max Depth = 24<LI>Call Chain = RF_WTR_intOff &rArr; SPI_1BYT_SetTx_Isr
</UL>
<BR>[Calls]<UL><LI><a href="#[4f]">&gt;&gt;</a>&nbsp;&nbsp;&nbsp;SPI_1BYT_SetTx_Isr
</UL>
<BR>[Called By]<UL><LI><a href="#[49]">&gt;&gt;</a>&nbsp;&nbsp;&nbsp;LLTimer_Isr
</UL>

<P><STRONG><a name="[3e]"></a>RF_WTR_intOn</STRONG> (Thumb, 20 bytes, Stack size 8 bytes, rf_phy.o(i.RF_WTR_intOn))
<BR><BR>[Stack]<UL><LI>Max Depth = 24<LI>Call Chain = RF_WTR_intOn &rArr; SPI_1BYT_SetTx_Isr
</UL>
<BR>[Calls]<UL><LI><a href="#[4f]">&gt;&gt;</a>&nbsp;&nbsp;&nbsp;SPI_1BYT_SetTx_Isr
</UL>
<BR>[Called By]<UL><LI><a href="#[49]">&gt;&gt;</a>&nbsp;&nbsp;&nbsp;LLTimer_Isr
<LI><a href="#[82]">&gt;&gt;</a>&nbsp;&nbsp;&nbsp;rafael_pll_calibration
<LI><a href="#[39]">&gt;&gt;</a>&nbsp;&nbsp;&nbsp;Ble_SW_Init
</UL>

<P><STRONG><a name="[68]"></a>RF_cmpFIFO_BDAddr</STRONG> (Thumb, 40 bytes, Stack size 8 bytes, ll.o(i.RF_cmpFIFO_BDAddr))
<BR><BR>[Stack]<UL><LI>Max Depth = 16<LI>Call Chain = RF_cmpFIFO_BDAddr &rArr; Knl_MemComp_Isr
</UL>
<BR>[Calls]<UL><LI><a href="#[8e]">&gt;&gt;</a>&nbsp;&nbsp;&nbsp;Knl_MemComp_Isr
</UL>
<BR>[Called By]<UL><LI><a href="#[64]">&gt;&gt;</a>&nbsp;&nbsp;&nbsp;LLWTR_Isr
</UL>

<P><STRONG><a name="[67]"></a>RF_cmpFIFO_WhiteList</STRONG> (Thumb, 64 bytes, Stack size 24 bytes, ll.o(i.RF_cmpFIFO_WhiteList))
<BR><BR>[Stack]<UL><LI>Max Depth = 32<LI>Call Chain = RF_cmpFIFO_WhiteList &rArr; Knl_MemComp_Isr
</UL>
<BR>[Calls]<UL><LI><a href="#[8e]">&gt;&gt;</a>&nbsp;&nbsp;&nbsp;Knl_MemComp_Isr
</UL>
<BR>[Called By]<UL><LI><a href="#[64]">&gt;&gt;</a>&nbsp;&nbsp;&nbsp;LLWTR_Isr
</UL>

<P><STRONG><a name="[7d]"></a>SPI_1BYT_SetRx</STRONG> (Thumb, 72 bytes, Stack size 16 bytes, bsp_spi_ble.o(i.SPI_1BYT_SetRx))
<BR><BR>[Stack]<UL><LI>Max Depth = 16<LI>Call Chain = SPI_1BYT_SetRx
</UL>
<BR>[Calls]<UL><LI><a href="#[8f]">&gt;&gt;</a>&nbsp;&nbsp;&nbsp;SPIx_ReadWriteByte
</UL>
<BR>[Called By]<UL><LI><a href="#[7b]">&gt;&gt;</a>&nbsp;&nbsp;&nbsp;RF_Init
<LI><a href="#[20]">&gt;&gt;</a>&nbsp;&nbsp;&nbsp;main
<LI><a href="#[82]">&gt;&gt;</a>&nbsp;&nbsp;&nbsp;rafael_pll_calibration
<LI><a href="#[83]">&gt;&gt;</a>&nbsp;&nbsp;&nbsp;RF_Voltage_Det
</UL>

<P><STRONG><a name="[6a]"></a>SPI_1BYT_SetRx_Isr</STRONG> (Thumb, 80 bytes, Stack size 16 bytes, bsp_spi_ble.o(i.SPI_1BYT_SetRx_Isr))
<BR><BR>[Stack]<UL><LI>Max Depth = 16<LI>Call Chain = SPI_1BYT_SetRx_Isr
</UL>
<BR>[Calls]<UL><LI><a href="#[8f]">&gt;&gt;</a>&nbsp;&nbsp;&nbsp;SPIx_ReadWriteByte
</UL>
<BR>[Called By]<UL><LI><a href="#[65]">&gt;&gt;</a>&nbsp;&nbsp;&nbsp;RF_CRCchk
<LI><a href="#[44]">&gt;&gt;</a>&nbsp;&nbsp;&nbsp;LL_GPIO_Isr
</UL>

<P><STRONG><a name="[5e]"></a>SPI_1BYT_SetTx</STRONG> (Thumb, 66 bytes, Stack size 16 bytes, bsp_spi_ble.o(i.SPI_1BYT_SetTx))
<BR><BR>[Stack]<UL><LI>Max Depth = 16<LI>Call Chain = SPI_1BYT_SetTx
</UL>
<BR>[Calls]<UL><LI><a href="#[8f]">&gt;&gt;</a>&nbsp;&nbsp;&nbsp;SPIx_ReadWriteByte
</UL>
<BR>[Called By]<UL><LI><a href="#[6b]">&gt;&gt;</a>&nbsp;&nbsp;&nbsp;rafael_spi_clear_tx_fifo_cnt
<LI><a href="#[63]">&gt;&gt;</a>&nbsp;&nbsp;&nbsp;RF_PowerSaving_En_Isr
<LI><a href="#[56]">&gt;&gt;</a>&nbsp;&nbsp;&nbsp;RF_PLL_VCO_Bank_set
<LI><a href="#[49]">&gt;&gt;</a>&nbsp;&nbsp;&nbsp;LLTimer_Isr
<LI><a href="#[7b]">&gt;&gt;</a>&nbsp;&nbsp;&nbsp;RF_Init
<LI><a href="#[8a]">&gt;&gt;</a>&nbsp;&nbsp;&nbsp;RF_SpiIoMapping
<LI><a href="#[7f]">&gt;&gt;</a>&nbsp;&nbsp;&nbsp;rafael_spi_clear_fifo
<LI><a href="#[80]">&gt;&gt;</a>&nbsp;&nbsp;&nbsp;rafael_reset_phy_fsm
<LI><a href="#[82]">&gt;&gt;</a>&nbsp;&nbsp;&nbsp;rafael_pll_calibration
<LI><a href="#[83]">&gt;&gt;</a>&nbsp;&nbsp;&nbsp;RF_Voltage_Det
<LI><a href="#[3c]">&gt;&gt;</a>&nbsp;&nbsp;&nbsp;RF_Tmr_Periodic_initial
</UL>

<P><STRONG><a name="[4f]"></a>SPI_1BYT_SetTx_Isr</STRONG> (Thumb, 62 bytes, Stack size 16 bytes, bsp_spi_ble.o(i.SPI_1BYT_SetTx_Isr))
<BR><BR>[Stack]<UL><LI>Max Depth = 16<LI>Call Chain = SPI_1BYT_SetTx_Isr
</UL>
<BR>[Calls]<UL><LI><a href="#[8f]">&gt;&gt;</a>&nbsp;&nbsp;&nbsp;SPIx_ReadWriteByte
</UL>
<BR>[Called By]<UL><LI><a href="#[55]">&gt;&gt;</a>&nbsp;&nbsp;&nbsp;setChannel_BLE
<LI><a href="#[4c]">&gt;&gt;</a>&nbsp;&nbsp;&nbsp;rafael_reset_phy_fsm_Isr
<LI><a href="#[3e]">&gt;&gt;</a>&nbsp;&nbsp;&nbsp;RF_WTR_intOn
<LI><a href="#[51]">&gt;&gt;</a>&nbsp;&nbsp;&nbsp;RF_WTR_intOff
<LI><a href="#[5b]">&gt;&gt;</a>&nbsp;&nbsp;&nbsp;RF_TxAutoAckOn
<LI><a href="#[5d]">&gt;&gt;</a>&nbsp;&nbsp;&nbsp;RF_TxAutoAckOff
<LI><a href="#[59]">&gt;&gt;</a>&nbsp;&nbsp;&nbsp;RF_SymbolRate_Patch_1M_2M
<LI><a href="#[5a]">&gt;&gt;</a>&nbsp;&nbsp;&nbsp;RF_RxFIFOrst
<LI><a href="#[69]">&gt;&gt;</a>&nbsp;&nbsp;&nbsp;RF_DC_Rstr_Isr
<LI><a href="#[54]">&gt;&gt;</a>&nbsp;&nbsp;&nbsp;LL_TxEnter_Isr
<LI><a href="#[44]">&gt;&gt;</a>&nbsp;&nbsp;&nbsp;LL_GPIO_Isr
<LI><a href="#[49]">&gt;&gt;</a>&nbsp;&nbsp;&nbsp;LLTimer_Isr
<LI><a href="#[8d]">&gt;&gt;</a>&nbsp;&nbsp;&nbsp;RF_SymbolRate_set
<LI><a href="#[7e]">&gt;&gt;</a>&nbsp;&nbsp;&nbsp;RF_RxLengthLimit
</UL>

<P><STRONG><a name="[85]"></a>SPI_2BYT_SetTx_Isr</STRONG> (Thumb, 96 bytes, Stack size 16 bytes, bsp_spi_ble.o(i.SPI_2BYT_SetTx_Isr))
<BR><BR>[Stack]<UL><LI>Max Depth = 16<LI>Call Chain = SPI_2BYT_SetTx_Isr
</UL>
<BR>[Calls]<UL><LI><a href="#[8f]">&gt;&gt;</a>&nbsp;&nbsp;&nbsp;SPIx_ReadWriteByte
<LI><a href="#[90]">&gt;&gt;</a>&nbsp;&nbsp;&nbsp;BleTxFIFOAddr_Get
</UL>
<BR>[Called By]<UL><LI><a href="#[57]">&gt;&gt;</a>&nbsp;&nbsp;&nbsp;RF_LE_HeaderStsLen_Tx
<LI><a href="#[81]">&gt;&gt;</a>&nbsp;&nbsp;&nbsp;RF_TxFIFO_OriginAddr_set
</UL>

<P><STRONG><a name="[35]"></a>SPI_BiDirectionalLineConfig</STRONG> (Thumb, 46 bytes, Stack size 0 bytes, hal_spi.o(i.SPI_BiDirectionalLineConfig))
<BR><BR>[Called By]<UL><LI><a href="#[32]">&gt;&gt;</a>&nbsp;&nbsp;&nbsp;BSP_SPI_BLE_Init
</UL>

<P><STRONG><a name="[33]"></a>SPI_CSInternalSelected</STRONG> (Thumb, 20 bytes, Stack size 0 bytes, hal_spi.o(i.SPI_CSInternalSelected))
<BR><BR>[Called By]<UL><LI><a href="#[32]">&gt;&gt;</a>&nbsp;&nbsp;&nbsp;BSP_SPI_BLE_Init
</UL>

<P><STRONG><a name="[97]"></a>SPI_Cmd</STRONG> (Thumb, 20 bytes, Stack size 0 bytes, hal_spi.o(i.SPI_Cmd))
<BR><BR>[Called By]<UL><LI><a href="#[34]">&gt;&gt;</a>&nbsp;&nbsp;&nbsp;SPIx_Configure
</UL>

<P><STRONG><a name="[9f]"></a>SPI_DMACmd</STRONG> (Thumb, 20 bytes, Stack size 0 bytes, hal_spi.o(i.SPI_DMACmd))
<BR><BR>[Called By]<UL><LI><a href="#[94]">&gt;&gt;</a>&nbsp;&nbsp;&nbsp;SPIx_DMA_TxData
<LI><a href="#[92]">&gt;&gt;</a>&nbsp;&nbsp;&nbsp;SPIx_DMA_RxData
</UL>

<P><STRONG><a name="[8b]"></a>SPI_GPIO_Init</STRONG> (Thumb, 50 bytes, Stack size 16 bytes, main.o(i.SPI_GPIO_Init))
<BR><BR>[Stack]<UL><LI>Max Depth = 36<LI>Call Chain = SPI_GPIO_Init &rArr; GPIO_Init
</UL>
<BR>[Calls]<UL><LI><a href="#[74]">&gt;&gt;</a>&nbsp;&nbsp;&nbsp;RCC_AHBPeriphClockCmd
<LI><a href="#[75]">&gt;&gt;</a>&nbsp;&nbsp;&nbsp;GPIO_StructInit
<LI><a href="#[76]">&gt;&gt;</a>&nbsp;&nbsp;&nbsp;GPIO_Init
</UL>
<BR>[Called By]<UL><LI><a href="#[8a]">&gt;&gt;</a>&nbsp;&nbsp;&nbsp;RF_SpiIoMapping
</UL>

<P><STRONG><a name="[96]"></a>SPI_Init</STRONG> (Thumb, 110 bytes, Stack size 12 bytes, hal_spi.o(i.SPI_Init))
<BR><BR>[Stack]<UL><LI>Max Depth = 12<LI>Call Chain = SPI_Init
</UL>
<BR>[Called By]<UL><LI><a href="#[34]">&gt;&gt;</a>&nbsp;&nbsp;&nbsp;SPIx_Configure
</UL>

<P><STRONG><a name="[66]"></a>SPI_PDMA_SetRx_Isr</STRONG> (Thumb, 10 bytes, Stack size 8 bytes, bsp_spi_ble.o(i.SPI_PDMA_SetRx_Isr))
<BR><BR>[Stack]<UL><LI>Max Depth = 132<LI>Call Chain = SPI_PDMA_SetRx_Isr &rArr; SPI_PDMA_SetRx_Isr_Old &rArr; SPIx_DMA_RxData &rArr; SPIx_DMA_Configure &rArr; DMA_DeInit &rArr; __aeabi_uidivmod
</UL>
<BR>[Calls]<UL><LI><a href="#[91]">&gt;&gt;</a>&nbsp;&nbsp;&nbsp;SPI_PDMA_SetRx_Isr_Old
</UL>
<BR>[Called By]<UL><LI><a href="#[64]">&gt;&gt;</a>&nbsp;&nbsp;&nbsp;LLWTR_Isr
</UL>

<P><STRONG><a name="[91]"></a>SPI_PDMA_SetRx_Isr_Old</STRONG> (Thumb, 86 bytes, Stack size 24 bytes, bsp_spi_ble.o(i.SPI_PDMA_SetRx_Isr_Old))
<BR><BR>[Stack]<UL><LI>Max Depth = 124<LI>Call Chain = SPI_PDMA_SetRx_Isr_Old &rArr; SPIx_DMA_RxData &rArr; SPIx_DMA_Configure &rArr; DMA_DeInit &rArr; __aeabi_uidivmod
</UL>
<BR>[Calls]<UL><LI><a href="#[8f]">&gt;&gt;</a>&nbsp;&nbsp;&nbsp;SPIx_ReadWriteByte
<LI><a href="#[92]">&gt;&gt;</a>&nbsp;&nbsp;&nbsp;SPIx_DMA_RxData
</UL>
<BR>[Called By]<UL><LI><a href="#[66]">&gt;&gt;</a>&nbsp;&nbsp;&nbsp;SPI_PDMA_SetRx_Isr
</UL>

<P><STRONG><a name="[4e]"></a>SPI_PDMA_SetTx</STRONG> (Thumb, 10 bytes, Stack size 8 bytes, bsp_spi_ble.o(i.SPI_PDMA_SetTx))
<BR><BR>[Stack]<UL><LI>Max Depth = 140<LI>Call Chain = SPI_PDMA_SetTx &rArr; SPI_PDMA_SetTx_Old &rArr; SPIx_DMA_TxData &rArr; SPIx_DMA_Configure &rArr; DMA_DeInit &rArr; __aeabi_uidivmod
</UL>
<BR>[Calls]<UL><LI><a href="#[93]">&gt;&gt;</a>&nbsp;&nbsp;&nbsp;SPI_PDMA_SetTx_Old
</UL>
<BR>[Called By]<UL><LI><a href="#[58]">&gt;&gt;</a>&nbsp;&nbsp;&nbsp;RF_TxFIFO_ADVaddr_set
<LI><a href="#[5c]">&gt;&gt;</a>&nbsp;&nbsp;&nbsp;RF_TxFIFO_ADVData_set
<LI><a href="#[4a]">&gt;&gt;</a>&nbsp;&nbsp;&nbsp;RF_Tmr_Periodic_set_ISR
<LI><a href="#[53]">&gt;&gt;</a>&nbsp;&nbsp;&nbsp;RF_Set_TxPowerLevel_Isr
<LI><a href="#[4d]">&gt;&gt;</a>&nbsp;&nbsp;&nbsp;RF_CRCInit
<LI><a href="#[54]">&gt;&gt;</a>&nbsp;&nbsp;&nbsp;LL_TxEnter_Isr
<LI><a href="#[49]">&gt;&gt;</a>&nbsp;&nbsp;&nbsp;LLTimer_Isr
<LI><a href="#[7b]">&gt;&gt;</a>&nbsp;&nbsp;&nbsp;RF_Init
<LI><a href="#[82]">&gt;&gt;</a>&nbsp;&nbsp;&nbsp;rafael_pll_calibration
<LI><a href="#[3c]">&gt;&gt;</a>&nbsp;&nbsp;&nbsp;RF_Tmr_Periodic_initial
</UL>

<P><STRONG><a name="[93]"></a>SPI_PDMA_SetTx_Old</STRONG> (Thumb, 94 bytes, Stack size 24 bytes, bsp_spi_ble.o(i.SPI_PDMA_SetTx_Old))
<BR><BR>[Stack]<UL><LI>Max Depth = 132<LI>Call Chain = SPI_PDMA_SetTx_Old &rArr; SPIx_DMA_TxData &rArr; SPIx_DMA_Configure &rArr; DMA_DeInit &rArr; __aeabi_uidivmod
</UL>
<BR>[Calls]<UL><LI><a href="#[8f]">&gt;&gt;</a>&nbsp;&nbsp;&nbsp;SPIx_ReadWriteByte
<LI><a href="#[94]">&gt;&gt;</a>&nbsp;&nbsp;&nbsp;SPIx_DMA_TxData
<LI><a href="#[90]">&gt;&gt;</a>&nbsp;&nbsp;&nbsp;BleTxFIFOAddr_Get
</UL>
<BR>[Called By]<UL><LI><a href="#[4e]">&gt;&gt;</a>&nbsp;&nbsp;&nbsp;SPI_PDMA_SetTx
</UL>

<P><STRONG><a name="[6c]"></a>SPI_PDMA_waitFinish</STRONG> (Thumb, 4 bytes, Stack size 0 bytes, bsp_spi_ble.o(i.SPI_PDMA_waitFinish))
<BR><BR>[Called By]<UL><LI><a href="#[4a]">&gt;&gt;</a>&nbsp;&nbsp;&nbsp;RF_Tmr_Periodic_set_ISR
<LI><a href="#[44]">&gt;&gt;</a>&nbsp;&nbsp;&nbsp;LL_GPIO_Isr
<LI><a href="#[3c]">&gt;&gt;</a>&nbsp;&nbsp;&nbsp;RF_Tmr_Periodic_initial
</UL>

<P><STRONG><a name="[95]"></a>SPI_StructInit</STRONG> (Thumb, 26 bytes, Stack size 0 bytes, hal_spi.o(i.SPI_StructInit))
<BR><BR>[Called By]<UL><LI><a href="#[34]">&gt;&gt;</a>&nbsp;&nbsp;&nbsp;SPIx_Configure
</UL>

<P><STRONG><a name="[34]"></a>SPIx_Configure</STRONG> (Thumb, 342 bytes, Stack size 40 bytes, spi.o(i.SPIx_Configure))
<BR><BR>[Stack]<UL><LI>Max Depth = 60<LI>Call Chain = SPIx_Configure &rArr; GPIO_Init
</UL>
<BR>[Calls]<UL><LI><a href="#[74]">&gt;&gt;</a>&nbsp;&nbsp;&nbsp;RCC_AHBPeriphClockCmd
<LI><a href="#[75]">&gt;&gt;</a>&nbsp;&nbsp;&nbsp;GPIO_StructInit
<LI><a href="#[76]">&gt;&gt;</a>&nbsp;&nbsp;&nbsp;GPIO_Init
<LI><a href="#[95]">&gt;&gt;</a>&nbsp;&nbsp;&nbsp;SPI_StructInit
<LI><a href="#[96]">&gt;&gt;</a>&nbsp;&nbsp;&nbsp;SPI_Init
<LI><a href="#[97]">&gt;&gt;</a>&nbsp;&nbsp;&nbsp;SPI_Cmd
<LI><a href="#[6f]">&gt;&gt;</a>&nbsp;&nbsp;&nbsp;RCC_APB2PeriphClockCmd
<LI><a href="#[99]">&gt;&gt;</a>&nbsp;&nbsp;&nbsp;RCC_APB1PeriphClockCmd
<LI><a href="#[98]">&gt;&gt;</a>&nbsp;&nbsp;&nbsp;GPIO_PinAFConfig
</UL>
<BR>[Called By]<UL><LI><a href="#[32]">&gt;&gt;</a>&nbsp;&nbsp;&nbsp;BSP_SPI_BLE_Init
</UL>

<P><STRONG><a name="[36]"></a>SPIx_DMA_Configure</STRONG> (Thumb, 274 bytes, Stack size 56 bytes, spi.o(i.SPIx_DMA_Configure))
<BR><BR>[Stack]<UL><LI>Max Depth = 76<LI>Call Chain = SPIx_DMA_Configure &rArr; DMA_DeInit &rArr; __aeabi_uidivmod
</UL>
<BR>[Calls]<UL><LI><a href="#[74]">&gt;&gt;</a>&nbsp;&nbsp;&nbsp;RCC_AHBPeriphClockCmd
<LI><a href="#[9b]">&gt;&gt;</a>&nbsp;&nbsp;&nbsp;DMA_StructInit
<LI><a href="#[9c]">&gt;&gt;</a>&nbsp;&nbsp;&nbsp;DMA_Init
<LI><a href="#[9d]">&gt;&gt;</a>&nbsp;&nbsp;&nbsp;DMA_ITConfig
<LI><a href="#[41]">&gt;&gt;</a>&nbsp;&nbsp;&nbsp;DMA_DeInit
<LI><a href="#[9a]">&gt;&gt;</a>&nbsp;&nbsp;&nbsp;DMA_Cmd
</UL>
<BR>[Called By]<UL><LI><a href="#[32]">&gt;&gt;</a>&nbsp;&nbsp;&nbsp;BSP_SPI_BLE_Init
<LI><a href="#[94]">&gt;&gt;</a>&nbsp;&nbsp;&nbsp;SPIx_DMA_TxData
<LI><a href="#[92]">&gt;&gt;</a>&nbsp;&nbsp;&nbsp;SPIx_DMA_RxData
</UL>

<P><STRONG><a name="[9e]"></a>SPIx_DMA_InterruptConfigure</STRONG> (Thumb, 40 bytes, Stack size 8 bytes, spi.o(i.SPIx_DMA_InterruptConfigure))
<BR><BR>[Stack]<UL><LI>Max Depth = 20<LI>Call Chain = SPIx_DMA_InterruptConfigure &rArr; NVIC_Init
</UL>
<BR>[Calls]<UL><LI><a href="#[71]">&gt;&gt;</a>&nbsp;&nbsp;&nbsp;NVIC_Init
</UL>
<BR>[Called By]<UL><LI><a href="#[94]">&gt;&gt;</a>&nbsp;&nbsp;&nbsp;SPIx_DMA_TxData
<LI><a href="#[92]">&gt;&gt;</a>&nbsp;&nbsp;&nbsp;SPIx_DMA_RxData
</UL>

<P><STRONG><a name="[92]"></a>SPIx_DMA_RxData</STRONG> (Thumb, 194 bytes, Stack size 24 bytes, spi.o(i.SPIx_DMA_RxData))
<BR><BR>[Stack]<UL><LI>Max Depth = 100<LI>Call Chain = SPIx_DMA_RxData &rArr; SPIx_DMA_Configure &rArr; DMA_DeInit &rArr; __aeabi_uidivmod
</UL>
<BR>[Calls]<UL><LI><a href="#[9f]">&gt;&gt;</a>&nbsp;&nbsp;&nbsp;SPI_DMACmd
<LI><a href="#[9e]">&gt;&gt;</a>&nbsp;&nbsp;&nbsp;SPIx_DMA_InterruptConfigure
<LI><a href="#[36]">&gt;&gt;</a>&nbsp;&nbsp;&nbsp;SPIx_DMA_Configure
</UL>
<BR>[Called By]<UL><LI><a href="#[91]">&gt;&gt;</a>&nbsp;&nbsp;&nbsp;SPI_PDMA_SetRx_Isr_Old
</UL>

<P><STRONG><a name="[94]"></a>SPIx_DMA_TxData</STRONG> (Thumb, 188 bytes, Stack size 32 bytes, spi.o(i.SPIx_DMA_TxData))
<BR><BR>[Stack]<UL><LI>Max Depth = 108<LI>Call Chain = SPIx_DMA_TxData &rArr; SPIx_DMA_Configure &rArr; DMA_DeInit &rArr; __aeabi_uidivmod
</UL>
<BR>[Calls]<UL><LI><a href="#[9f]">&gt;&gt;</a>&nbsp;&nbsp;&nbsp;SPI_DMACmd
<LI><a href="#[9e]">&gt;&gt;</a>&nbsp;&nbsp;&nbsp;SPIx_DMA_InterruptConfigure
<LI><a href="#[36]">&gt;&gt;</a>&nbsp;&nbsp;&nbsp;SPIx_DMA_Configure
</UL>
<BR>[Called By]<UL><LI><a href="#[93]">&gt;&gt;</a>&nbsp;&nbsp;&nbsp;SPI_PDMA_SetTx_Old
</UL>

<P><STRONG><a name="[8f]"></a>SPIx_ReadWriteByte</STRONG> (Thumb, 46 bytes, Stack size 0 bytes, spi.o(i.SPIx_ReadWriteByte))
<BR><BR>[Called By]<UL><LI><a href="#[4f]">&gt;&gt;</a>&nbsp;&nbsp;&nbsp;SPI_1BYT_SetTx_Isr
<LI><a href="#[6a]">&gt;&gt;</a>&nbsp;&nbsp;&nbsp;SPI_1BYT_SetRx_Isr
<LI><a href="#[5e]">&gt;&gt;</a>&nbsp;&nbsp;&nbsp;SPI_1BYT_SetTx
<LI><a href="#[7d]">&gt;&gt;</a>&nbsp;&nbsp;&nbsp;SPI_1BYT_SetRx
<LI><a href="#[93]">&gt;&gt;</a>&nbsp;&nbsp;&nbsp;SPI_PDMA_SetTx_Old
<LI><a href="#[91]">&gt;&gt;</a>&nbsp;&nbsp;&nbsp;SPI_PDMA_SetRx_Isr_Old
<LI><a href="#[85]">&gt;&gt;</a>&nbsp;&nbsp;&nbsp;SPI_2BYT_SetTx_Isr
</UL>

<P><STRONG><a name="[87]"></a>SysTick_DelayMs</STRONG> (Thumb, 12 bytes, Stack size 0 bytes, systick.o(i.SysTick_DelayMs))
<BR><BR>[Called By]<UL><LI><a href="#[8a]">&gt;&gt;</a>&nbsp;&nbsp;&nbsp;RF_SpiIoMapping
<LI><a href="#[86]">&gt;&gt;</a>&nbsp;&nbsp;&nbsp;RF_Open
</UL>

<P><STRONG><a name="[5]"></a>SysTick_Handler</STRONG> (Thumb, 16 bytes, Stack size 0 bytes, systick.o(i.SysTick_Handler))
<BR>[Address Reference Count : 1]<UL><LI> startup_mm32f032xx_s_keil.o(RESET)
</UL>
<P><STRONG><a name="[a0]"></a>SysTick_Init</STRONG> (Thumb, 64 bytes, Stack size 16 bytes, systick.o(i.SysTick_Init))
<BR><BR>[Stack]<UL><LI>Max Depth = 36<LI>Call Chain = SysTick_Init &rArr; RCC_GetSysClockFreq &rArr; __aeabi_uidivmod
</UL>
<BR>[Calls]<UL><LI><a href="#[78]">&gt;&gt;</a>&nbsp;&nbsp;&nbsp;RCC_GetSysClockFreq
<LI><a href="#[a1]">&gt;&gt;</a>&nbsp;&nbsp;&nbsp;NVIC_SetPriority
<LI><a href="#[2a]">&gt;&gt;</a>&nbsp;&nbsp;&nbsp;__aeabi_uidivmod
</UL>
<BR>[Called By]<UL><LI><a href="#[20]">&gt;&gt;</a>&nbsp;&nbsp;&nbsp;main
</UL>

<P><STRONG><a name="[21]"></a>SystemInit</STRONG> (Thumb, 68 bytes, Stack size 8 bytes, system_mm32f032xx_s.o(i.SystemInit))
<BR><BR>[Stack]<UL><LI>Max Depth = 28<LI>Call Chain = SystemInit &rArr; SetSysClockTo48
</UL>
<BR>[Calls]<UL><LI><a href="#[a2]">&gt;&gt;</a>&nbsp;&nbsp;&nbsp;SetSysClockTo48
</UL>
<BR>[Address Reference Count : 1]<UL><LI> startup_mm32f032xx_s_keil.o(.text)
</UL>
<P><STRONG><a name="[a6]"></a>UART_Cmd</STRONG> (Thumb, 12 bytes, Stack size 0 bytes, hal_uart.o(i.UART_Cmd))
<BR><BR>[Called By]<UL><LI><a href="#[a4]">&gt;&gt;</a>&nbsp;&nbsp;&nbsp;UARTx_Configure
</UL>

<P><STRONG><a name="[aa]"></a>UART_GetFlagStatus</STRONG> (Thumb, 10 bytes, Stack size 0 bytes, hal_uart.o(i.UART_GetFlagStatus))
<BR><BR>[Called By]<UL><LI><a href="#[23]">&gt;&gt;</a>&nbsp;&nbsp;&nbsp;fputc
</UL>

<P><STRONG><a name="[a3]"></a>UART_Init</STRONG> (Thumb, 108 bytes, Stack size 16 bytes, hal_uart.o(i.UART_Init))
<BR><BR>[Stack]<UL><LI>Max Depth = 52<LI>Call Chain = UART_Init &rArr; RCC_GetPCLK2Freq &rArr; RCC_GetHCLKFreq &rArr; RCC_GetSysClockFreq &rArr; __aeabi_uidivmod
</UL>
<BR>[Calls]<UL><LI><a href="#[7a]">&gt;&gt;</a>&nbsp;&nbsp;&nbsp;RCC_GetPCLK2Freq
<LI><a href="#[79]">&gt;&gt;</a>&nbsp;&nbsp;&nbsp;RCC_GetPCLK1Freq
<LI><a href="#[2a]">&gt;&gt;</a>&nbsp;&nbsp;&nbsp;__aeabi_uidivmod
</UL>
<BR>[Called By]<UL><LI><a href="#[a4]">&gt;&gt;</a>&nbsp;&nbsp;&nbsp;UARTx_Configure
</UL>

<P><STRONG><a name="[a9]"></a>UART_SendData</STRONG> (Thumb, 6 bytes, Stack size 0 bytes, hal_uart.o(i.UART_SendData))
<BR><BR>[Called By]<UL><LI><a href="#[23]">&gt;&gt;</a>&nbsp;&nbsp;&nbsp;fputc
</UL>

<P><STRONG><a name="[a5]"></a>UART_StructInit</STRONG> (Thumb, 24 bytes, Stack size 0 bytes, hal_uart.o(i.UART_StructInit))
<BR><BR>[Called By]<UL><LI><a href="#[a4]">&gt;&gt;</a>&nbsp;&nbsp;&nbsp;UARTx_Configure
</UL>

<P><STRONG><a name="[a4]"></a>UARTx_Configure</STRONG> (Thumb, 290 bytes, Stack size 40 bytes, uart.o(i.UARTx_Configure))
<BR><BR>[Stack]<UL><LI>Max Depth = 92<LI>Call Chain = UARTx_Configure &rArr; UART_Init &rArr; RCC_GetPCLK2Freq &rArr; RCC_GetHCLKFreq &rArr; RCC_GetSysClockFreq &rArr; __aeabi_uidivmod
</UL>
<BR>[Calls]<UL><LI><a href="#[74]">&gt;&gt;</a>&nbsp;&nbsp;&nbsp;RCC_AHBPeriphClockCmd
<LI><a href="#[75]">&gt;&gt;</a>&nbsp;&nbsp;&nbsp;GPIO_StructInit
<LI><a href="#[76]">&gt;&gt;</a>&nbsp;&nbsp;&nbsp;GPIO_Init
<LI><a href="#[a5]">&gt;&gt;</a>&nbsp;&nbsp;&nbsp;UART_StructInit
<LI><a href="#[a3]">&gt;&gt;</a>&nbsp;&nbsp;&nbsp;UART_Init
<LI><a href="#[a6]">&gt;&gt;</a>&nbsp;&nbsp;&nbsp;UART_Cmd
<LI><a href="#[6f]">&gt;&gt;</a>&nbsp;&nbsp;&nbsp;RCC_APB2PeriphClockCmd
<LI><a href="#[99]">&gt;&gt;</a>&nbsp;&nbsp;&nbsp;RCC_APB1PeriphClockCmd
<LI><a href="#[98]">&gt;&gt;</a>&nbsp;&nbsp;&nbsp;GPIO_PinAFConfig
</UL>
<BR>[Called By]<UL><LI><a href="#[20]">&gt;&gt;</a>&nbsp;&nbsp;&nbsp;main
</UL>

<P><STRONG><a name="[a7]"></a>__0printf$5</STRONG> (Thumb, 24 bytes, Stack size 24 bytes, printf5.o(i.__0printf$5), UNUSED)
<BR><BR>[Calls]<UL><LI><a href="#[a8]">&gt;&gt;</a>&nbsp;&nbsp;&nbsp;_printf_core
</UL>

<P><STRONG><a name="[bc]"></a>__1printf$5</STRONG> (Thumb, 0 bytes, Stack size 24 bytes, printf5.o(i.__0printf$5), UNUSED)

<P><STRONG><a name="[84]"></a>__2printf</STRONG> (Thumb, 0 bytes, Stack size 24 bytes, printf5.o(i.__0printf$5))
<BR><BR>[Stack]<UL><LI>Max Depth = 24<LI>Call Chain = __2printf
</UL>
<BR>[Called By]<UL><LI><a href="#[7b]">&gt;&gt;</a>&nbsp;&nbsp;&nbsp;RF_Init
<LI><a href="#[20]">&gt;&gt;</a>&nbsp;&nbsp;&nbsp;main
</UL>

<P><STRONG><a name="[bd]"></a>__scatterload_copy</STRONG> (Thumb, 14 bytes, Stack size unknown bytes, handlers.o(i.__scatterload_copy), UNUSED)

<P><STRONG><a name="[be]"></a>__scatterload_null</STRONG> (Thumb, 2 bytes, Stack size unknown bytes, handlers.o(i.__scatterload_null), UNUSED)

<P><STRONG><a name="[bf]"></a>__scatterload_zeroinit</STRONG> (Thumb, 14 bytes, Stack size unknown bytes, handlers.o(i.__scatterload_zeroinit), UNUSED)

<P><STRONG><a name="[45]"></a>delay_us</STRONG> (Thumb, 22 bytes, Stack size 8 bytes, main.o(i.delay_us))
<BR><BR>[Stack]<UL><LI>Max Depth = 20<LI>Call Chain = delay_us &rArr; __aeabi_uidivmod
</UL>
<BR>[Calls]<UL><LI><a href="#[28]">&gt;&gt;</a>&nbsp;&nbsp;&nbsp;SysCtlDelay
<LI><a href="#[2a]">&gt;&gt;</a>&nbsp;&nbsp;&nbsp;__aeabi_uidivmod
</UL>
<BR>[Called By]<UL><LI><a href="#[8c]">&gt;&gt;</a>&nbsp;&nbsp;&nbsp;spiGpioWriteReg
<LI><a href="#[8a]">&gt;&gt;</a>&nbsp;&nbsp;&nbsp;RF_SpiIoMapping
<LI><a href="#[d]">&gt;&gt;</a>&nbsp;&nbsp;&nbsp;EXTI4_15_IRQHandler
<LI><a href="#[82]">&gt;&gt;</a>&nbsp;&nbsp;&nbsp;rafael_pll_calibration
<LI><a href="#[83]">&gt;&gt;</a>&nbsp;&nbsp;&nbsp;RF_Voltage_Det
</UL>

<P><STRONG><a name="[48]"></a>exEXTI_LineDisable</STRONG> (Thumb, 28 bytes, Stack size 0 bytes, hal_exti.o(i.exEXTI_LineDisable))
<BR><BR>[Called By]<UL><LI><a href="#[47]">&gt;&gt;</a>&nbsp;&nbsp;&nbsp;EXTI_Init
</UL>

<P><STRONG><a name="[23]"></a>fputc</STRONG> (Thumb, 30 bytes, Stack size 16 bytes, uart.o(i.fputc))
<BR><BR>[Stack]<UL><LI>Max Depth = 16<LI>Call Chain = fputc
</UL>
<BR>[Calls]<UL><LI><a href="#[a9]">&gt;&gt;</a>&nbsp;&nbsp;&nbsp;UART_SendData
<LI><a href="#[aa]">&gt;&gt;</a>&nbsp;&nbsp;&nbsp;UART_GetFlagStatus
</UL>
<BR>[Address Reference Count : 1]<UL><LI> printf5.o(i.__0printf$5)
</UL>
<P><STRONG><a name="[3a]"></a>initBLEsw</STRONG> (Thumb, 32 bytes, Stack size 0 bytes, rf_phy.o(i.initBLEsw))
<BR><BR>[Called By]<UL><LI><a href="#[39]">&gt;&gt;</a>&nbsp;&nbsp;&nbsp;Ble_SW_Init
</UL>

<P><STRONG><a name="[3b]"></a>initInt</STRONG> (Thumb, 12 bytes, Stack size 0 bytes, rf_phy.o(i.initInt))
<BR><BR>[Called By]<UL><LI><a href="#[39]">&gt;&gt;</a>&nbsp;&nbsp;&nbsp;Ble_SW_Init
</UL>

<P><STRONG><a name="[3d]"></a>initLL</STRONG> (Thumb, 120 bytes, Stack size 16 bytes, ll.o(i.initLL))
<BR><BR>[Stack]<UL><LI>Max Depth = 24<LI>Call Chain = initLL &rArr; LL_ReleaseConnID
</UL>
<BR>[Calls]<UL><LI><a href="#[6d]">&gt;&gt;</a>&nbsp;&nbsp;&nbsp;LL_ReleaseConnID
<LI><a href="#[38]">&gt;&gt;</a>&nbsp;&nbsp;&nbsp;Knl_CodeCpy
</UL>
<BR>[Called By]<UL><LI><a href="#[39]">&gt;&gt;</a>&nbsp;&nbsp;&nbsp;Ble_SW_Init
</UL>

<P><STRONG><a name="[20]"></a>main</STRONG> (Thumb, 80 bytes, Stack size 8 bytes, main.o(i.main))
<BR><BR>[Stack]<UL><LI>Max Depth = 364<LI>Call Chain = main &rArr; RF_Open &rArr; RF_Init &rArr; Ble_SW_Init &rArr; RF_Tmr_Periodic_initial &rArr; RF_Tmr_Periodic_set_ISR &rArr; SPI_PDMA_SetTx &rArr; SPI_PDMA_SetTx_Old &rArr; SPIx_DMA_TxData &rArr; SPIx_DMA_Configure &rArr; DMA_DeInit &rArr; __aeabi_uidivmod
</UL>
<BR>[Calls]<UL><LI><a href="#[a4]">&gt;&gt;</a>&nbsp;&nbsp;&nbsp;UARTx_Configure
<LI><a href="#[a0]">&gt;&gt;</a>&nbsp;&nbsp;&nbsp;SysTick_Init
<LI><a href="#[7d]">&gt;&gt;</a>&nbsp;&nbsp;&nbsp;SPI_1BYT_SetRx
<LI><a href="#[37]">&gt;&gt;</a>&nbsp;&nbsp;&nbsp;BleApp_Main
<LI><a href="#[86]">&gt;&gt;</a>&nbsp;&nbsp;&nbsp;RF_Open
<LI><a href="#[84]">&gt;&gt;</a>&nbsp;&nbsp;&nbsp;__2printf
</UL>
<BR>[Address Reference Count : 1]<UL><LI> entry9a.o(.ARM.Collect$$$$0000000B)
</UL>
<P><STRONG><a name="[ab]"></a>rafael_pll_bank_get</STRONG> (Thumb, 94 bytes, Stack size 24 bytes, rf_phy.o(i.rafael_pll_bank_get))
<BR><BR>[Stack]<UL><LI>Max Depth = 52<LI>Call Chain = rafael_pll_bank_get &rArr; __aeabi_idivmod &rArr; __aeabi_uidivmod
</UL>
<BR>[Calls]<UL><LI><a href="#[29]">&gt;&gt;</a>&nbsp;&nbsp;&nbsp;__aeabi_idivmod
<LI><a href="#[2a]">&gt;&gt;</a>&nbsp;&nbsp;&nbsp;__aeabi_uidivmod
</UL>
<BR>[Called By]<UL><LI><a href="#[82]">&gt;&gt;</a>&nbsp;&nbsp;&nbsp;rafael_pll_calibration
</UL>

<P><STRONG><a name="[82]"></a>rafael_pll_calibration</STRONG> (Thumb, 288 bytes, Stack size 24 bytes, rf_phy.o(i.rafael_pll_calibration))
<BR><BR>[Stack]<UL><LI>Max Depth = 164<LI>Call Chain = rafael_pll_calibration &rArr; SPI_PDMA_SetTx &rArr; SPI_PDMA_SetTx_Old &rArr; SPIx_DMA_TxData &rArr; SPIx_DMA_Configure &rArr; DMA_DeInit &rArr; __aeabi_uidivmod
</UL>
<BR>[Calls]<UL><LI><a href="#[55]">&gt;&gt;</a>&nbsp;&nbsp;&nbsp;setChannel_BLE
<LI><a href="#[4e]">&gt;&gt;</a>&nbsp;&nbsp;&nbsp;SPI_PDMA_SetTx
<LI><a href="#[3e]">&gt;&gt;</a>&nbsp;&nbsp;&nbsp;RF_WTR_intOn
<LI><a href="#[56]">&gt;&gt;</a>&nbsp;&nbsp;&nbsp;RF_PLL_VCO_Bank_set
<LI><a href="#[5e]">&gt;&gt;</a>&nbsp;&nbsp;&nbsp;SPI_1BYT_SetTx
<LI><a href="#[7d]">&gt;&gt;</a>&nbsp;&nbsp;&nbsp;SPI_1BYT_SetRx
<LI><a href="#[45]">&gt;&gt;</a>&nbsp;&nbsp;&nbsp;delay_us
<LI><a href="#[80]">&gt;&gt;</a>&nbsp;&nbsp;&nbsp;rafael_reset_phy_fsm
<LI><a href="#[ab]">&gt;&gt;</a>&nbsp;&nbsp;&nbsp;rafael_pll_bank_get
<LI><a href="#[8d]">&gt;&gt;</a>&nbsp;&nbsp;&nbsp;RF_SymbolRate_set
</UL>
<BR>[Called By]<UL><LI><a href="#[7b]">&gt;&gt;</a>&nbsp;&nbsp;&nbsp;RF_Init
</UL>

<P><STRONG><a name="[80]"></a>rafael_reset_phy_fsm</STRONG> (Thumb, 52 bytes, Stack size 16 bytes, rf_phy.o(i.rafael_reset_phy_fsm))
<BR><BR>[Stack]<UL><LI>Max Depth = 32<LI>Call Chain = rafael_reset_phy_fsm &rArr; SPI_1BYT_SetTx
</UL>
<BR>[Calls]<UL><LI><a href="#[5e]">&gt;&gt;</a>&nbsp;&nbsp;&nbsp;SPI_1BYT_SetTx
</UL>
<BR>[Called By]<UL><LI><a href="#[7b]">&gt;&gt;</a>&nbsp;&nbsp;&nbsp;RF_Init
<LI><a href="#[82]">&gt;&gt;</a>&nbsp;&nbsp;&nbsp;rafael_pll_calibration
</UL>

<P><STRONG><a name="[4c]"></a>rafael_reset_phy_fsm_Isr</STRONG> (Thumb, 38 bytes, Stack size 8 bytes, rf_phy.o(i.rafael_reset_phy_fsm_Isr))
<BR><BR>[Stack]<UL><LI>Max Depth = 24<LI>Call Chain = rafael_reset_phy_fsm_Isr &rArr; SPI_1BYT_SetTx_Isr
</UL>
<BR>[Calls]<UL><LI><a href="#[4f]">&gt;&gt;</a>&nbsp;&nbsp;&nbsp;SPI_1BYT_SetTx_Isr
</UL>
<BR>[Called By]<UL><LI><a href="#[64]">&gt;&gt;</a>&nbsp;&nbsp;&nbsp;LLWTR_Isr
<LI><a href="#[49]">&gt;&gt;</a>&nbsp;&nbsp;&nbsp;LLTimer_Isr
</UL>

<P><STRONG><a name="[7f]"></a>rafael_spi_clear_fifo</STRONG> (Thumb, 22 bytes, Stack size 8 bytes, rf_phy.o(i.rafael_spi_clear_fifo))
<BR><BR>[Stack]<UL><LI>Max Depth = 24<LI>Call Chain = rafael_spi_clear_fifo &rArr; SPI_1BYT_SetTx
</UL>
<BR>[Calls]<UL><LI><a href="#[5e]">&gt;&gt;</a>&nbsp;&nbsp;&nbsp;SPI_1BYT_SetTx
</UL>
<BR>[Called By]<UL><LI><a href="#[7b]">&gt;&gt;</a>&nbsp;&nbsp;&nbsp;RF_Init
</UL>

<P><STRONG><a name="[6b]"></a>rafael_spi_clear_tx_fifo_cnt</STRONG> (Thumb, 22 bytes, Stack size 8 bytes, rf_phy.o(i.rafael_spi_clear_tx_fifo_cnt))
<BR><BR>[Stack]<UL><LI>Max Depth = 24<LI>Call Chain = rafael_spi_clear_tx_fifo_cnt &rArr; SPI_1BYT_SetTx
</UL>
<BR>[Calls]<UL><LI><a href="#[5e]">&gt;&gt;</a>&nbsp;&nbsp;&nbsp;SPI_1BYT_SetTx
</UL>
<BR>[Called By]<UL><LI><a href="#[44]">&gt;&gt;</a>&nbsp;&nbsp;&nbsp;LL_GPIO_Isr
<LI><a href="#[7b]">&gt;&gt;</a>&nbsp;&nbsp;&nbsp;RF_Init
</UL>

<P><STRONG><a name="[55]"></a>setChannel_BLE</STRONG> (Thumb, 28 bytes, Stack size 16 bytes, rf_phy.o(i.setChannel_BLE))
<BR><BR>[Stack]<UL><LI>Max Depth = 32<LI>Call Chain = setChannel_BLE &rArr; SPI_1BYT_SetTx_Isr
</UL>
<BR>[Calls]<UL><LI><a href="#[4f]">&gt;&gt;</a>&nbsp;&nbsp;&nbsp;SPI_1BYT_SetTx_Isr
</UL>
<BR>[Called By]<UL><LI><a href="#[49]">&gt;&gt;</a>&nbsp;&nbsp;&nbsp;LLTimer_Isr
<LI><a href="#[82]">&gt;&gt;</a>&nbsp;&nbsp;&nbsp;rafael_pll_calibration
</UL>

<P><STRONG><a name="[8c]"></a>spiGpioWriteReg</STRONG> (Thumb, 236 bytes, Stack size 32 bytes, main.o(i.spiGpioWriteReg))
<BR><BR>[Stack]<UL><LI>Max Depth = 52<LI>Call Chain = spiGpioWriteReg &rArr; delay_us &rArr; __aeabi_uidivmod
</UL>
<BR>[Calls]<UL><LI><a href="#[45]">&gt;&gt;</a>&nbsp;&nbsp;&nbsp;delay_us
</UL>
<BR>[Called By]<UL><LI><a href="#[8a]">&gt;&gt;</a>&nbsp;&nbsp;&nbsp;RF_SpiIoMapping
</UL>
<P>
<H3>
Local Symbols
</H3>
<P><STRONG><a name="[a2]"></a>SetSysClockTo48</STRONG> (Thumb, 194 bytes, Stack size 20 bytes, system_mm32f032xx_s.o(i.SetSysClockTo48))
<BR><BR>[Stack]<UL><LI>Max Depth = 20<LI>Call Chain = SetSysClockTo48
</UL>
<BR>[Called By]<UL><LI><a href="#[21]">&gt;&gt;</a>&nbsp;&nbsp;&nbsp;SystemInit
</UL>

<P><STRONG><a name="[86]"></a>RF_Open</STRONG> (Thumb, 98 bytes, Stack size 16 bytes, main.o(i.RF_Open))
<BR><BR>[Stack]<UL><LI>Max Depth = 356<LI>Call Chain = RF_Open &rArr; RF_Init &rArr; Ble_SW_Init &rArr; RF_Tmr_Periodic_initial &rArr; RF_Tmr_Periodic_set_ISR &rArr; SPI_PDMA_SetTx &rArr; SPI_PDMA_SetTx_Old &rArr; SPIx_DMA_TxData &rArr; SPIx_DMA_Configure &rArr; DMA_DeInit &rArr; __aeabi_uidivmod
</UL>
<BR>[Calls]<UL><LI><a href="#[87]">&gt;&gt;</a>&nbsp;&nbsp;&nbsp;SysTick_DelayMs
<LI><a href="#[7b]">&gt;&gt;</a>&nbsp;&nbsp;&nbsp;RF_Init
<LI><a href="#[74]">&gt;&gt;</a>&nbsp;&nbsp;&nbsp;RCC_AHBPeriphClockCmd
<LI><a href="#[75]">&gt;&gt;</a>&nbsp;&nbsp;&nbsp;GPIO_StructInit
<LI><a href="#[88]">&gt;&gt;</a>&nbsp;&nbsp;&nbsp;GPIO_SetBits
<LI><a href="#[89]">&gt;&gt;</a>&nbsp;&nbsp;&nbsp;GPIO_ResetBits
<LI><a href="#[76]">&gt;&gt;</a>&nbsp;&nbsp;&nbsp;GPIO_Init
<LI><a href="#[8a]">&gt;&gt;</a>&nbsp;&nbsp;&nbsp;RF_SpiIoMapping
</UL>
<BR>[Called By]<UL><LI><a href="#[20]">&gt;&gt;</a>&nbsp;&nbsp;&nbsp;main
</UL>

<P><STRONG><a name="[a1]"></a>NVIC_SetPriority</STRONG> (Thumb, 60 bytes, Stack size 0 bytes, systick.o(i.NVIC_SetPriority))
<BR><BR>[Called By]<UL><LI><a href="#[a0]">&gt;&gt;</a>&nbsp;&nbsp;&nbsp;SysTick_Init
</UL>

<P><STRONG><a name="[a8]"></a>_printf_core</STRONG> (Thumb, 680 bytes, Stack size 96 bytes, printf5.o(i._printf_core), UNUSED)
<BR><BR>[Calls]<UL><LI><a href="#[2e]">&gt;&gt;</a>&nbsp;&nbsp;&nbsp;__aeabi_uldivmod
</UL>
<BR>[Called By]<UL><LI><a href="#[a7]">&gt;&gt;</a>&nbsp;&nbsp;&nbsp;__0printf$5
</UL>
<P>
<H3>
Undefined Global Symbols
</H3>
<P><STRONG><a name="[27]"></a>__arm_fini_</STRONG> (Unknown, 0 bytes, Stack size 0 bytes, UNDEFINED)
<BR><BR>[Called By]<UL><LI><a href="#[26]">&gt;&gt;</a>&nbsp;&nbsp;&nbsp;__rt_lib_shutdown_fini
</UL>
<HR></body></html>
