Component: ARM Compiler 5.06 update 7 (build 960) Tool: armlink [4d3601]

==============================================================================

Section Cross References

    system_mm32f032xx_s.o(i.AutoCalPllFactor) refers to uidiv.o(.text) for __aeabi_uidivmod
    system_mm32f032xx_s.o(i.SystemInit) refers to system_mm32f032xx_s.o(i.SetSysClockTo48) for SetSysClockTo48
    startup_mm32f032xx_s_keil.o(RESET) refers to startup_mm32f032xx_s_keil.o(STACK) for __initial_sp
    startup_mm32f032xx_s_keil.o(RESET) refers to startup_mm32f032xx_s_keil.o(.text) for Reset_Handler
    startup_mm32f032xx_s_keil.o(RESET) refers to systick.o(i.SysTick_Handler) for SysTick_Handler
    startup_mm32f032xx_s_keil.o(RESET) refers to bsp_irq_gpio.o(i.EXTI4_15_IRQHandler) for EXTI4_15_IRQHandler
    startup_mm32f032xx_s_keil.o(RESET) refers to spi.o(i.DMA1_Channel2_3_IRQHandler) for DMA1_Channel2_3_IRQHandler
    startup_mm32f032xx_s_keil.o(RESET) refers to spi.o(i.DMA1_Channel4_5_IRQHandler) for DMA1_Channel4_5_IRQHandler
    startup_mm32f032xx_s_keil.o(.text) refers to startup_mm32f032xx_s_keil.o(STACK) for __initial_sp
    startup_mm32f032xx_s_keil.o(.text) refers to system_mm32f032xx_s.o(i.SystemInit) for SystemInit
    startup_mm32f032xx_s_keil.o(.text) refers to entry.o(.ARM.Collect$$$$00000000) for __main
    main.o(i.BleApp_Main) refers to kernel.o(i.Knl_CodeCpy) for Knl_CodeCpy
    main.o(i.BleApp_Main) refers to main.o(.data) for .data
    main.o(i.BleApp_Main) refers to ll.o(.bss) for LL_Adv_Para
    main.o(i.BleApp_Main) refers to ll.o(.data) for Ch_ADV_Ch_Hop_Table
    main.o(i.BleApp_Main) refers to ll.o(.data) for LL_Msg_AdvScnConn
    main.o(i.RF_Open) refers to systick.o(i.SysTick_DelayMs) for SysTick_DelayMs
    main.o(i.RF_Open) refers to hal_rcc.o(i.RCC_AHBPeriphClockCmd) for RCC_AHBPeriphClockCmd
    main.o(i.RF_Open) refers to hal_gpio.o(i.GPIO_StructInit) for GPIO_StructInit
    main.o(i.RF_Open) refers to hal_gpio.o(i.GPIO_Init) for GPIO_Init
    main.o(i.RF_Open) refers to hal_gpio.o(i.GPIO_SetBits) for GPIO_SetBits
    main.o(i.RF_Open) refers to hal_gpio.o(i.GPIO_ResetBits) for GPIO_ResetBits
    main.o(i.RF_Open) refers to main.o(i.RF_SpiIoMapping) for RF_SpiIoMapping
    main.o(i.RF_Open) refers to rf_phy.o(i.RF_Init) for RF_Init
    main.o(i.RF_SpiIoMapping) refers to main.o(i.SPI_GPIO_Init) for SPI_GPIO_Init
    main.o(i.RF_SpiIoMapping) refers to main.o(i.delay_us) for delay_us
    main.o(i.RF_SpiIoMapping) refers to main.o(i.spiGpioWriteReg) for spiGpioWriteReg
    main.o(i.RF_SpiIoMapping) refers to systick.o(i.SysTick_DelayMs) for SysTick_DelayMs
    main.o(i.RF_SpiIoMapping) refers to bsp_irq_gpio.o(i.MCU_GpioPinInit) for MCU_GpioPinInit
    main.o(i.RF_SpiIoMapping) refers to bsp_spi_ble.o(i.BSP_SPI_BLE_Init) for BSP_SPI_BLE_Init
    main.o(i.RF_SpiIoMapping) refers to bsp_spi_ble.o(i.SPI_1BYT_SetTx) for SPI_1BYT_SetTx
    main.o(i.SPI_GPIO_Init) refers to hal_rcc.o(i.RCC_AHBPeriphClockCmd) for RCC_AHBPeriphClockCmd
    main.o(i.SPI_GPIO_Init) refers to hal_gpio.o(i.GPIO_StructInit) for GPIO_StructInit
    main.o(i.SPI_GPIO_Init) refers to hal_gpio.o(i.GPIO_Init) for GPIO_Init
    main.o(i.delay_ms) refers to uidiv.o(.text) for __aeabi_uidivmod
    main.o(i.delay_ms) refers to main.o(.emb_text) for SysCtlDelay
    main.o(i.delay_ms) refers to system_mm32f032xx_s.o(.data) for SystemCoreClock
    main.o(i.delay_us) refers to uidiv.o(.text) for __aeabi_uidivmod
    main.o(i.delay_us) refers to main.o(.emb_text) for SysCtlDelay
    main.o(i.delay_us) refers to system_mm32f032xx_s.o(.data) for SystemCoreClock
    main.o(i.main) refers to systick.o(i.SysTick_Init) for SysTick_Init
    main.o(i.main) refers to uart.o(i.UARTx_Configure) for UARTx_Configure
    main.o(i.main) refers to main.o(i.RF_Open) for RF_Open
    main.o(i.main) refers to printf5.o(i.__0printf$5) for __2printf
    main.o(i.main) refers to bsp_spi_ble.o(i.SPI_1BYT_SetRx) for SPI_1BYT_SetRx
    main.o(i.main) refers to main.o(i.BleApp_Main) for BleApp_Main
    main.o(i.spiGpioWriteReg) refers to main.o(i.delay_us) for delay_us
    ll.o(i.LLTimer_TmrRefUpd_Isr) refers to ll.o(.data) for .data
    ll.o(i.LLTimer_TmrRefUpd_Isr) refers to rf_phy.o(.data) for Timeline24
    ll.o(i.LL_ReleaseConnID) refers to kernel.o(i.Knl_CodeCpy) for Knl_CodeCpy
    ll.o(i.LL_ReleaseConnID) refers to ll.o(.bss) for .bss
    ll.o(i.LL_TmrBlk_Pt_PairRst) refers to ll.o(.data) for .data
    ll.o(i.LL_TmrBlk_Pt_PairRst) refers to ll.o(.bss) for .bss
    ll.o(i.LL_TmrBlk_Rls) refers to ll.o(.data) for .data
    ll.o(i.LL_TmrBlk_Rls) refers to ll.o(.bss) for .bss
    ll.o(i.LL_TmrBlk_Rls_Pair) refers to ll.o(.data) for .data
    ll.o(i.LL_TmrBlk_Rls_Pair) refers to ll.o(.bss) for .bss
    ll.o(i.RF_cmpFIFO_BDAddr) refers to kernel.o(i.Knl_MemComp_Isr) for Knl_MemComp_Isr
    ll.o(i.RF_cmpFIFO_BDAddr) refers to ll.o(.bss) for .bss
    ll.o(i.RF_cmpFIFO_BDAddr) refers to ll.o(.data) for .data
[...]
    Removing hal_bkp.o(i.BKP_GetITStatus), (16 bytes).
    Removing hal_bkp.o(i.BKP_ITConfig), (24 bytes).
    Removing hal_bkp.o(i.BKP_RTCOutputConfig), (20 bytes).
    Removing hal_bkp.o(i.BKP_ReadBackupRegister), (12 bytes).
    Removing hal_bkp.o(i.BKP_SetRTCCalibrationValue), (20 bytes).
    Removing hal_bkp.o(i.BKP_TamperPinCmd), (28 bytes).
    Removing hal_bkp.o(i.BKP_TamperPinLevelConfig), (12 bytes).
    Removing hal_bkp.o(i.BKP_WriteBackupRegister), (12 bytes).
    Removing hal_bkp.o(i.exBKP_ImmRead), (32 bytes).
    Removing hal_bkp.o(i.exBKP_ImmWrite), (36 bytes).
    Removing hal_bkp.o(i.exBKP_Init), (28 bytes).
    Removing hal_crc.o(.rev16_text), (4 bytes).
    Removing hal_crc.o(.revsh_text), (4 bytes).
    Removing hal_crc.o(i.CRC_CalcBlockCRC), (28 bytes).
    Removing hal_crc.o(i.CRC_CalcCRC), (16 bytes).
    Removing hal_crc.o(i.CRC_GetCRC), (12 bytes).
    Removing hal_crc.o(i.CRC_GetIDRegister), (12 bytes).
    Removing hal_crc.o(i.CRC_ResetDR), (12 bytes).
    Removing hal_crc.o(i.CRC_SetIDRegister), (12 bytes).
    Removing hal_dbg.o(.rev16_text), (4 bytes).
    Removing hal_dbg.o(.revsh_text), (4 bytes).
    Removing hal_dbg.o(i.DBGMCU_Configure), (24 bytes).
    Removing hal_dma.o(.rev16_text), (4 bytes).
    Removing hal_dma.o(.revsh_text), (4 bytes).
    Removing hal_dma.o(i.DMA_ClearFlag), (12 bytes).
    Removing hal_dma.o(i.DMA_GetCurrDataCounter), (6 bytes).
    Removing hal_dma.o(i.DMA_GetFlagStatus), (20 bytes).
    Removing hal_dma.o(i.exDMA_ClearITPendingBit), (36 bytes).
    Removing hal_dma.o(i.exDMA_SetMemoryAddress), (4 bytes).
    Removing hal_dma.o(i.exDMA_SetPeripheralAddress), (4 bytes).
    Removing hal_dma.o(i.exDMA_SetTransmitLen), (4 bytes).
    Removing hal_exti.o(.rev16_text), (4 bytes).
    Removing hal_exti.o(.revsh_text), (4 bytes).
    Removing hal_exti.o(i.EXTI_ClearFlag), (12 bytes).
    Removing hal_exti.o(i.EXTI_DMAChannelRemapConfig), (24 bytes).
    Removing hal_exti.o(i.EXTI_DeInit), (36 bytes).
    Removing hal_exti.o(i.EXTI_GenerateSWInterrupt), (16 bytes).
    Removing hal_exti.o(i.EXTI_GetFlagStatus), (20 bytes).
    Removing hal_exti.o(i.EXTI_MemoryRemapConfig), (20 bytes).
    Removing hal_exti.o(i.EXTI_StructInit), (14 bytes).
    Removing hal_exti.o(i.exEXTI_GetAllFlagStatus), (12 bytes).
    Removing hal_flash.o(.rev16_text), (4 bytes).
    Removing hal_flash.o(.revsh_text), (4 bytes).
    Removing hal_flash.o(i.FLASH_ClearFlag), (12 bytes).
    Removing hal_flash.o(i.FLASH_EnableWriteProtection), (44 bytes).
    Removing hal_flash.o(i.FLASH_EraseAllPages), (36 bytes).
    Removing hal_flash.o(i.FLASH_EraseOptionBytes), (40 bytes).
    Removing hal_flash.o(i.FLASH_ErasePage), (40 bytes).
    Removing hal_flash.o(i.FLASH_EraseProtect), (40 bytes).
    Removing hal_flash.o(i.FLASH_GetFlagStatus), (36 bytes).
    Removing hal_flash.o(i.FLASH_GetPrefetchBufferStatus), (16 bytes).
    Removing hal_flash.o(i.FLASH_GetStatus), (40 bytes).
    Removing hal_flash.o(i.FLASH_GetUserOptionByte), (12 bytes).
    Removing hal_flash.o(i.FLASH_GetWriteProtectionOptionByte), (12 bytes).
    Removing hal_flash.o(i.FLASH_HalfCycleAccessCmd), (24 bytes).
    Removing hal_flash.o(i.FLASH_ITConfig), (24 bytes).
    Removing hal_flash.o(i.FLASH_Lock), (16 bytes).
    Removing hal_flash.o(i.FLASH_OPTB_Enable), (24 bytes).
    Removing hal_flash.o(i.FLASH_PrefetchBufferCmd), (24 bytes).
    Removing hal_flash.o(i.FLASH_ProgramHalfWord), (28 bytes).
    Removing hal_flash.o(i.FLASH_ProgramOptionByteData), (36 bytes).
    Removing hal_flash.o(i.FLASH_ProgramOptionHalfWord), (36 bytes).
    Removing hal_flash.o(i.FLASH_ProgramProtect), (8 bytes).
    Removing hal_flash.o(i.FLASH_ProgramWord), (26 bytes).
    Removing hal_flash.o(i.FLASH_SetLatency), (20 bytes).
    Removing hal_flash.o(i.FLASH_Unlock), (24 bytes).
    Removing hal_flash.o(i.FLASH_UserOptionByteConfig), (60 bytes).
    Removing hal_flash.o(i.FLASH_WaitForLastOperation), (48 bytes).
    Removing hal_flash.o(i.exFLASH_EraseEE), (20 bytes).
    Removing hal_flash.o(i.exFLASH_FindEmpty), (40 bytes).
    Removing hal_flash.o(i.exFLASH_Locate), (60 bytes).
    Removing hal_flash.o(i.exFLASH_ProgramEE), (42 bytes).
    Removing hal_flash.o(i.exFLASH_ReadEE), (20 bytes).
    Removing hal_flash.o(i.exFLASH_WriteEE), (96 bytes).
    Removing hal_iwdg.o(.rev16_text), (4 bytes).
    Removing hal_iwdg.o(.revsh_text), (4 bytes).
    Removing hal_iwdg.o(i.IWDG_ClearIT), (16 bytes).
    Removing hal_iwdg.o(i.IWDG_ClearITPendingBit), (16 bytes).
    Removing hal_iwdg.o(i.IWDG_Enable), (16 bytes).
    Removing hal_iwdg.o(i.IWDG_EnableIT), (16 bytes).
    Removing hal_iwdg.o(i.IWDG_GetFlagStatus), (20 bytes).
    Removing hal_iwdg.o(i.IWDG_GetReload), (12 bytes).
    Removing hal_iwdg.o(i.IWDG_OverflowConfig), (24 bytes).
    Removing hal_iwdg.o(i.IWDG_ReloadCounter), (16 bytes).
    Removing hal_iwdg.o(i.IWDG_Reset), (16 bytes).
    Removing hal_iwdg.o(i.IWDG_SetPrescaler), (16 bytes).
    Removing hal_iwdg.o(i.IWDG_SetReload), (16 bytes).
    Removing hal_iwdg.o(i.IWDG_WriteAccessCmd), (12 bytes).
    Removing hal_iwdg.o(i.PVU_CheckStatus), (14 bytes).
    Removing hal_iwdg.o(i.RVU_CheckStatus), (14 bytes).
    Removing hal_misc.o(.rev16_text), (4 bytes).
    Removing hal_misc.o(.revsh_text), (4 bytes).
    Removing hal_misc.o(i.NVIC_SystemLPConfig), (24 bytes).
    Removing hal_misc.o(i.SysTick_CLKSourceConfig), (24 bytes).
    Removing hal_misc.o(i.exNVIC_Init), (80 bytes).
    Removing hal_pwr.o(.rev16_text), (4 bytes).
    Removing hal_pwr.o(.revsh_text), (4 bytes).
    Removing hal_pwr.o(i.PWR_BackupAccessCmd), (24 bytes).
    Removing hal_pwr.o(i.PWR_ClearFlag), (16 bytes).
    Removing hal_pwr.o(i.PWR_DeInit), (12 bytes).
    Removing hal_pwr.o(i.PWR_EnterSTANDBYMode), (32 bytes).
    Removing hal_pwr.o(i.PWR_EnterSTOPMode), (40 bytes).
    Removing hal_pwr.o(i.PWR_GetFlagStatus), (16 bytes).
    Removing hal_pwr.o(i.PWR_PVDCmd), (24 bytes).
    Removing hal_pwr.o(i.PWR_PVDLevelConfig), (20 bytes).
    Removing hal_pwr.o(i.PWR_WakeUpPinCmd), (24 bytes).
    Removing hal_pwr.o(i.exPWR_EnterLowPowerMode), (48 bytes).
    Removing hal_rtc.o(.rev16_text), (4 bytes).
    Removing hal_rtc.o(.revsh_text), (4 bytes).
    Removing hal_rtc.o(i.RTC_ClearFlag), (16 bytes).
    Removing hal_rtc.o(i.RTC_ClearITPendingBit), (16 bytes).
    Removing hal_rtc.o(i.RTC_EnterConfigMode), (16 bytes).
    Removing hal_rtc.o(i.RTC_ExitConfigMode), (24 bytes).
    Removing hal_rtc.o(i.RTC_GetCounter), (16 bytes).
    Removing hal_rtc.o(i.RTC_GetDivider), (20 bytes).
    Removing hal_rtc.o(i.RTC_GetFlagStatus), (12 bytes).
    Removing hal_rtc.o(i.RTC_GetITStatus), (12 bytes).
    Removing hal_rtc.o(i.RTC_ITConfig), (28 bytes).
    Removing hal_rtc.o(i.RTC_SetAlarm), (28 bytes).
    Removing hal_rtc.o(i.RTC_SetCounter), (28 bytes).
    Removing hal_rtc.o(i.RTC_SetPrescaler), (28 bytes).
    Removing hal_rtc.o(i.RTC_WaitForLastTask), (16 bytes).
    Removing hal_rtc.o(i.RTC_WaitForSynchro), (24 bytes).
    Removing hal_rtc.o(.data), (1 bytes).
    Removing hal_spi.o(.rev16_text), (4 bytes).
    Removing hal_spi.o(.revsh_text), (4 bytes).
    Removing hal_spi.o(i.SPI_ClearITPendingBit), (8 bytes).
    Removing hal_spi.o(i.SPI_DataSizeConfig), (22 bytes).
    Removing hal_spi.o(i.SPI_DeInit), (60 bytes).
    Removing hal_spi.o(i.SPI_FifoTrigger), (16 bytes).
    Removing hal_spi.o(i.SPI_GetFlagStatus), (10 bytes).
    Removing hal_spi.o(i.SPI_GetITStatus), (10 bytes).
    Removing hal_spi.o(i.SPI_ITConfig), (34 bytes).
    Removing hal_spi.o(i.SPI_NSSInternalSoftwareConfig), (20 bytes).
    Removing hal_spi.o(i.SPI_ReceiveData), (52 bytes).
    Removing hal_spi.o(i.SPI_RxBytes), (4 bytes).
    Removing hal_spi.o(i.SPI_SendData), (44 bytes).
    Removing hal_spi.o(i.SPI_SlaveAdjust), (18 bytes).
    Removing hal_spi.o(i.exSPI_CSInternalSelected), (20 bytes).
    Removing hal_spi.o(i.exSPI_DMACmd), (20 bytes).
    Removing hal_spi.o(i.exSPI_DataEdgeAdjust), (30 bytes).
    Removing hal_spi.o(i.exSPI_ITCmd), (18 bytes).
    Removing hal_spi.o(i.exSPI_ITConfig), (16 bytes).
    Removing hal_uart.o(.rev16_text), (4 bytes).
    Removing hal_uart.o(.revsh_text), (4 bytes).
    Removing hal_uart.o(i.UART_ClearITPendingBit), (4 bytes).
    Removing hal_uart.o(i.UART_DMACmd), (14 bytes).
    Removing hal_uart.o(i.UART_DeInit), (44 bytes).
    Removing hal_uart.o(i.UART_Enable9bit), (16 bytes).
    Removing hal_uart.o(i.UART_GetITStatus), (10 bytes).
    Removing hal_uart.o(i.UART_HalfDuplexCmd), (16 bytes).
    Removing hal_uart.o(i.UART_ITConfig), (16 bytes).
    Removing hal_uart.o(i.UART_ReceiveData), (6 bytes).
    Removing hal_uart.o(i.UART_ReceiverWakeUpCmd), (16 bytes).
    Removing hal_uart.o(i.UART_SendBreak), (10 bytes).
    Removing hal_uart.o(i.UART_Set9bitAutomaticToggle), (16 bytes).
    Removing hal_uart.o(i.UART_Set9bitLevel), (16 bytes).
    Removing hal_uart.o(i.UART_Set9bitPolarity), (14 bytes).
    Removing hal_uart.o(i.UART_SetGuardTime), (16 bytes).
    Removing hal_uart.o(i.UART_SetRXAddress), (12 bytes).
    Removing hal_uart.o(i.UART_SetRXMASK), (12 bytes).
    Removing hal_uart.o(i.UART_SmartCardCmd), (12 bytes).
    Removing hal_uart.o(i.UART_SmartCardNACKCmd), (14 bytes).
    Removing hal_uart.o(i.UART_WakeUpConfig), (14 bytes).
    Removing hal_uid.o(.rev16_text), (4 bytes).
    Removing hal_uid.o(.revsh_text), (4 bytes).
    Removing hal_uid.o(i.GetChipUID), (28 bytes).
    Removing hal_uid.o(.bss), (12 bytes).
    Removing hal_wwdg.o(.rev16_text), (4 bytes).
    Removing hal_wwdg.o(.revsh_text), (4 bytes).
    Removing hal_wwdg.o(i.WWDG_ClearFlag), (16 bytes).
    Removing hal_wwdg.o(i.WWDG_DeInit), (12 bytes).
    Removing hal_wwdg.o(i.WWDG_Enable), (16 bytes).
    Removing hal_wwdg.o(i.WWDG_EnableIT), (16 bytes).
    Removing hal_wwdg.o(i.WWDG_GetCounter), (16 bytes).
    Removing hal_wwdg.o(i.WWDG_GetFlagStatus), (16 bytes).
    Removing hal_wwdg.o(i.WWDG_SetCounter), (16 bytes).
    Removing hal_wwdg.o(i.WWDG_SetPrescaler), (20 bytes).
    Removing hal_wwdg.o(i.WWDG_SetWindowValue), (24 bytes).
    Removing dadd.o(.text), (360 bytes).
    Removing dmul.o(.text), (208 bytes).
    Removing ddiv.o(.text), (240 bytes).
    Removing dfixul.o(.text), (64 bytes).
    Removing cdrcmple.o(.text), (40 bytes).
    Removing depilogue.o(.text), (190 bytes).
    Removing depilogue.o(i.__ARM_clz), (46 bytes).

487 unused section(s) (total 16013 bytes) removed from the image.

==============================================================================

Image Symbol Table

    Local Symbols

    Symbol Name                              Value     Ov Type        Size  Object(Section)

    ../clib/../cmprslib/zerorunl2.c          0x00000000   Number         0  __dczerorl2.o ABSOLUTE
    ../clib/microlib/division.c              0x00000000   Number         0  uidiv.o ABSOLUTE
    ../clib/microlib/division.c              0x00000000   Number         0  idiv.o ABSOLUTE
    ../clib/microlib/division.c              0x00000000   Number         0  uldiv.o ABSOLUTE
    ../clib/microlib/init/entry.s            0x00000000   Number         0  entry12a.o ABSOLUTE
    ../clib/microlib/init/entry.s            0x00000000   Number         0  entry7a.o ABSOLUTE
    ../clib/microlib/init/entry.s            0x00000000   Number         0  entry11a.o ABSOLUTE
    ../clib/microlib/init/entry.s            0x00000000   Number         0  entry11b.o ABSOLUTE
    ../clib/microlib/init/entry.s            0x00000000   Number         0  entry7b.o ABSOLUTE
    ../clib/microlib/init/entry.s            0x00000000   Number         0  entry12b.o ABSOLUTE
    ../clib/microlib/init/entry.s            0x00000000   Number         0  entry8a.o ABSOLUTE
    ../clib/microlib/init/entry.s            0x00000000   Number         0  entry8b.o ABSOLUTE
    ../clib/microlib/init/entry.s            0x00000000   Number         0  entry5.o ABSOLUTE
    ../clib/microlib/init/entry.s            0x00000000   Number         0  entry9a.o ABSOLUTE
    ../clib/microlib/init/entry.s            0x00000000   Number         0  entry9b.o ABSOLUTE
    ../clib/microlib/init/entry.s            0x00000000   Number         0  entry10a.o ABSOLUTE
    ../clib/microlib/init/entry.s            0x00000000   Number         0  entry10b.o ABSOLUTE
    ../clib/microlib/init/entry.s            0x00000000   Number         0  entry.o ABSOLUTE
    ../clib/microlib/init/entry.s            0x00000000   Number         0  entry2.o ABSOLUTE
    ../clib/microlib/longlong.c              0x00000000   Number         0  llshl.o ABSOLUTE
    ../clib/microlib/longlong.c              0x00000000   Number         0  llsshr.o ABSOLUTE
    ../clib/microlib/longlong.c              0x00000000   Number         0  llushr.o ABSOLUTE
    ../clib/microlib/printf/printf.c         0x00000000   Number         0  printf6.o ABSOLUTE
    ../clib/microlib/printf/printf.c         0x00000000   Number         0  printf5.o ABSOLUTE
    ../clib/microlib/printf/printf.c         0x00000000   Number         0  printf8.o ABSOLUTE
    ../clib/microlib/printf/printf.c         0x00000000   Number         0  printf7.o ABSOLUTE
    ../clib/microlib/printf/printf.c         0x00000000   Number         0  printf4.o ABSOLUTE
    ../clib/microlib/printf/printf.c         0x00000000   Number         0  printf3.o ABSOLUTE
    ../clib/microlib/printf/printf.c         0x00000000   Number         0  printf2.o ABSOLUTE
    ../clib/microlib/printf/printf.c         0x00000000   Number         0  printf1.o ABSOLUTE
    ../clib/microlib/printf/printf.c         0x00000000   Number         0  printfa.o ABSOLUTE
    ../clib/microlib/printf/printf.c         0x00000000   Number         0  printf0.o ABSOLUTE
    ../clib/microlib/printf/printf.c         0x00000000   Number         0  printfb.o ABSOLUTE
    ../clib/microlib/printf/stubs.s          0x00000000   Number         0  stubs.o ABSOLUTE
    ../clib/microlib/stdio/streams.c         0x00000000   Number         0  stdout.o ABSOLUTE
    ../clib/microlib/string/memcmp.c         0x00000000   Number         0  memcmp.o ABSOLUTE
    ../clib/microlib/string/memcpy.c         0x00000000   Number         0  memcpya.o ABSOLUTE
    ../clib/microlib/string/memcpy.c         0x00000000   Number         0  memcpyb.o ABSOLUTE
    ../clib/microlib/string/memset.c         0x00000000   Number         0  memseta.o ABSOLUTE
    ../clib/microlib/stubs.s                 0x00000000   Number         0  iusefp.o ABSOLUTE
    ../fplib/microlib/fpadd.c                0x00000000   Number         0  dadd.o ABSOLUTE
    ../fplib/microlib/fpdiv.c                0x00000000   Number         0  ddiv.o ABSOLUTE
    ../fplib/microlib/fpepilogue.c           0x00000000   Number         0  depilogue.o ABSOLUTE
    ../fplib/microlib/fpfix.c                0x00000000   Number         0  dfixul.o ABSOLUTE
    ../fplib/microlib/fpmul.c                0x00000000   Number         0  dmul.o ABSOLUTE
    ..\..\..\2_Device\MM32F032xx_s\HAL_lib\src\HAL_adc.c 0x00000000   Number         0  hal_adc.o ABSOLUTE
    ..\..\..\2_Device\MM32F032xx_s\HAL_lib\src\HAL_bkp.c 0x00000000   Number         0  hal_bkp.o ABSOLUTE
    ..\..\..\2_Device\MM32F032xx_s\HAL_lib\src\HAL_crc.c 0x00000000   Number         0  hal_crc.o ABSOLUTE
    ..\..\..\2_Device\MM32F032xx_s\HAL_lib\src\HAL_dbg.c 0x00000000   Number         0  hal_dbg.o ABSOLUTE
    ..\..\..\2_Device\MM32F032xx_s\HAL_lib\src\HAL_dma.c 0x00000000   Number         0  hal_dma.o ABSOLUTE
    ..\..\..\2_Device\MM32F032xx_s\HAL_lib\src\HAL_exti.c 0x00000000   Number         0  hal_exti.o ABSOLUTE
    ..\..\..\2_Device\MM32F032xx_s\HAL_lib\src\HAL_flash.c 0x00000000   Number         0  hal_flash.o ABSOLUTE
    ..\..\..\2_Device\MM32F032xx_s\HAL_lib\src\HAL_gpio.c 0x00000000   Number         0  hal_gpio.o ABSOLUTE
    ..\..\..\2_Device\MM32F032xx_s\HAL_lib\src\HAL_i2c.c 0x00000000   Number         0  hal_i2c.o ABSOLUTE
    ..\..\..\2_Device\MM32F032xx_s\HAL_lib\src\HAL_iwdg.c 0x00000000   Number         0  hal_iwdg.o ABSOLUTE
    ..\..\..\2_Device\MM32F032xx_s\HAL_lib\src\HAL_misc.c 0x00000000   Number         0  hal_misc.o ABSOLUTE
    ..\..\..\2_Device\MM32F032xx_s\HAL_lib\src\HAL_pwr.c 0x00000000   Number         0  hal_pwr.o ABSOLUTE
    ..\..\..\2_Device\MM32F032xx_s\HAL_lib\src\HAL_rcc.c 0x00000000   Number         0  hal_rcc.o ABSOLUTE
    ..\..\..\2_Device\MM32F032xx_s\HAL_lib\src\HAL_rtc.c 0x00000000   Number         0  hal_rtc.o ABSOLUTE
    ..\..\..\2_Device\MM32F032xx_s\HAL_lib\src\HAL_spi.c 0x00000000   Number         0  hal_spi.o ABSOLUTE
    ..\..\..\2_Device\MM32F032xx_s\HAL_lib\src\HAL_tim.c 0x00000000   Number         0  hal_tim.o ABSOLUTE
    ..\..\..\2_Device\MM32F032xx_s\HAL_lib\src\HAL_uart.c 0x00000000   Number         0  hal_uart.o ABSOLUTE
    ..\..\..\2_Device\MM32F032xx_s\HAL_lib\src\HAL_uid.c 0x00000000   Number         0  hal_uid.o ABSOLUTE
    ..\..\..\2_Device\MM32F032xx_s\HAL_lib\src\HAL_ver.c 0x00000000   Number         0  hal_ver.o ABSOLUTE
    ..\..\..\2_Device\MM32F032xx_s\HAL_lib\src\HAL_wwdg.c 0x00000000   Number         0  hal_wwdg.o ABSOLUTE
    ..\..\..\2_Device\MM32F032xx_s\Source\KEIL_StartAsm\startup_MM32F032xx_s_KEIL.s 0x00000000   Number         0  startup_mm32f032xx_s_keil.o ABSOLUTE
    ..\..\..\2_Device\MM32F032xx_s\Source\system_MM32F032xx_s.c 0x00000000   Number         0  system_mm32f032xx_s.o ABSOLUTE
    ..\APP\main.c                            0x00000000   Number         0  main.o ABSOLUTE
    ..\APP\rf_source\LL.c                    0x00000000   Number         0  ll.o ABSOLUTE
    ..\APP\rf_source\LL_open.c               0x00000000   Number         0  ll_open.o ABSOLUTE
    ..\APP\rf_source\kernel.c                0x00000000   Number         0  kernel.o ABSOLUTE
    ..\APP\rf_source\rf_phy.c                0x00000000   Number         0  rf_phy.o ABSOLUTE
    ..\BSP\bsp_irq_gpio.c                    0x00000000   Number         0  bsp_irq_gpio.o ABSOLUTE
    ..\BSP\bsp_spi_ble.c                     0x00000000   Number         0  bsp_spi_ble.o ABSOLUTE
    ..\Peripheral\spi.c                      0x00000000   Number         0  spi.o ABSOLUTE
    ..\Peripheral\systick.c                  0x00000000   Number         0  systick.o ABSOLUTE
    ..\Peripheral\uart.c                     0x00000000   Number         0  uart.o ABSOLUTE
    ..\\..\\..\\2_Device\\MM32F032xx_s\\HAL_lib\\src\\HAL_adc.c 0x00000000   Number         0  hal_adc.o ABSOLUTE
    ..\\..\\..\\2_Device\\MM32F032xx_s\\HAL_lib\\src\\HAL_bkp.c 0x00000000   Number         0  hal_bkp.o ABSOLUTE
    ..\\..\\..\\2_Device\\MM32F032xx_s\\HAL_lib\\src\\HAL_crc.c 0x00000000   Number         0  hal_crc.o ABSOLUTE
    ..\\..\\..\\2_Device\\MM32F032xx_s\\HAL_lib\\src\\HAL_dbg.c 0x00000000   Number         0  hal_dbg.o ABSOLUTE
    ..\\..\\..\\2_Device\\MM32F032xx_s\\HAL_lib\\src\\HAL_dma.c 0x00000000   Number         0  hal_dma.o ABSOLUTE
    ..\\..\\..\\2_Device\\MM32F032xx_s\\HAL_lib\\src\\HAL_exti.c 0x00000000   Number         0  hal_exti.o ABSOLUTE
    ..\\..\\..\\2_Device\\MM32F032xx_s\\HAL_lib\\src\\HAL_flash.c 0x00000000   Number         0  hal_flash.o ABSOLUTE
    ..\\..\\..\\2_Device\\MM32F032xx_s\\HAL_lib\\src\\HAL_gpio.c 0x00000000   Number         0  hal_gpio.o ABSOLUTE
    ..\\..\\..\\2_Device\\MM32F032xx_s\\HAL_lib\\src\\HAL_i2c.c 0x00000000   Number         0  hal_i2c.o ABSOLUTE
    ..\\..\\..\\2_Device\\MM32F032xx_s\\HAL_lib\\src\\HAL_iwdg.c 0x00000000   Number         0  hal_iwdg.o ABSOLUTE
    ..\\..\\..\\2_Device\\MM32F032xx_s\\HAL_lib\\src\\HAL_misc.c 0x00000000   Number         0  hal_misc.o ABSOLUTE
    ..\\..\\..\\2_Device\\MM32F032xx_s\\HAL_lib\\src\\HAL_pwr.c 0x00000000   Number         0  hal_pwr.o ABSOLUTE
    ..\\..\\..\\2_Device\\MM32F032xx_s\\HAL_lib\\src\\HAL_rcc.c 0x00000000   Number         0  hal_rcc.o ABSOLUTE
    ..\\..\\..\\2_Device\\MM32F032xx_s\\HAL_lib\\src\\HAL_rtc.c 0x00000000   Number         0  hal_rtc.o ABSOLUTE
    ..\\..\\..\\2_Device\\MM32F032xx_s\\HAL_lib\\src\\HAL_spi.c 0x00000000   Number         0  hal_spi.o ABSOLUTE
    ..\\..\\..\\2_Device\\MM32F032xx_s\\HAL_lib\\src\\HAL_tim.c 0x00000000   Number         0  hal_tim.o ABSOLUTE
    ..\\..\\..\\2_Device\\MM32F032xx_s\\HAL_lib\\src\\HAL_uart.c 0x00000000   Number         0  hal_uart.o ABSOLUTE
    ..\\..\\..\\2_Device\\MM32F032xx_s\\HAL_lib\\src\\HAL_uid.c 0x00000000   Number         0  hal_uid.o ABSOLUTE
    ..\\..\\..\\2_Device\\MM32F032xx_s\\HAL_lib\\src\\HAL_ver.c 0x00000000   Number         0  hal_ver.o ABSOLUTE
    ..\\..\\..\\2_Device\\MM32F032xx_s\\HAL_lib\\src\\HAL_wwdg.c 0x00000000   Number         0  hal_wwdg.o ABSOLUTE
    ..\\..\\..\\2_Device\\MM32F032xx_s\\Source\\system_MM32F032xx_s.c 0x00000000   Number         0  system_mm32f032xx_s.o ABSOLUTE
    ..\\APP\\main.c                          0x00000000   Number         0  main.o ABSOLUTE
    ..\\APP\\rf_source\\LL.c                 0x00000000   Number         0  ll.o ABSOLUTE
    ..\\APP\\rf_source\\LL_open.c            0x00000000   Number         0  ll_open.o ABSOLUTE
    ..\\APP\\rf_source\\kernel.c             0x00000000   Number         0  kernel.o ABSOLUTE
    ..\\APP\\rf_source\\rf_phy.c             0x00000000   Number         0  rf_phy.o ABSOLUTE
    ..\\BSP\\bsp_irq_gpio.c                  0x00000000   Number         0  bsp_irq_gpio.o ABSOLUTE
    ..\\BSP\\bsp_spi_ble.c                   0x00000000   Number         0  bsp_spi_ble.o ABSOLUTE
    ..\\Peripheral\\spi.c                    0x00000000   Number         0  spi.o ABSOLUTE
    ..\\Peripheral\\systick.c                0x00000000   Number         0  systick.o ABSOLUTE
    ..\\Peripheral\\uart.c                   0x00000000   Number         0  uart.o ABSOLUTE
    cdrcmple.s                               0x00000000   Number         0  cdrcmple.o ABSOLUTE
    dc.s                                     0x00000000   Number         0  dc.o ABSOLUTE
    handlers.s                               0x00000000   Number         0  handlers.o ABSOLUTE
    init.s                                   0x00000000   Number         0  init.o ABSOLUTE
    RESET                                    0x08000000   Section      192  startup_mm32f032xx_s_keil.o(RESET)
    .ARM.Collect$$$$00000000                 0x080000c0   Section        0  entry.o(.ARM.Collect$$$$00000000)
    .ARM.Collect$$$$00000001                 0x080000c0   Section        4  entry2.o(.ARM.Collect$$$$00000001)
    .ARM.Collect$$$$00000004                 0x080000c4   Section        4  entry5.o(.ARM.Collect$$$$00000004)
    .ARM.Collect$$$$00000008                 0x080000c8   Section        0  entry7b.o(.ARM.Collect$$$$00000008)
    .ARM.Collect$$$$0000000A                 0x080000c8   Section        0  entry8b.o(.ARM.Collect$$$$0000000A)
    .ARM.Collect$$$$0000000B                 0x080000c8   Section        8  entry9a.o(.ARM.Collect$$$$0000000B)
    .ARM.Collect$$$$0000000E                 0x080000d0   Section        4  entry12b.o(.ARM.Collect$$$$0000000E)
    .ARM.Collect$$$$0000000F                 0x080000d4   Section        0  entry10a.o(.ARM.Collect$$$$0000000F)
    .ARM.Collect$$$$00000011                 0x080000d4   Section        0  entry11a.o(.ARM.Collect$$$$00000011)
    .ARM.Collect$$$$00002712                 0x080000d4   Section        4  entry2.o(.ARM.Collect$$$$00002712)
    __lit__00000000                          0x080000d4   Data           4  entry2.o(.ARM.Collect$$$$00002712)
    .emb_text                                0x080000d8   Section        6  main.o(.emb_text)
    .text                                    0x080000e0   Section       88  startup_mm32f032xx_s_keil.o(.text)
    .text                                    0x08000138   Section        0  uidiv.o(.text)
    .text                                    0x08000164   Section        0  idiv.o(.text)
    .text                                    0x0800018c   Section        0  memseta.o(.text)
    .text                                    0x080001b0   Section        0  uldiv.o(.text)
    .text                                    0x08000210   Section       36  init.o(.text)
    .text                                    0x08000234   Section        0  llshl.o(.text)
    .text                                    0x08000254   Section        0  llushr.o(.text)
    .text                                    0x08000276   Section        0  __dczerorl2.o(.text)
    i.BSP_SPI_BLE_Init                       0x080002cc   Section        0  bsp_spi_ble.o(i.BSP_SPI_BLE_Init)
    i.BleApp_Main                            0x08000328   Section        0  main.o(i.BleApp_Main)
    i.BleTxFIFOAddr_Get                      0x080003a4   Section        0  rf_phy.o(i.BleTxFIFOAddr_Get)
    i.Ble_SW_Init                            0x080003b0   Section        0  rf_phy.o(i.Ble_SW_Init)
    i.DMA1_Channel2_3_IRQHandler             0x080003d4   Section        0  spi.o(i.DMA1_Channel2_3_IRQHandler)
    i.DMA1_Channel4_5_IRQHandler             0x08000408   Section        0  spi.o(i.DMA1_Channel4_5_IRQHandler)
    i.DMA_ClearITPendingBit                  0x08000440   Section        0  hal_dma.o(i.DMA_ClearITPendingBit)
    i.DMA_Cmd                                0x0800044c   Section        0  hal_dma.o(i.DMA_Cmd)
    i.DMA_DeInit                             0x08000458   Section        0  hal_dma.o(i.DMA_DeInit)
    i.DMA_GetITStatus                        0x08000488   Section        0  hal_dma.o(i.DMA_GetITStatus)
    i.DMA_ITConfig                           0x0800049c   Section        0  hal_dma.o(i.DMA_ITConfig)
    i.DMA_Init                               0x080004ac   Section        0  hal_dma.o(i.DMA_Init)
    i.DMA_StructInit                         0x080004f8   Section        0  hal_dma.o(i.DMA_StructInit)
    i.EXTI4_15_IRQHandler                    0x08000514   Section        0  bsp_irq_gpio.o(i.EXTI4_15_IRQHandler)
    i.EXTI_ClearITPendingBit                 0x0800054c   Section        0  hal_exti.o(i.EXTI_ClearITPendingBit)
    i.EXTI_GetITStatus                       0x08000558   Section        0  hal_exti.o(i.EXTI_GetITStatus)
    i.EXTI_Init                              0x08000574   Section        0  hal_exti.o(i.EXTI_Init)
    i.EXTI_LineConfig                        0x080005cc   Section        0  hal_exti.o(i.EXTI_LineConfig)
    i.ErrorEntry                             0x080005f4   Section        0  kernel.o(i.ErrorEntry)
    i.GPIO_Init                              0x08000600   Section        0  hal_gpio.o(i.GPIO_Init)
    i.GPIO_PinAFConfig                       0x08000686   Section        0  hal_gpio.o(i.GPIO_PinAFConfig)
    i.GPIO_ReadInputDataBit                  0x080006a6   Section        0  hal_gpio.o(i.GPIO_ReadInputDataBit)
    i.GPIO_ResetBits                         0x080006b0   Section        0  hal_gpio.o(i.GPIO_ResetBits)
    i.GPIO_SetBits                           0x080006b4   Section        0  hal_gpio.o(i.GPIO_SetBits)
    i.GPIO_StructInit                        0x080006b8   Section        0  hal_gpio.o(i.GPIO_StructInit)
    i.Knl_CodeCpy                            0x080006c8   Section        0  kernel.o(i.Knl_CodeCpy)
    i.Knl_MemComp_Isr                        0x080006da   Section        0  kernel.o(i.Knl_MemComp_Isr)
    i.LLTimer_Isr                            0x080006fc   Section        0  ll_open.o(i.LLTimer_Isr)
    i.LLTimer_TmrRefUpd_Isr                  0x08000cd4   Section        0  ll.o(i.LLTimer_TmrRefUpd_Isr)
    i.LLWTR_Isr                              0x08000d18   Section        0  ll_open.o(i.LLWTR_Isr)
    i.LL_GPIO_Isr                            0x08000e20   Section        0  ll_open.o(i.LL_GPIO_Isr)
    i.LL_MsgBlk_LL_conn_Para_Rls             0x08000ed0   Section        0  ll.o(i.LL_MsgBlk_LL_conn_Para_Rls)
    i.LL_ReleaseConnID                       0x08000ed4   Section        0  ll.o(i.LL_ReleaseConnID)
    i.LL_TmrBlk_Pt_PairRst                   0x08000f0c   Section        0  ll.o(i.LL_TmrBlk_Pt_PairRst)
    i.LL_TmrBlk_Rls                          0x08000f3c   Section        0  ll.o(i.LL_TmrBlk_Rls)
    i.LL_TmrBlk_Rls_Pair                     0x08000f78   Section        0  ll.o(i.LL_TmrBlk_Rls_Pair)
    i.LL_TxEnter_Isr                         0x08000fc4   Section        0  ll_open.o(i.LL_TxEnter_Isr)
    i.MCU_GpioIntDisable                     0x0800101c   Section        0  bsp_irq_gpio.o(i.MCU_GpioIntDisable)
    i.MCU_GpioIntEnable                      0x08001056   Section        0  bsp_irq_gpio.o(i.MCU_GpioIntEnable)
    i.MCU_GpioPinInit                        0x08001094   Section        0  bsp_irq_gpio.o(i.MCU_GpioPinInit)
    i.NVIC_Init                              0x080010c0   Section        0  hal_misc.o(i.NVIC_Init)
    i.NVIC_SetPriority                       0x08001110   Section        0  systick.o(i.NVIC_SetPriority)
    NVIC_SetPriority                         0x08001111   Thumb Code    60  systick.o(i.NVIC_SetPriority)
    i.RCC_AHBPeriphClockCmd                  0x08001154   Section        0  hal_rcc.o(i.RCC_AHBPeriphClockCmd)
    i.RCC_APB1PeriphClockCmd                 0x0800116c   Section        0  hal_rcc.o(i.RCC_APB1PeriphClockCmd)
    i.RCC_APB2PeriphClockCmd                 0x08001184   Section        0  hal_rcc.o(i.RCC_APB2PeriphClockCmd)
    i.RCC_GetHCLKFreq                        0x0800119c   Section        0  hal_rcc.o(i.RCC_GetHCLKFreq)
    i.RCC_GetPCLK1Freq                       0x080011bc   Section        0  hal_rcc.o(i.RCC_GetPCLK1Freq)
    i.RCC_GetPCLK2Freq                       0x080011dc   Section        0  hal_rcc.o(i.RCC_GetPCLK2Freq)
    i.RCC_GetSysClockFreq                    0x080011fc   Section        0  hal_rcc.o(i.RCC_GetSysClockFreq)
    i.RF_CRCInit                             0x08001244   Section        0  rf_phy.o(i.RF_CRCInit)
    i.RF_CRCchk                              0x08001252   Section        0  rf_phy.o(i.RF_CRCchk)
    i.RF_DC_Rstr_Isr                         0x08001268   Section        0  rf_phy.o(i.RF_DC_Rstr_Isr)
    i.RF_Init                                0x08001294   Section        0  rf_phy.o(i.RF_Init)
    i.RF_LE_HeaderStsLen_Tx                  0x080013d8   Section        0  rf_phy.o(i.RF_LE_HeaderStsLen_Tx)
    i.RF_Open                                0x080013f0   Section        0  main.o(i.RF_Open)
    RF_Open                                  0x080013f1   Thumb Code    98  main.o(i.RF_Open)
    i.RF_PLL_VCO_Bank_set                    0x08001458   Section        0  rf_phy.o(i.RF_PLL_VCO_Bank_set)
    i.RF_PowerSaving_En_Isr                  0x08001470   Section        0  rf_phy.o(i.RF_PowerSaving_En_Isr)
    i.RF_RxFIFOrst                           0x080014b0   Section        0  rf_phy.o(i.RF_RxFIFOrst)
    i.RF_RxLengthLimit                       0x080014bc   Section        0  rf_phy.o(i.RF_RxLengthLimit)
    i.RF_Set_TxPowerLevel_Isr                0x080014c8   Section        0  rf_phy.o(i.RF_Set_TxPowerLevel_Isr)
    i.RF_SpiIoMapping                        0x08001520   Section        0  main.o(i.RF_SpiIoMapping)
    i.RF_SymbolRate_Patch_1M_2M              0x080015bc   Section        0  rf_phy.o(i.RF_SymbolRate_Patch_1M_2M)
    i.RF_SymbolRate_set                      0x080015e4   Section        0  rf_phy.o(i.RF_SymbolRate_set)
    i.RF_Tmr_Periodic_initial                0x08001608   Section        0  rf_phy.o(i.RF_Tmr_Periodic_initial)
    i.RF_Tmr_Periodic_set_ISR                0x080016dc   Section        0  rf_phy.o(i.RF_Tmr_Periodic_set_ISR)
    i.RF_TxAutoAckOff                        0x08001738   Section        0  rf_phy.o(i.RF_TxAutoAckOff)
    i.RF_TxAutoAckOn                         0x08001750   Section        0  rf_phy.o(i.RF_TxAutoAckOn)
    i.RF_TxFIFO_ADVData_set                  0x08001768   Section        0  rf_phy.o(i.RF_TxFIFO_ADVData_set)
    i.RF_TxFIFO_ADVaddr_set                  0x08001780   Section        0  rf_phy.o(i.RF_TxFIFO_ADVaddr_set)
    i.RF_TxFIFO_OriginAddr_set               0x08001798   Section        0  rf_phy.o(i.RF_TxFIFO_OriginAddr_set)
    i.RF_Voltage_Det                         0x080017ac   Section        0  rf_phy.o(i.RF_Voltage_Det)
    i.RF_WTR_EnChk                           0x0800182c   Section        0  rf_phy.o(i.RF_WTR_EnChk)
    i.RF_WTR_intOff                          0x08001840   Section        0  rf_phy.o(i.RF_WTR_intOff)
    i.RF_WTR_intOn                           0x08001858   Section        0  rf_phy.o(i.RF_WTR_intOn)
    i.RF_cmpFIFO_BDAddr                      0x08001870   Section        0  ll.o(i.RF_cmpFIFO_BDAddr)
    i.RF_cmpFIFO_WhiteList                   0x080018a4   Section        0  ll.o(i.RF_cmpFIFO_WhiteList)
    i.SPI_1BYT_SetRx                         0x080018e8   Section        0  bsp_spi_ble.o(i.SPI_1BYT_SetRx)
    i.SPI_1BYT_SetRx_Isr                     0x08001934   Section        0  bsp_spi_ble.o(i.SPI_1BYT_SetRx_Isr)
    i.SPI_1BYT_SetTx                         0x08001988   Section        0  bsp_spi_ble.o(i.SPI_1BYT_SetTx)
    i.SPI_1BYT_SetTx_Isr                     0x080019d0   Section        0  bsp_spi_ble.o(i.SPI_1BYT_SetTx_Isr)
    i.SPI_2BYT_SetTx_Isr                     0x08001a14   Section        0  bsp_spi_ble.o(i.SPI_2BYT_SetTx_Isr)
    i.SPI_BiDirectionalLineConfig            0x08001a78   Section        0  hal_spi.o(i.SPI_BiDirectionalLineConfig)
    i.SPI_CSInternalSelected                 0x08001aa6   Section        0  hal_spi.o(i.SPI_CSInternalSelected)
    i.SPI_Cmd                                0x08001aba   Section        0  hal_spi.o(i.SPI_Cmd)
    i.SPI_DMACmd                             0x08001ace   Section        0  hal_spi.o(i.SPI_DMACmd)
    i.SPI_GPIO_Init                          0x08001ae4   Section        0  main.o(i.SPI_GPIO_Init)
    i.SPI_Init                               0x08001b1c   Section        0  hal_spi.o(i.SPI_Init)
    i.SPI_PDMA_SetRx_Isr                     0x08001b8a   Section        0  bsp_spi_ble.o(i.SPI_PDMA_SetRx_Isr)
    i.SPI_PDMA_SetRx_Isr_Old                 0x08001b94   Section        0  bsp_spi_ble.o(i.SPI_PDMA_SetRx_Isr_Old)
    i.SPI_PDMA_SetTx                         0x08001bf0   Section        0  bsp_spi_ble.o(i.SPI_PDMA_SetTx)
    i.SPI_PDMA_SetTx_Old                     0x08001bfc   Section        0  bsp_spi_ble.o(i.SPI_PDMA_SetTx_Old)
    i.SPI_PDMA_waitFinish                    0x08001c60   Section        0  bsp_spi_ble.o(i.SPI_PDMA_waitFinish)
    i.SPI_StructInit                         0x08001c64   Section        0  hal_spi.o(i.SPI_StructInit)
    i.SPIx_Configure                         0x08001c80   Section        0  spi.o(i.SPIx_Configure)
    i.SPIx_DMA_Configure                     0x08001de4   Section        0  spi.o(i.SPIx_DMA_Configure)
    i.SPIx_DMA_InterruptConfigure            0x08001f04   Section        0  spi.o(i.SPIx_DMA_InterruptConfigure)
    i.SPIx_DMA_RxData                        0x08001f34   Section        0  spi.o(i.SPIx_DMA_RxData)
    i.SPIx_DMA_TxData                        0x0800200c   Section        0  spi.o(i.SPIx_DMA_TxData)
    i.SPIx_ReadWriteByte                     0x080020d8   Section        0  spi.o(i.SPIx_ReadWriteByte)
    i.SetSysClockTo48                        0x0800210c   Section        0  system_mm32f032xx_s.o(i.SetSysClockTo48)
    SetSysClockTo48                          0x0800210d   Thumb Code   194  system_mm32f032xx_s.o(i.SetSysClockTo48)
    i.SysTick_DelayMs                        0x080021dc   Section        0  systick.o(i.SysTick_DelayMs)
    i.SysTick_Handler                        0x080021ec   Section        0  systick.o(i.SysTick_Handler)
    i.SysTick_Init                           0x08002200   Section        0  systick.o(i.SysTick_Init)
    i.SystemInit                             0x08002248   Section        0  system_mm32f032xx_s.o(i.SystemInit)
    i.UART_Cmd                               0x0800229c   Section        0  hal_uart.o(i.UART_Cmd)
    i.UART_GetFlagStatus                     0x080022a8   Section        0  hal_uart.o(i.UART_GetFlagStatus)
    i.UART_Init                              0x080022b4   Section        0  hal_uart.o(i.UART_Init)
    i.UART_SendData                          0x08002324   Section        0  hal_uart.o(i.UART_SendData)
    i.UART_StructInit                        0x0800232a   Section        0  hal_uart.o(i.UART_StructInit)
    i.UARTx_Configure                        0x08002344   Section        0  uart.o(i.UARTx_Configure)
    i.__0printf$5                            0x08002470   Section        0  printf5.o(i.__0printf$5)
    i.__scatterload_copy                     0x08002490   Section       14  handlers.o(i.__scatterload_copy)
    i.__scatterload_null                     0x0800249e   Section        2  handlers.o(i.__scatterload_null)
    i.__scatterload_zeroinit                 0x080024a0   Section       14  handlers.o(i.__scatterload_zeroinit)
    i._printf_core                           0x080024b0   Section        0  printf5.o(i._printf_core)
    _printf_core                             0x080024b1   Thumb Code   680  printf5.o(i._printf_core)
    i.delay_us                               0x08002784   Section        0  main.o(i.delay_us)
    i.exEXTI_LineDisable                     0x080027a4   Section        0  hal_exti.o(i.exEXTI_LineDisable)
    i.fputc                                  0x080027c4   Section        0  uart.o(i.fputc)
    i.initBLEsw                              0x080027e8   Section        0  rf_phy.o(i.initBLEsw)
    i.initInt                                0x0800280c   Section        0  rf_phy.o(i.initInt)
    i.initLL                                 0x08002820   Section        0  ll.o(i.initLL)
    i.main                                   0x080028a4   Section        0  main.o(i.main)
    i.rafael_pll_bank_get                    0x08002978   Section        0  rf_phy.o(i.rafael_pll_bank_get)
    i.rafael_pll_calibration                 0x080029e0   Section        0  rf_phy.o(i.rafael_pll_calibration)
    i.rafael_reset_phy_fsm                   0x08002b0c   Section        0  rf_phy.o(i.rafael_reset_phy_fsm)
    i.rafael_reset_phy_fsm_Isr               0x08002b44   Section        0  rf_phy.o(i.rafael_reset_phy_fsm_Isr)
    i.rafael_spi_clear_fifo                  0x08002b74   Section        0  rf_phy.o(i.rafael_spi_clear_fifo)
    i.rafael_spi_clear_tx_fifo_cnt           0x08002b90   Section        0  rf_phy.o(i.rafael_spi_clear_tx_fifo_cnt)
    i.setChannel_BLE                         0x08002bac   Section        0  rf_phy.o(i.setChannel_BLE)
    i.spiGpioWriteReg                        0x08002bcc   Section        0  main.o(i.spiGpioWriteReg)
    .constdata                               0x08002cbc   Section        8  spi.o(.constdata)
    .constdata                               0x08002cc4   Section       22  bsp_spi_ble.o(.constdata)
    .data                                    0x20000000   Section        4  system_mm32f032xx_s.o(.data)
    .data                                    0x20000004   Section       55  main.o(.data)
    .data                                    0x20000040   Section       56  ll.o(.data)
    .data                                    0x20000078   Section        4  ll.o(.data)
    .data                                    0x2000007c   Section        3  ll.o(.data)
    .data                                    0x2000007f   Section        7  ll.o(.data)
    .data                                    0x20000086   Section        4  ll.o(.data)
    .data                                    0x2000008c   Section        4  ll.o(.data)
    .data                                    0x20000090   Section        2  ll.o(.data)
    .data                                    0x20000092   Section        4  ll.o(.data)
    .data                                    0x20000096   Section        1  ll.o(.data)
    .data                                    0x20000098   Section      330  rf_phy.o(.data)
    pll_cal_done_flag                        0x2000009b   Data           1  rf_phy.o(.data)
    pll_freq_mhz                             0x200001d8   Data          10  rf_phy.o(.data)
    .data                                    0x200001e2   Section        2  spi.o(.data)
    .data                                    0x200001e4   Section        4  systick.o(.data)
    .data                                    0x200001e8   Section       16  hal_rcc.o(.data)
    .data                                    0x200001f8   Section        4  stdout.o(.data)
    .bss                                     0x200001fc   Section     1000  ll.o(.bss)
    .bss                                     0x200005e4   Section       54  rf_phy.o(.bss)
    STACK                                    0x20000620   Section     1024  startup_mm32f032xx_s_keil.o(STACK)

    Global Symbols

    Symbol Name                              Value     Ov Type        Size  Object(Section)

    BuildAttributes$$THM_ISAv3M$S$PE$A:L22$X:L11$S22$IEEE1$IW$USESV6$~STKCKD$USESV7$~SHL$OTIME$ROPI$EBA8$MICROLIB$REQ8$PRES8$EABIv2 0x00000000   Number         0  anon$$obj.o ABSOLUTE
    __ARM_use_no_argv                        0x00000000   Number         0  main.o ABSOLUTE
    _printf_a                                0x00000000   Number         0  stubs.o ABSOLUTE
    _printf_c                                0x00000000   Number         0  stubs.o ABSOLUTE
    _printf_charcount                        0x00000000   Number         0  stubs.o ABSOLUTE
    _printf_d                                0x00000000   Number         0  stubs.o ABSOLUTE
    _printf_e                                0x00000000   Number         0  stubs.o ABSOLUTE
    _printf_f                                0x00000000   Number         0  stubs.o ABSOLUTE
    _printf_flags                            0x00000000   Number         0  stubs.o ABSOLUTE
    _printf_fp_dec                           0x00000000   Number         0  stubs.o ABSOLUTE
    _printf_fp_hex                           0x00000000   Number         0  stubs.o ABSOLUTE
    _printf_g                                0x00000000   Number         0  stubs.o ABSOLUTE
    _printf_i                                0x00000000   Number         0  stubs.o ABSOLUTE
    _printf_int_dec                          0x00000000   Number         0  stubs.o ABSOLUTE
    _printf_l                                0x00000000   Number         0  stubs.o ABSOLUTE
    _printf_lc                               0x00000000   Number         0  stubs.o ABSOLUTE
    _printf_ll                               0x00000000   Number         0  stubs.o ABSOLUTE
    _printf_lld                              0x00000000   Number         0  stubs.o ABSOLUTE
    _printf_lli                              0x00000000   Number         0  stubs.o ABSOLUTE
    _printf_llo                              0x00000000   Number         0  stubs.o ABSOLUTE
    _printf_llu                              0x00000000   Number         0  stubs.o ABSOLUTE
    _printf_llx                              0x00000000   Number         0  stubs.o ABSOLUTE
    _printf_longlong_dec                     0x00000000   Number         0  stubs.o ABSOLUTE
    _printf_longlong_hex                     0x00000000   Number         0  stubs.o ABSOLUTE
    _printf_longlong_oct                     0x00000000   Number         0  stubs.o ABSOLUTE
    _printf_ls                               0x00000000   Number         0  stubs.o ABSOLUTE
    _printf_mbtowc                           0x00000000   Number         0  stubs.o ABSOLUTE
    _printf_n                                0x00000000   Number         0  stubs.o ABSOLUTE
    _printf_o                                0x00000000   Number         0  stubs.o ABSOLUTE
    _printf_p                                0x00000000   Number         0  stubs.o ABSOLUTE
    _printf_percent                          0x00000000   Number         0  stubs.o ABSOLUTE
    _printf_pre_padding                      0x00000000   Number         0  stubs.o ABSOLUTE
    _printf_return_value                     0x00000000   Number         0  stubs.o ABSOLUTE
    _printf_s                                0x00000000   Number         0  stubs.o ABSOLUTE
    _printf_sizespec                         0x00000000   Number         0  stubs.o ABSOLUTE
    _printf_str                              0x00000000   Number         0  stubs.o ABSOLUTE
    _printf_truncate_signed                  0x00000000   Number         0  stubs.o ABSOLUTE
    _printf_truncate_unsigned                0x00000000   Number         0  stubs.o ABSOLUTE
    _printf_u                                0x00000000   Number         0  stubs.o ABSOLUTE
    _printf_wc                               0x00000000   Number         0  stubs.o ABSOLUTE
    _printf_wctomb                           0x00000000   Number         0  stubs.o ABSOLUTE
    _printf_widthprec                        0x00000000   Number         0  stubs.o ABSOLUTE
    _printf_x                                0x00000000   Number         0  stubs.o ABSOLUTE
    __arm_fini_                               - Undefined Weak Reference
    __cpp_initialize__aeabi_                  - Undefined Weak Reference
    __cxa_finalize                            - Undefined Weak Reference
    _clock_init                               - Undefined Weak Reference
    _microlib_exit                            - Undefined Weak Reference
    __Vectors_Size                           0x000000c0   Number         0  startup_mm32f032xx_s_keil.o ABSOLUTE
    __Vectors                                0x08000000   Data           4  startup_mm32f032xx_s_keil.o(RESET)
    __Vectors_End                            0x080000c0   Data           0  startup_mm32f032xx_s_keil.o(RESET)
    __main                                   0x080000c1   Thumb Code     0  entry.o(.ARM.Collect$$$$00000000)
    _main_stk                                0x080000c1   Thumb Code     0  entry2.o(.ARM.Collect$$$$00000001)
    _main_scatterload                        0x080000c5   Thumb Code     0  entry5.o(.ARM.Collect$$$$00000004)
    __main_after_scatterload                 0x080000c9   Thumb Code     0  entry5.o(.ARM.Collect$$$$00000004)
    _main_clock                              0x080000c9   Thumb Code     0  entry7b.o(.ARM.Collect$$$$00000008)
    _main_cpp_init                           0x080000c9   Thumb Code     0  entry8b.o(.ARM.Collect$$$$0000000A)
    _main_init                               0x080000c9   Thumb Code     0  entry9a.o(.ARM.Collect$$$$0000000B)
    __rt_lib_shutdown_fini                   0x080000d1   Thumb Code     0  entry12b.o(.ARM.Collect$$$$0000000E)
    __rt_final_cpp                           0x080000d5   Thumb Code     0  entry10a.o(.ARM.Collect$$$$0000000F)
    __rt_final_exit                          0x080000d5   Thumb Code     0  entry11a.o(.ARM.Collect$$$$00000011)
    SysCtlDelay                              0x080000d9   Thumb Code     6  main.o(.emb_text)
    Reset_Handler                            0x080000e1   Thumb Code    38  startup_mm32f032xx_s_keil.o(.text)
    NMI_Handler                              0x08000107   Thumb Code     2  startup_mm32f032xx_s_keil.o(.text)
    HardFault_Handler                        0x08000109   Thumb Code     2  startup_mm32f032xx_s_keil.o(.text)
    SVC_Handler                              0x0800010b   Thumb Code     2  startup_mm32f032xx_s_keil.o(.text)
    PendSV_Handler                           0x0800010d   Thumb Code     2  startup_mm32f032xx_s_keil.o(.text)
    ADC1_COMP_IRQHandler                     0x08000111   Thumb Code     0  startup_mm32f032xx_s_keil.o(.text)
    CAN_IRQHandler                           0x08000111   Thumb Code     0  startup_mm32f032xx_s_keil.o(.text)
    DMA1_Channel1_IRQHandler                 0x08000111   Thumb Code     0  startup_mm32f032xx_s_keil.o(.text)
    EXTI0_1_IRQHandler                       0x08000111   Thumb Code     0  startup_mm32f032xx_s_keil.o(.text)
    EXTI2_3_IRQHandler                       0x08000111   Thumb Code     0  startup_mm32f032xx_s_keil.o(.text)
    FLASH_IRQHandler                         0x08000111   Thumb Code     0  startup_mm32f032xx_s_keil.o(.text)
    I2C1_IRQHandler                          0x08000111   Thumb Code     0  startup_mm32f032xx_s_keil.o(.text)
    PVD_IRQHandler                           0x08000111   Thumb Code     0  startup_mm32f032xx_s_keil.o(.text)
    RCC_CRS_IRQHandler                       0x08000111   Thumb Code     0  startup_mm32f032xx_s_keil.o(.text)
    RTC_BKP_IRQHandler                       0x08000111   Thumb Code     0  startup_mm32f032xx_s_keil.o(.text)
    SPI1_IRQHandler                          0x08000111   Thumb Code     0  startup_mm32f032xx_s_keil.o(.text)
    SPI2_IRQHandler                          0x08000111   Thumb Code     0  startup_mm32f032xx_s_keil.o(.text)
    TIM14_IRQHandler                         0x08000111   Thumb Code     0  startup_mm32f032xx_s_keil.o(.text)
    TIM16_IRQHandler                         0x08000111   Thumb Code     0  startup_mm32f032xx_s_keil.o(.text)
    TIM17_IRQHandler                         0x08000111   Thumb Code     0  startup_mm32f032xx_s_keil.o(.text)
    TIM1_BRK_UP_TRG_COM_IRQHandler           0x08000111   Thumb Code     0  startup_mm32f032xx_s_keil.o(.text)
    TIM1_CC_IRQHandler                       0x08000111   Thumb Code     0  startup_mm32f032xx_s_keil.o(.text)
    TIM2_IRQHandler                          0x08000111   Thumb Code     0  startup_mm32f032xx_s_keil.o(.text)
    TIM3_IRQHandler                          0x08000111   Thumb Code     0  startup_mm32f032xx_s_keil.o(.text)
    UART1_IRQHandler                         0x08000111   Thumb Code     0  startup_mm32f032xx_s_keil.o(.text)
    UART2_IRQHandler                         0x08000111   Thumb Code     0  startup_mm32f032xx_s_keil.o(.text)
    USB_IRQHandler                           0x08000111   Thumb Code     0  startup_mm32f032xx_s_keil.o(.text)
    WWDG_IRQHandler                          0x08000111   Thumb Code     0  startup_mm32f032xx_s_keil.o(.text)
    __aeabi_uidiv                            0x08000139   Thumb Code     0  uidiv.o(.text)
    __aeabi_uidivmod                         0x08000139   Thumb Code    44  uidiv.o(.text)
    __aeabi_idiv                             0x08000165   Thumb Code     0  idiv.o(.text)
    __aeabi_idivmod                          0x08000165   Thumb Code    40  idiv.o(.text)
    __aeabi_memset                           0x0800018d   Thumb Code    14  memseta.o(.text)
    __aeabi_memset4                          0x0800018d   Thumb Code     0  memseta.o(.text)
    __aeabi_memset8                          0x0800018d   Thumb Code     0  memseta.o(.text)
    __aeabi_memclr                           0x0800019b   Thumb Code     4  memseta.o(.text)
    __aeabi_memclr4                          0x0800019b   Thumb Code     0  memseta.o(.text)
    __aeabi_memclr8                          0x0800019b   Thumb Code     0  memseta.o(.text)
    _memset$wrapper                          0x0800019f   Thumb Code    18  memseta.o(.text)
    __aeabi_uldivmod                         0x080001b1   Thumb Code    96  uldiv.o(.text)
    __scatterload                            0x08000211   Thumb Code    28  init.o(.text)
    __scatterload_rt2                        0x08000211   Thumb Code     0  init.o(.text)
    __aeabi_llsl                             0x08000235   Thumb Code    32  llshl.o(.text)
    _ll_shift_l                              0x08000235   Thumb Code     0  llshl.o(.text)
    __aeabi_llsr                             0x08000255   Thumb Code    34  llushr.o(.text)
    _ll_ushift_r                             0x08000255   Thumb Code     0  llushr.o(.text)
    __decompress                             0x08000277   Thumb Code     0  __dczerorl2.o(.text)
    __decompress1                            0x08000277   Thumb Code    86  __dczerorl2.o(.text)
    BSP_SPI_BLE_Init                         0x080002cd   Thumb Code    78  bsp_spi_ble.o(i.BSP_SPI_BLE_Init)
    BleApp_Main                              0x08000329   Thumb Code   106  main.o(i.BleApp_Main)
    BleTxFIFOAddr_Get                        0x080003a5   Thumb Code     6  rf_phy.o(i.BleTxFIFOAddr_Get)
    Ble_SW_Init                              0x080003b1   Thumb Code    34  rf_phy.o(i.Ble_SW_Init)
    DMA1_Channel2_3_IRQHandler               0x080003d5   Thumb Code    48  spi.o(i.DMA1_Channel2_3_IRQHandler)
    DMA1_Channel4_5_IRQHandler               0x08000409   Thumb Code    52  spi.o(i.DMA1_Channel4_5_IRQHandler)
    DMA_ClearITPendingBit                    0x08000441   Thumb Code     6  hal_dma.o(i.DMA_ClearITPendingBit)
    DMA_Cmd                                  0x0800044d   Thumb Code    12  hal_dma.o(i.DMA_Cmd)
    DMA_DeInit                               0x08000459   Thumb Code    44  hal_dma.o(i.DMA_DeInit)
    DMA_GetITStatus                          0x08000489   Thumb Code    16  hal_dma.o(i.DMA_GetITStatus)
    DMA_ITConfig                             0x0800049d   Thumb Code    16  hal_dma.o(i.DMA_ITConfig)
    DMA_Init                                 0x080004ad   Thumb Code    70  hal_dma.o(i.DMA_Init)
    DMA_StructInit                           0x080004f9   Thumb Code    28  hal_dma.o(i.DMA_StructInit)
    EXTI4_15_IRQHandler                      0x08000515   Thumb Code    50  bsp_irq_gpio.o(i.EXTI4_15_IRQHandler)
    EXTI_ClearITPendingBit                   0x0800054d   Thumb Code     6  hal_exti.o(i.EXTI_ClearITPendingBit)
    EXTI_GetITStatus                         0x08000559   Thumb Code    22  hal_exti.o(i.EXTI_GetITStatus)
    EXTI_Init                                0x08000575   Thumb Code    82  hal_exti.o(i.EXTI_Init)
    EXTI_LineConfig                          0x080005cd   Thumb Code    34  hal_exti.o(i.EXTI_LineConfig)
    ErrorEntry                               0x080005f5   Thumb Code    12  kernel.o(i.ErrorEntry)
    GPIO_Init                                0x08000601   Thumb Code   134  hal_gpio.o(i.GPIO_Init)
    GPIO_PinAFConfig                         0x08000687   Thumb Code    32  hal_gpio.o(i.GPIO_PinAFConfig)
    GPIO_ReadInputDataBit                    0x080006a7   Thumb Code    10  hal_gpio.o(i.GPIO_ReadInputDataBit)
    GPIO_ResetBits                           0x080006b1   Thumb Code     4  hal_gpio.o(i.GPIO_ResetBits)
    GPIO_SetBits                             0x080006b5   Thumb Code     4  hal_gpio.o(i.GPIO_SetBits)
    GPIO_StructInit                          0x080006b9   Thumb Code    16  hal_gpio.o(i.GPIO_StructInit)
    Knl_CodeCpy                              0x080006c9   Thumb Code    18  kernel.o(i.Knl_CodeCpy)
    Knl_MemComp_Isr                          0x080006db   Thumb Code    32  kernel.o(i.Knl_MemComp_Isr)
    LLTimer_Isr                              0x080006fd   Thumb Code  1464  ll_open.o(i.LLTimer_Isr)
    LLTimer_TmrRefUpd_Isr                    0x08000cd5   Thumb Code    54  ll.o(i.LLTimer_TmrRefUpd_Isr)
    LLWTR_Isr                                0x08000d19   Thumb Code   232  ll_open.o(i.LLWTR_Isr)
    LL_GPIO_Isr                              0x08000e21   Thumb Code   168  ll_open.o(i.LL_GPIO_Isr)
    LL_MsgBlk_LL_conn_Para_Rls               0x08000ed1   Thumb Code     2  ll.o(i.LL_MsgBlk_LL_conn_Para_Rls)
    LL_ReleaseConnID                         0x08000ed5   Thumb Code    50  ll.o(i.LL_ReleaseConnID)
    LL_TmrBlk_Pt_PairRst                     0x08000f0d   Thumb Code    38  ll.o(i.LL_TmrBlk_Pt_PairRst)
    LL_TmrBlk_Rls                            0x08000f3d   Thumb Code    50  ll.o(i.LL_TmrBlk_Rls)
    LL_TmrBlk_Rls_Pair                       0x08000f79   Thumb Code    68  ll.o(i.LL_TmrBlk_Rls_Pair)
    LL_TxEnter_Isr                           0x08000fc5   Thumb Code    72  ll_open.o(i.LL_TxEnter_Isr)
    MCU_GpioIntDisable                       0x0800101d   Thumb Code    58  bsp_irq_gpio.o(i.MCU_GpioIntDisable)
    MCU_GpioIntEnable                        0x08001057   Thumb Code    62  bsp_irq_gpio.o(i.MCU_GpioIntEnable)
    MCU_GpioPinInit                          0x08001095   Thumb Code    40  bsp_irq_gpio.o(i.MCU_GpioPinInit)
    NVIC_Init                                0x080010c1   Thumb Code    70  hal_misc.o(i.NVIC_Init)
    RCC_AHBPeriphClockCmd                    0x08001155   Thumb Code    18  hal_rcc.o(i.RCC_AHBPeriphClockCmd)
    RCC_APB1PeriphClockCmd                   0x0800116d   Thumb Code    18  hal_rcc.o(i.RCC_APB1PeriphClockCmd)
    RCC_APB2PeriphClockCmd                   0x08001185   Thumb Code    18  hal_rcc.o(i.RCC_APB2PeriphClockCmd)
    RCC_GetHCLKFreq                          0x0800119d   Thumb Code    22  hal_rcc.o(i.RCC_GetHCLKFreq)
    RCC_GetPCLK1Freq                         0x080011bd   Thumb Code    22  hal_rcc.o(i.RCC_GetPCLK1Freq)
    RCC_GetPCLK2Freq                         0x080011dd   Thumb Code    22  hal_rcc.o(i.RCC_GetPCLK2Freq)
    RCC_GetSysClockFreq                      0x080011fd   Thumb Code    60  hal_rcc.o(i.RCC_GetSysClockFreq)
    RF_CRCInit                               0x08001245   Thumb Code    14  rf_phy.o(i.RF_CRCInit)
    RF_CRCchk                                0x08001253   Thumb Code    20  rf_phy.o(i.RF_CRCchk)
    RF_DC_Rstr_Isr                           0x08001269   Thumb Code    34  rf_phy.o(i.RF_DC_Rstr_Isr)
    RF_Init                                  0x08001295   Thumb Code   294  rf_phy.o(i.RF_Init)
    RF_LE_HeaderStsLen_Tx                    0x080013d9   Thumb Code    18  rf_phy.o(i.RF_LE_HeaderStsLen_Tx)
    RF_PLL_VCO_Bank_set                      0x08001459   Thumb Code    20  rf_phy.o(i.RF_PLL_VCO_Bank_set)
    RF_PowerSaving_En_Isr                    0x08001471   Thumb Code    54  rf_phy.o(i.RF_PowerSaving_En_Isr)
    RF_RxFIFOrst                             0x080014b1   Thumb Code    12  rf_phy.o(i.RF_RxFIFOrst)
    RF_RxLengthLimit                         0x080014bd   Thumb Code    12  rf_phy.o(i.RF_RxLengthLimit)
    RF_Set_TxPowerLevel_Isr                  0x080014c9   Thumb Code    72  rf_phy.o(i.RF_Set_TxPowerLevel_Isr)
    RF_SpiIoMapping                          0x08001521   Thumb Code   150  main.o(i.RF_SpiIoMapping)
    RF_SymbolRate_Patch_1M_2M                0x080015bd   Thumb Code    36  rf_phy.o(i.RF_SymbolRate_Patch_1M_2M)
    RF_SymbolRate_set                        0x080015e5   Thumb Code    30  rf_phy.o(i.RF_SymbolRate_set)
    RF_Tmr_Periodic_initial                  0x08001609   Thumb Code   200  rf_phy.o(i.RF_Tmr_Periodic_initial)
    RF_Tmr_Periodic_set_ISR                  0x080016dd   Thumb Code    80  rf_phy.o(i.RF_Tmr_Periodic_set_ISR)
    RF_TxAutoAckOff                          0x08001739   Thumb Code    20  rf_phy.o(i.RF_TxAutoAckOff)
    RF_TxAutoAckOn                           0x08001751   Thumb Code    20  rf_phy.o(i.RF_TxAutoAckOn)
    RF_TxFIFO_ADVData_set                    0x08001769   Thumb Code    20  rf_phy.o(i.RF_TxFIFO_ADVData_set)
    RF_TxFIFO_ADVaddr_set                    0x08001781   Thumb Code    20  rf_phy.o(i.RF_TxFIFO_ADVaddr_set)
    RF_TxFIFO_OriginAddr_set                 0x08001799   Thumb Code    20  rf_phy.o(i.RF_TxFIFO_OriginAddr_set)
    RF_Voltage_Det                           0x080017ad   Thumb Code   118  rf_phy.o(i.RF_Voltage_Det)
    RF_WTR_EnChk                             0x0800182d   Thumb Code    16  rf_phy.o(i.RF_WTR_EnChk)
    RF_WTR_intOff                            0x08001841   Thumb Code    20  rf_phy.o(i.RF_WTR_intOff)
    RF_WTR_intOn                             0x08001859   Thumb Code    20  rf_phy.o(i.RF_WTR_intOn)
    RF_cmpFIFO_BDAddr                        0x08001871   Thumb Code    40  ll.o(i.RF_cmpFIFO_BDAddr)
    RF_cmpFIFO_WhiteList                     0x080018a5   Thumb Code    64  ll.o(i.RF_cmpFIFO_WhiteList)
    SPI_1BYT_SetRx                           0x080018e9   Thumb Code    72  bsp_spi_ble.o(i.SPI_1BYT_SetRx)
    SPI_1BYT_SetRx_Isr                       0x08001935   Thumb Code    80  bsp_spi_ble.o(i.SPI_1BYT_SetRx_Isr)
    SPI_1BYT_SetTx                           0x08001989   Thumb Code    66  bsp_spi_ble.o(i.SPI_1BYT_SetTx)
    SPI_1BYT_SetTx_Isr                       0x080019d1   Thumb Code    62  bsp_spi_ble.o(i.SPI_1BYT_SetTx_Isr)
    SPI_2BYT_SetTx_Isr                       0x08001a15   Thumb Code    96  bsp_spi_ble.o(i.SPI_2BYT_SetTx_Isr)
    SPI_BiDirectionalLineConfig              0x08001a79   Thumb Code    46  hal_spi.o(i.SPI_BiDirectionalLineConfig)
    SPI_CSInternalSelected                   0x08001aa7   Thumb Code    20  hal_spi.o(i.SPI_CSInternalSelected)
    SPI_Cmd                                  0x08001abb   Thumb Code    20  hal_spi.o(i.SPI_Cmd)
    SPI_DMACmd                               0x08001acf   Thumb Code    20  hal_spi.o(i.SPI_DMACmd)
    SPI_GPIO_Init                            0x08001ae5   Thumb Code    50  main.o(i.SPI_GPIO_Init)
    SPI_Init                                 0x08001b1d   Thumb Code   110  hal_spi.o(i.SPI_Init)
    SPI_PDMA_SetRx_Isr                       0x08001b8b   Thumb Code    10  bsp_spi_ble.o(i.SPI_PDMA_SetRx_Isr)
    SPI_PDMA_SetRx_Isr_Old                   0x08001b95   Thumb Code    86  bsp_spi_ble.o(i.SPI_PDMA_SetRx_Isr_Old)
    SPI_PDMA_SetTx                           0x08001bf1   Thumb Code    10  bsp_spi_ble.o(i.SPI_PDMA_SetTx)
    SPI_PDMA_SetTx_Old                       0x08001bfd   Thumb Code    94  bsp_spi_ble.o(i.SPI_PDMA_SetTx_Old)
    SPI_PDMA_waitFinish                      0x08001c61   Thumb Code     4  bsp_spi_ble.o(i.SPI_PDMA_waitFinish)
    SPI_StructInit                           0x08001c65   Thumb Code    26  hal_spi.o(i.SPI_StructInit)
    SPIx_Configure                           0x08001c81   Thumb Code   342  spi.o(i.SPIx_Configure)
    SPIx_DMA_Configure                       0x08001de5   Thumb Code   274  spi.o(i.SPIx_DMA_Configure)
    SPIx_DMA_InterruptConfigure              0x08001f05   Thumb Code    40  spi.o(i.SPIx_DMA_InterruptConfigure)
    SPIx_DMA_RxData                          0x08001f35   Thumb Code   194  spi.o(i.SPIx_DMA_RxData)
    SPIx_DMA_TxData                          0x0800200d   Thumb Code   188  spi.o(i.SPIx_DMA_TxData)
    SPIx_ReadWriteByte                       0x080020d9   Thumb Code    46  spi.o(i.SPIx_ReadWriteByte)
    SysTick_DelayMs                          0x080021dd   Thumb Code    12  systick.o(i.SysTick_DelayMs)
    SysTick_Handler                          0x080021ed   Thumb Code    16  systick.o(i.SysTick_Handler)
    SysTick_Init                             0x08002201   Thumb Code    64  systick.o(i.SysTick_Init)
    SystemInit                               0x08002249   Thumb Code    68  system_mm32f032xx_s.o(i.SystemInit)
    UART_Cmd                                 0x0800229d   Thumb Code    12  hal_uart.o(i.UART_Cmd)
    UART_GetFlagStatus                       0x080022a9   Thumb Code    10  hal_uart.o(i.UART_GetFlagStatus)
    UART_Init                                0x080022b5   Thumb Code   108  hal_uart.o(i.UART_Init)
    UART_SendData                            0x08002325   Thumb Code     6  hal_uart.o(i.UART_SendData)
    UART_StructInit                          0x0800232b   Thumb Code    24  hal_uart.o(i.UART_StructInit)
    UARTx_Configure                          0x08002345   Thumb Code   290  uart.o(i.UARTx_Configure)
    __0printf$5                              0x08002471   Thumb Code    24  printf5.o(i.__0printf$5)
    __1printf$5                              0x08002471   Thumb Code     0  printf5.o(i.__0printf$5)
    __2printf                                0x08002471   Thumb Code     0  printf5.o(i.__0printf$5)
    __scatterload_copy                       0x08002491   Thumb Code    14  handlers.o(i.__scatterload_copy)
    __scatterload_null                       0x0800249f   Thumb Code     2  handlers.o(i.__scatterload_null)
    __scatterload_zeroinit                   0x080024a1   Thumb Code    14  handlers.o(i.__scatterload_zeroinit)
    delay_us                                 0x08002785   Thumb Code    22  main.o(i.delay_us)
    exEXTI_LineDisable                       0x080027a5   Thumb Code    28  hal_exti.o(i.exEXTI_LineDisable)
    fputc                                    0x080027c5   Thumb Code    30  uart.o(i.fputc)
    initBLEsw                                0x080027e9   Thumb Code    32  rf_phy.o(i.initBLEsw)
    initInt                                  0x0800280d   Thumb Code    12  rf_phy.o(i.initInt)
    initLL                                   0x08002821   Thumb Code   120  ll.o(i.initLL)
    main                                     0x080028a5   Thumb Code    80  main.o(i.main)
    rafael_pll_bank_get                      0x08002979   Thumb Code    94  rf_phy.o(i.rafael_pll_bank_get)
    rafael_pll_calibration                   0x080029e1   Thumb Code   288  rf_phy.o(i.rafael_pll_calibration)
    rafael_reset_phy_fsm                     0x08002b0d   Thumb Code    52  rf_phy.o(i.rafael_reset_phy_fsm)
    rafael_reset_phy_fsm_Isr                 0x08002b45   Thumb Code    38  rf_phy.o(i.rafael_reset_phy_fsm_Isr)
    rafael_spi_clear_fifo                    0x08002b75   Thumb Code    22  rf_phy.o(i.rafael_spi_clear_fifo)
    rafael_spi_clear_tx_fifo_cnt             0x08002b91   Thumb Code    22  rf_phy.o(i.rafael_spi_clear_tx_fifo_cnt)
    setChannel_BLE                           0x08002bad   Thumb Code    28  rf_phy.o(i.setChannel_BLE)
    spiGpioWriteReg                          0x08002bcd   Thumb Code   236  main.o(i.spiGpioWriteReg)
    Region$$Table$$Base                      0x08002cdc   Number         0  anon$$obj.o(Region$$Table)
    Region$$Table$$Limit                     0x08002cfc   Number         0  anon$$obj.o(Region$$Table)
    SystemCoreClock                          0x20000000   Data           4  system_mm32f032xx_s.o(.data)
    HCI_SET_ADV_PARA                         0x20000004   Data          19  main.o(.data)
    HCI_SET_ADV_DATA                         0x20000017   Data          17  main.o(.data)
    HCI_SET_SCN_DATA                         0x20000028   Data          19  main.o(.data)
    LL_ConnID_Remaining                      0x20000040   Data           1  ll.o(.data)
    TBlk_Free_LL                             0x20000041   Data           1  ll.o(.data)
    TBlk_InUse_LL                            0x20000042   Data           1  ll.o(.data)
    status_LL_Tmr                            0x20000043   Data           1  ll.o(.data)
    anchor_LL_Tmr                            0x20000044   Data           1  ll.o(.data)
    LL_Msg_AdvScnConn                        0x20000045   Data           1  ll.o(.data)
    LL_Para_Interval                         0x20000046   Data           4  ll.o(.data)
    tblk_LL_pi                               0x2000004c   Data           4  ll.o(.data)
    tblk_LL_pi2                              0x20000050   Data           4  ll.o(.data)
    LL_CHMAP_DEFAUT                          0x20000054   Data           5  ll.o(.data)
    LL_Ref_ChMap                             0x20000059   Data           5  ll.o(.data)
    BD_Rand_Addr                             0x2000005e   Data           6  ll.o(.data)
    ble_device_param                         0x20000064   Data           8  ll.o(.data)
    Tmr37                                    0x20000070   Data           8  ll.o(.data)
    LL_REF_ACS_ADDR_ADVSCN                   0x20000078   Data           4  ll.o(.data)
    LL_REF_CRC_INI_ADVSCN                    0x2000007c   Data           3  ll.o(.data)
    LL_DUR_RSV                               0x2000007f   Data           7  ll.o(.data)
    CH_ADV_SEL_TABLE                         0x20000086   Data           4  ll.o(.data)
    LL_conn_pi                               0x2000008c   Data           4  ll.o(.data)
    LL_DurRxPktAccu                          0x20000090   Data           2  ll.o(.data)
    Ch_ADV_Ch_Hop_Table                      0x20000092   Data           4  ll.o(.data)
    RF_Msg_RF0INT                            0x20000096   Data           1  ll.o(.data)
    RfVolt_new                               0x20000098   Data           1  rf_phy.o(.data)
    Init_flag                                0x20000099   Data           1  rf_phy.o(.data)
    rssiOffsetValue                          0x2000009a   Data           1  rf_phy.o(.data)
    Content_ioInt                            0x2000009c   Data           1  rf_phy.o(.data)
    gSleep                                   0x2000009d   Data           1  rf_phy.o(.data)
    Tmr16Interval                            0x2000009e   Data           2  rf_phy.o(.data)
    Timeline24                               0x200000a0   Data           4  rf_phy.o(.data)
    txpower_0dbm_reg                         0x200000a4   Data           4  rf_phy.o(.data)
    txpower_4dbm_reg                         0x200000a8   Data           4  rf_phy.o(.data)
    txpower_8dbm_reg                         0x200000ac   Data           4  rf_phy.o(.data)
    txpower_10dbm_reg                        0x200000b0   Data           4  rf_phy.o(.data)
    addr_TxFIFO                              0x200000b4   Data           4  rf_phy.o(.data)
    Phy_pll_bank_freqIdx                     0x200000b8   Data           5  rf_phy.o(.data)
    Phy_pll_bank                             0x200000bd   Data           5  rf_phy.o(.data)
    RFIP_init_reg                            0x200000c2   Data         128  rf_phy.o(.data)
    RFIP_REG_IDX                             0x20000142   Data          14  rf_phy.o(.data)
    CH_SEL_TABLE_INV                         0x20000150   Data          40  rf_phy.o(.data)
    R568_lna_agc                             0x20000178   Data          32  rf_phy.o(.data)
    R568_tia_agc                             0x20000198   Data          32  rf_phy.o(.data)
    R568_vga_agc                             0x200001b8   Data          32  rf_phy.o(.data)
    SPI_DMATxFlag                            0x200001e2   Data           1  spi.o(.data)
    SPI_DMARxFlag                            0x200001e3   Data           1  spi.o(.data)
    SysTick_DelayTicks                       0x200001e4   Data           4  systick.o(.data)
    tbPresc                                  0x200001e8   Data          16  hal_rcc.o(.data)
    __stdout                                 0x200001f8   Data           4  stdout.o(.data)
    TAB_ZERO_128                             0x200001fc   Data         136  ll.o(.bss)
    LL_Adv_Para                              0x20000284   Data          82  ll.o(.bss)
    LL_Conn_Para                             0x200002d8   Data         680  ll.o(.bss)
    LL_WhiteList_Para                        0x20000580   Data          28  ll.o(.bss)
    TmrBlk_LL                                0x2000059c   Data          72  ll.o(.bss)
    RFIP_reg_MEM                             0x200005e4   Data          14  rf_phy.o(.bss)
    CH_PLL_bank_Table                        0x200005f2   Data          40  rf_phy.o(.bss)
    __initial_sp                             0x20000a20   Data           0  startup_mm32f032xx_s_keil.o(STACK)



==============================================================================

Memory Map of the image

  Image Entry point : 0x080000c1

  Load Region LR_IROM1 (Base: 0x08000000, Size: 0x00002ef8, Max: 0x00010000, ABSOLUTE, COMPRESSED[0x00002e80])

    Execution Region ER_IROM1 (Exec base: 0x08000000, Load base: 0x08000000, Size: 0x00002cfc, Max: 0x00010000, ABSOLUTE)

    Exec Addr    Load Addr    Size         Type   Attr      Idx    E Section Name        Object

    0x08000000   0x08000000   0x000000c0   Data   RO           68    RESET               startup_mm32f032xx_s_keil.o
    0x080000c0   0x080000c0   0x00000000   Code   RO         3884  * .ARM.Collect$$$$00000000  mc_p.l(entry.o)
    0x080000c0   0x080000c0   0x00000004   Code   RO         4160    .ARM.Collect$$$$00000001  mc_p.l(entry2.o)
    0x080000c4   0x080000c4   0x00000004   Code   RO         4163    .ARM.Collect$$$$00000004  mc_p.l(entry5.o)
    0x080000c8   0x080000c8   0x00000000   Code   RO         4165    .ARM.Collect$$$$00000008  mc_p.l(entry7b.o)
    0x080000c8   0x080000c8   0x00000000   Code   RO         4167    .ARM.Collect$$$$0000000A  mc_p.l(entry8b.o)
    0x080000c8   0x080000c8   0x00000008   Code   RO         4168    .ARM.Collect$$$$0000000B  mc_p.l(entry9a.o)
    0x080000d0   0x080000d0   0x00000004   Code   RO         4175    .ARM.Collect$$$$0000000E  mc_p.l(entry12b.o)
    0x080000d4   0x080000d4   0x00000000   Code   RO         4170    .ARM.Collect$$$$0000000F  mc_p.l(entry10a.o)
    0x080000d4   0x080000d4   0x00000000   Code   RO         4172    .ARM.Collect$$$$00000011  mc_p.l(entry11a.o)
    0x080000d4   0x080000d4   0x00000004   Code   RO         4161    .ARM.Collect$$$$00002712  mc_p.l(entry2.o)
    0x080000d8   0x080000d8   0x00000006   Code   RO           75    .emb_text           main.o
    0x080000de   0x080000de   0x00000002   PAD
    0x080000e0   0x080000e0   0x00000058   Code   RO           69    .text               startup_mm32f032xx_s_keil.o
    0x08000138   0x08000138   0x0000002c   Code   RO         3887    .text               mc_p.l(uidiv.o)
    0x08000164   0x08000164   0x00000028   Code   RO         3889    .text               mc_p.l(idiv.o)
    0x0800018c   0x0800018c   0x00000024   Code   RO         3893    .text               mc_p.l(memseta.o)
    0x080001b0   0x080001b0   0x00000060   Code   RO         4177    .text               mc_p.l(uldiv.o)
    0x08000210   0x08000210   0x00000024   Code   RO         4190    .text               mc_p.l(init.o)
    0x08000234   0x08000234   0x00000020   Code   RO         4192    .text               mc_p.l(llshl.o)
    0x08000254   0x08000254   0x00000022   Code   RO         4194    .text               mc_p.l(llushr.o)
    0x08000276   0x08000276   0x00000056   Code   RO         4210    .text               mc_p.l(__dczerorl2.o)
    0x080002cc   0x080002cc   0x0000005c   Code   RO         1117    i.BSP_SPI_BLE_Init  bsp_spi_ble.o
    0x08000328   0x08000328   0x0000007c   Code   RO           76    i.BleApp_Main       main.o
    0x080003a4   0x080003a4   0x0000000c   Code   RO          521    i.BleTxFIFOAddr_Get  rf_phy.o
    0x080003b0   0x080003b0   0x00000022   Code   RO          522    i.Ble_SW_Init       rf_phy.o
    0x080003d2   0x080003d2   0x00000002   PAD
    0x080003d4   0x080003d4   0x00000034   Code   RO          903    i.DMA1_Channel2_3_IRQHandler  spi.o
    0x08000408   0x08000408   0x00000038   Code   RO          904    i.DMA1_Channel4_5_IRQHandler  spi.o
    0x08000440   0x08000440   0x0000000c   Code   RO         2763    i.DMA_ClearITPendingBit  hal_dma.o
    0x0800044c   0x0800044c   0x0000000c   Code   RO         2764    i.DMA_Cmd           hal_dma.o
    0x08000458   0x08000458   0x00000030   Code   RO         2765    i.DMA_DeInit        hal_dma.o
    0x08000488   0x08000488   0x00000014   Code   RO         2768    i.DMA_GetITStatus   hal_dma.o
    0x0800049c   0x0800049c   0x00000010   Code   RO         2769    i.DMA_ITConfig      hal_dma.o
    0x080004ac   0x080004ac   0x0000004c   Code   RO         2770    i.DMA_Init          hal_dma.o
    0x080004f8   0x080004f8   0x0000001c   Code   RO         2771    i.DMA_StructInit    hal_dma.o
    0x08000514   0x08000514   0x00000038   Code   RO         1076    i.EXTI4_15_IRQHandler  bsp_irq_gpio.o
    0x0800054c   0x0800054c   0x0000000c   Code   RO         2864    i.EXTI_ClearITPendingBit  hal_exti.o
    0x08000558   0x08000558   0x0000001c   Code   RO         2869    i.EXTI_GetITStatus  hal_exti.o
    0x08000574   0x08000574   0x00000058   Code   RO         2870    i.EXTI_Init         hal_exti.o
    0x080005cc   0x080005cc   0x00000028   Code   RO         2871    i.EXTI_LineConfig   hal_exti.o
    0x080005f4   0x080005f4   0x0000000c   Code   RO          278    i.ErrorEntry        kernel.o
    0x08000600   0x08000600   0x00000086   Code   RO         1624    i.GPIO_Init         hal_gpio.o
    0x08000686   0x08000686   0x00000020   Code   RO         1625    i.GPIO_PinAFConfig  hal_gpio.o
    0x080006a6   0x080006a6   0x0000000a   Code   RO         1629    i.GPIO_ReadInputDataBit  hal_gpio.o
    0x080006b0   0x080006b0   0x00000004   Code   RO         1632    i.GPIO_ResetBits    hal_gpio.o
    0x080006b4   0x080006b4   0x00000004   Code   RO         1633    i.GPIO_SetBits      hal_gpio.o
    0x080006b8   0x080006b8   0x00000010   Code   RO         1634    i.GPIO_StructInit   hal_gpio.o
    0x080006c8   0x080006c8   0x00000012   Code   RO          281    i.Knl_CodeCpy       kernel.o
    0x080006da   0x080006da   0x00000020   Code   RO          286    i.Knl_MemComp_Isr   kernel.o
    0x080006fa   0x080006fa   0x00000002   PAD
    0x080006fc   0x080006fc   0x000005d8   Code   RO          471    i.LLTimer_Isr       ll_open.o
    0x08000cd4   0x08000cd4   0x00000044   Code   RO          376    i.LLTimer_TmrRefUpd_Isr  ll.o
    0x08000d18   0x08000d18   0x00000108   Code   RO          472    i.LLWTR_Isr         ll_open.o
    0x08000e20   0x08000e20   0x000000b0   Code   RO          473    i.LL_GPIO_Isr       ll_open.o
    0x08000ed0   0x08000ed0   0x00000002   Code   RO          377    i.LL_MsgBlk_LL_conn_Para_Rls  ll.o
    0x08000ed2   0x08000ed2   0x00000002   PAD
    0x08000ed4   0x08000ed4   0x00000038   Code   RO          378    i.LL_ReleaseConnID  ll.o
    0x08000f0c   0x08000f0c   0x00000030   Code   RO          379    i.LL_TmrBlk_Pt_PairRst  ll.o
    0x08000f3c   0x08000f3c   0x0000003c   Code   RO          380    i.LL_TmrBlk_Rls     ll.o
    0x08000f78   0x08000f78   0x0000004c   Code   RO          381    i.LL_TmrBlk_Rls_Pair  ll.o
    0x08000fc4   0x08000fc4   0x00000058   Code   RO          476    i.LL_TxEnter_Isr    ll_open.o
    0x0800101c   0x0800101c   0x0000003a   Code   RO         1077    i.MCU_GpioIntDisable  bsp_irq_gpio.o
    0x08001056   0x08001056   0x0000003e   Code   RO         1078    i.MCU_GpioIntEnable  bsp_irq_gpio.o
    0x08001094   0x08001094   0x0000002c   Code   RO         1079    i.MCU_GpioPinInit   bsp_irq_gpio.o
    0x080010c0   0x080010c0   0x00000050   Code   RO         3252    i.NVIC_Init         hal_misc.o
    0x08001110   0x08001110   0x00000044   Code   RO         1001    i.NVIC_SetPriority  systick.o
    0x08001154   0x08001154   0x00000018   Code   RO         2305    i.RCC_AHBPeriphClockCmd  hal_rcc.o
    0x0800116c   0x0800116c   0x00000018   Code   RO         2307    i.RCC_APB1PeriphClockCmd  hal_rcc.o
    0x08001184   0x08001184   0x00000018   Code   RO         2309    i.RCC_APB2PeriphClockCmd  hal_rcc.o
    0x0800119c   0x0800119c   0x00000020   Code   RO         2318    i.RCC_GetHCLKFreq   hal_rcc.o
    0x080011bc   0x080011bc   0x00000020   Code   RO         2320    i.RCC_GetPCLK1Freq  hal_rcc.o
    0x080011dc   0x080011dc   0x00000020   Code   RO         2321    i.RCC_GetPCLK2Freq  hal_rcc.o
    0x080011fc   0x080011fc   0x00000048   Code   RO         2323    i.RCC_GetSysClockFreq  hal_rcc.o
    0x08001244   0x08001244   0x0000000e   Code   RO          527    i.RF_CRCInit        rf_phy.o
    0x08001252   0x08001252   0x00000014   Code   RO          528    i.RF_CRCchk         rf_phy.o
    0x08001266   0x08001266   0x00000002   PAD
    0x08001268   0x08001268   0x0000002c   Code   RO          529    i.RF_DC_Rstr_Isr    rf_phy.o
    0x08001294   0x08001294   0x00000144   Code   RO          535    i.RF_Init           rf_phy.o
    0x080013d8   0x080013d8   0x00000018   Code   RO          537    i.RF_LE_HeaderStsLen_Tx  rf_phy.o
    0x080013f0   0x080013f0   0x00000068   Code   RO           77    i.RF_Open           main.o
    0x08001458   0x08001458   0x00000018   Code   RO          538    i.RF_PLL_VCO_Bank_set  rf_phy.o
    0x08001470   0x08001470   0x00000040   Code   RO          539    i.RF_PowerSaving_En_Isr  rf_phy.o
    0x080014b0   0x080014b0   0x0000000c   Code   RO          543    i.RF_RxFIFOrst      rf_phy.o
    0x080014bc   0x080014bc   0x0000000c   Code   RO          544    i.RF_RxLengthLimit  rf_phy.o
    0x080014c8   0x080014c8   0x00000058   Code   RO          545    i.RF_Set_TxPowerLevel_Isr  rf_phy.o
    0x08001520   0x08001520   0x0000009c   Code   RO           78    i.RF_SpiIoMapping   main.o
    0x080015bc   0x080015bc   0x00000028   Code   RO          546    i.RF_SymbolRate_Patch_1M_2M  rf_phy.o
    0x080015e4   0x080015e4   0x00000024   Code   RO          547    i.RF_SymbolRate_set  rf_phy.o
    0x08001608   0x08001608   0x000000d4   Code   RO          551    i.RF_Tmr_Periodic_initial  rf_phy.o
    0x080016dc   0x080016dc   0x0000005c   Code   RO          552    i.RF_Tmr_Periodic_set_ISR  rf_phy.o
    0x08001738   0x08001738   0x00000018   Code   RO          553    i.RF_TxAutoAckOff   rf_phy.o
    0x08001750   0x08001750   0x00000018   Code   RO          554    i.RF_TxAutoAckOn    rf_phy.o
    0x08001768   0x08001768   0x00000018   Code   RO          555    i.RF_TxFIFO_ADVData_set  rf_phy.o
    0x08001780   0x08001780   0x00000018   Code   RO          556    i.RF_TxFIFO_ADVaddr_set  rf_phy.o
    0x08001798   0x08001798   0x00000014   Code   RO          558    i.RF_TxFIFO_OriginAddr_set  rf_phy.o
    0x080017ac   0x080017ac   0x00000080   Code   RO          559    i.RF_Voltage_Det    rf_phy.o
    0x0800182c   0x0800182c   0x00000014   Code   RO          560    i.RF_WTR_EnChk      rf_phy.o
    0x08001840   0x08001840   0x00000018   Code   RO          563    i.RF_WTR_intOff     rf_phy.o
    0x08001858   0x08001858   0x00000018   Code   RO          564    i.RF_WTR_intOn      rf_phy.o
    0x08001870   0x08001870   0x00000034   Code   RO          382    i.RF_cmpFIFO_BDAddr  ll.o
    0x080018a4   0x080018a4   0x00000044   Code   RO          383    i.RF_cmpFIFO_WhiteList  ll.o
    0x080018e8   0x080018e8   0x0000004c   Code   RO         1118    i.SPI_1BYT_SetRx    bsp_spi_ble.o
    0x08001934   0x08001934   0x00000054   Code   RO         1119    i.SPI_1BYT_SetRx_Isr  bsp_spi_ble.o
    0x08001988   0x08001988   0x00000048   Code   RO         1120    i.SPI_1BYT_SetTx    bsp_spi_ble.o
    0x080019d0   0x080019d0   0x00000044   Code   RO         1121    i.SPI_1BYT_SetTx_Isr  bsp_spi_ble.o
    0x08001a14   0x08001a14   0x00000064   Code   RO         1122    i.SPI_2BYT_SetTx_Isr  bsp_spi_ble.o
    0x08001a78   0x08001a78   0x0000002e   Code   RO         3470    i.SPI_BiDirectionalLineConfig  hal_spi.o
    0x08001aa6   0x08001aa6   0x00000014   Code   RO         3471    i.SPI_CSInternalSelected  hal_spi.o
    0x08001aba   0x08001aba   0x00000014   Code   RO         3473    i.SPI_Cmd           hal_spi.o
    0x08001ace   0x08001ace   0x00000014   Code   RO         3474    i.SPI_DMACmd        hal_spi.o
    0x08001ae2   0x08001ae2   0x00000002   PAD
    0x08001ae4   0x08001ae4   0x00000038   Code   RO           79    i.SPI_GPIO_Init     main.o
    0x08001b1c   0x08001b1c   0x0000006e   Code   RO         3481    i.SPI_Init          hal_spi.o
    0x08001b8a   0x08001b8a   0x0000000a   Code   RO         1123    i.SPI_PDMA_SetRx_Isr  bsp_spi_ble.o
    0x08001b94   0x08001b94   0x0000005c   Code   RO         1124    i.SPI_PDMA_SetRx_Isr_Old  bsp_spi_ble.o
    0x08001bf0   0x08001bf0   0x0000000a   Code   RO         1125    i.SPI_PDMA_SetTx    bsp_spi_ble.o
    0x08001bfa   0x08001bfa   0x00000002   PAD
    0x08001bfc   0x08001bfc   0x00000064   Code   RO         1126    i.SPI_PDMA_SetTx_Old  bsp_spi_ble.o
    0x08001c60   0x08001c60   0x00000004   Code   RO         1127    i.SPI_PDMA_waitFinish  bsp_spi_ble.o
    0x08001c64   0x08001c64   0x0000001a   Code   RO         3487    i.SPI_StructInit    hal_spi.o
    0x08001c7e   0x08001c7e   0x00000002   PAD
    0x08001c80   0x08001c80   0x00000164   Code   RO          909    i.SPIx_Configure    spi.o
    0x08001de4   0x08001de4   0x00000120   Code   RO          910    i.SPIx_DMA_Configure  spi.o
    0x08001f04   0x08001f04   0x00000030   Code   RO          911    i.SPIx_DMA_InterruptConfigure  spi.o
    0x08001f34   0x08001f34   0x000000d8   Code   RO          912    i.SPIx_DMA_RxData   spi.o
    0x0800200c   0x0800200c   0x000000cc   Code   RO          913    i.SPIx_DMA_TxData   spi.o
    0x080020d8   0x080020d8   0x00000034   Code   RO          914    i.SPIx_ReadWriteByte  spi.o
    0x0800210c   0x0800210c   0x000000d0   Code   RO            4    i.SetSysClockTo48   system_mm32f032xx_s.o
    0x080021dc   0x080021dc   0x00000010   Code   RO         1002    i.SysTick_DelayMs   systick.o
    0x080021ec   0x080021ec   0x00000014   Code   RO         1003    i.SysTick_Handler   systick.o
    0x08002200   0x08002200   0x00000048   Code   RO         1004    i.SysTick_Init      systick.o
    0x08002248   0x08002248   0x00000054   Code   RO            5    i.SystemInit        system_mm32f032xx_s.o
    0x0800229c   0x0800229c   0x0000000c   Code   RO         3626    i.UART_Cmd          hal_uart.o
    0x080022a8   0x080022a8   0x0000000a   Code   RO         3630    i.UART_GetFlagStatus  hal_uart.o
    0x080022b2   0x080022b2   0x00000002   PAD
    0x080022b4   0x080022b4   0x00000070   Code   RO         3634    i.UART_Init         hal_uart.o
    0x08002324   0x08002324   0x00000006   Code   RO         3638    i.UART_SendData     hal_uart.o
    0x0800232a   0x0800232a   0x00000018   Code   RO         3647    i.UART_StructInit   hal_uart.o
    0x08002342   0x08002342   0x00000002   PAD
    0x08002344   0x08002344   0x0000012c   Code   RO         1047    i.UARTx_Configure   uart.o
    0x08002470   0x08002470   0x00000020   Code   RO         4032    i.__0printf$5       mc_p.l(printf5.o)
    0x08002490   0x08002490   0x0000000e   Code   RO         4204    i.__scatterload_copy  mc_p.l(handlers.o)
    0x0800249e   0x0800249e   0x00000002   Code   RO         4205    i.__scatterload_null  mc_p.l(handlers.o)
    0x080024a0   0x080024a0   0x0000000e   Code   RO         4206    i.__scatterload_zeroinit  mc_p.l(handlers.o)
    0x080024ae   0x080024ae   0x00000002   PAD
    0x080024b0   0x080024b0   0x000002d4   Code   RO         4039    i._printf_core      mc_p.l(printf5.o)
    0x08002784   0x08002784   0x00000020   Code   RO           81    i.delay_us          main.o
    0x080027a4   0x080027a4   0x00000020   Code   RO         2875    i.exEXTI_LineDisable  hal_exti.o
    0x080027c4   0x080027c4   0x00000024   Code   RO         1048    i.fputc             uart.o
    0x080027e8   0x080027e8   0x00000024   Code   RO          565    i.initBLEsw         rf_phy.o
    0x0800280c   0x0800280c   0x00000014   Code   RO          566    i.initInt           rf_phy.o
    0x08002820   0x08002820   0x00000084   Code   RO          384    i.initLL            ll.o
    0x080028a4   0x080028a4   0x000000d4   Code   RO           82    i.main              main.o
    0x08002978   0x08002978   0x00000068   Code   RO          567    i.rafael_pll_bank_get  rf_phy.o
    0x080029e0   0x080029e0   0x0000012c   Code   RO          568    i.rafael_pll_calibration  rf_phy.o
    0x08002b0c   0x08002b0c   0x00000038   Code   RO          569    i.rafael_reset_phy_fsm  rf_phy.o
    0x08002b44   0x08002b44   0x00000030   Code   RO          570    i.rafael_reset_phy_fsm_Isr  rf_phy.o
    0x08002b74   0x08002b74   0x0000001c   Code   RO          571    i.rafael_spi_clear_fifo  rf_phy.o
    0x08002b90   0x08002b90   0x0000001c   Code   RO          572    i.rafael_spi_clear_tx_fifo_cnt  rf_phy.o
    0x08002bac   0x08002bac   0x00000020   Code   RO          573    i.setChannel_BLE    rf_phy.o
    0x08002bcc   0x08002bcc   0x000000f0   Code   RO           83    i.spiGpioWriteReg   main.o
    0x08002cbc   0x08002cbc   0x00000008   Data   RO          916    .constdata          spi.o
    0x08002cc4   0x08002cc4   0x00000016   Data   RO         1129    .constdata          bsp_spi_ble.o
    0x08002cda   0x08002cda   0x00000002   PAD
    0x08002cdc   0x08002cdc   0x00000020   Data   RO         4202    Region$$Table       anon$$obj.o


    Execution Region RW_IRAM1 (Exec base: 0x20000000, Load base: 0x08002cfc, Size: 0x00000a20, Max: 0x00004000, ABSOLUTE, COMPRESSED[0x00000184])

    Exec Addr    Load Addr    Size         Type   Attr      Idx    E Section Name        Object

    0x20000000   COMPRESSED   0x00000004   Data   RW            6    .data               system_mm32f032xx_s.o
    0x20000004   COMPRESSED   0x00000037   Data   RW           84    .data               main.o
    0x2000003b   COMPRESSED   0x00000005   PAD
    0x20000040   COMPRESSED   0x00000038   Data   RW          387    .data               ll.o
    0x20000078   COMPRESSED   0x00000004   Data   RW          390    .data               ll.o
    0x2000007c   COMPRESSED   0x00000003   Data   RW          391    .data               ll.o
    0x2000007f   COMPRESSED   0x00000007   Data   RW          392    .data               ll.o
    0x20000086   COMPRESSED   0x00000004   Data   RW          394    .data               ll.o
    0x2000008a   COMPRESSED   0x00000002   PAD
    0x2000008c   COMPRESSED   0x00000004   Data   RW          396    .data               ll.o
    0x20000090   COMPRESSED   0x00000002   Data   RW          397    .data               ll.o
    0x20000092   COMPRESSED   0x00000004   Data   RW          401    .data               ll.o
    0x20000096   COMPRESSED   0x00000001   Data   RW          402    .data               ll.o
    0x20000097   COMPRESSED   0x00000001   PAD
    0x20000098   COMPRESSED   0x0000014a   Data   RW          582    .data               rf_phy.o
    0x200001e2   COMPRESSED   0x00000002   Data   RW          917    .data               spi.o
    0x200001e4   COMPRESSED   0x00000004   Data   RW         1005    .data               systick.o
    0x200001e8   COMPRESSED   0x00000010   Data   RW         2346    .data               hal_rcc.o
    0x200001f8   COMPRESSED   0x00000004   Data   RW         4176    .data               mc_p.l(stdout.o)
    0x200001fc        -       0x000003e8   Zero   RW          385    .bss                ll.o
    0x200005e4        -       0x00000036   Zero   RW          580    .bss                rf_phy.o
    0x2000061a   COMPRESSED   0x00000006   PAD
    0x20000620        -       0x00000400   Zero   RW           66    STACK               startup_mm32f032xx_s_keil.o


==============================================================================

Image component sizes


      Code (inc. data)   RO Data    RW Data    ZI Data      Debug   Object Name

       220         10          0          0          0       2501   bsp_irq_gpio.o
       708         50         22          0          0       7329   bsp_spi_ble.o
       212         20          0          0          0       6288   hal_dma.o
       200         28          0          0          0       5847   hal_exti.o
       200          0          0          0          0       6549   hal_gpio.o
        80         10          0          0          0       2196   hal_misc.o
       240         60          0         16          0       7624   hal_rcc.o
       242          0          0          0          0       7390   hal_spi.o
       164          4          0          0          0       4810   hal_uart.o
        62          0          0          0          0       2209   kernel.o
       562         76          0         85       1000       8995   ll.o
      2024        206          0          0          0       6821   ll_open.o
       930        182          0         55          0      35930   main.o
      2016        218          0        330         54      22119   rf_phy.o
      1272         88          8          2          0       6569   spi.o
        88         38        192          0       1024        752   startup_mm32f032xx_s_keil.o
       292         30          0          4          0     132869   system_mm32f032xx_s.o
       176         24          0          4          0       8440   systick.o
       336         16          0          0          0       1914   uart.o

    ----------------------------------------------------------------------
     10044       1060        256        504       2084     277152   Object Totals
         0          0         32          0          0          0   (incl. Generated)
        20          0          2          8          6          0   (incl. Padding)

    ----------------------------------------------------------------------

      Code (inc. data)   RO Data    RW Data    ZI Data      Debug   Library Member Name

        86          0          0          0          0          0   __dczerorl2.o
         0          0          0          0          0          0   entry.o
         0          0          0          0          0          0   entry10a.o
         0          0          0          0          0          0   entry11a.o
         4          0          0          0          0          0   entry12b.o
         8          4          0          0          0          0   entry2.o
         4          0          0          0          0          0   entry5.o
         0          0          0          0          0          0   entry7b.o
         0          0          0          0          0          0   entry8b.o
         8          4          0          0          0          0   entry9a.o
        30          0          0          0          0          0   handlers.o
        40          0          0          0          0         72   idiv.o
        36          8          0          0          0         68   init.o
        32          0          0          0          0         68   llshl.o
        34          0          0          0          0         68   llushr.o
        36          0          0          0          0        100   memseta.o
       756         52          0          0          0        168   printf5.o
         0          0          0          4          0          0   stdout.o
        44          0          0          0          0         72   uidiv.o
        96          0          0          0          0         84   uldiv.o

    ----------------------------------------------------------------------
      1216         68          0          4          0        700   Library Totals
         2          0          0          0          0          0   (incl. Padding)

    ----------------------------------------------------------------------

      Code (inc. data)   RO Data    RW Data    ZI Data      Debug   Library Name

      1214         68          0          4          0        700   mc_p.l

    ----------------------------------------------------------------------
      1216         68          0          4          0        700   Library Totals

    ----------------------------------------------------------------------

==============================================================================


      Code (inc. data)   RO Data    RW Data    ZI Data      Debug   

     11260       1128        256        508       2084     272436   Grand Totals
     11260       1128        256        388       2084     272436   ELF Image Totals (compressed)
     11260       1128        256        388          0          0   ROM Totals

==============================================================================

    Total RO  Size (Code + RO Data)                11516 (  11.25kB)
    Total RW  Size (RW Data + ZI Data)              2592 (   2.53kB)
    Total ROM Size (Code + RO Data + RW Data)      11904 (  11.63kB)

==============================================================================

